=== ANALYSIS_NAME=COMPERA_16 ===
Finished reading file: ./tools/unsorted.txt
Size of array: 1024
Number subarry M = 5
[FrameworkStandard_Quick] Number of Similar = 0
[FrameworkStandard_Quick] Number of Ascending = 38
[FrameworkStandard_Quick] Number of Descending = 61
[FrameworkStandard_Quick] Number of SubArrays = 19
[FrameworkRTL_Quick] Number of Similar = 0
[FrameworkRTL_Quick] Number of Ascending = 0
[FrameworkRTL_Quick] Number of Descending = 0
[FrameworkRTL_Quick] Number of SubArrays = 32

Sort algorithm                Check sorted   Time (ns)           Number Swap         Number Compare      
--------------------------------------------------------------------------------------------------------------
Data Set                      FAIL           0                   0                   0                   
--------------------------------------------------------------------------------------------------------------
QuickSort                     PASS           42213               11515               5771                
--------------------------------------------------------------------------------------------------------------
FrameworkStandard_Quick       PASS           58970               37392               19250               
--------------------------------------------------------------------------------------------------------------
FrameworkRTL_Quick            PASS           51213               4796                2490                
--------------------------------------------------------------------------------------------------------------
=== ANALYSIS_NAME=COMPERA_16 ===
Finished reading file: ./tools/unsorted.txt
Size of array: 1024
Number subarry M = 10
[FrameworkStandard_Quick] Number of Similar = 0
[FrameworkStandard_Quick] Number of Ascending = 182
[FrameworkStandard_Quick] Number of Descending = 215
[FrameworkStandard_Quick] Number of SubArrays = 0
[FrameworkRTL_Quick] Number of Similar = 0
[FrameworkRTL_Quick] Number of Ascending = 382
[FrameworkRTL_Quick] Number of Descending = 0
[FrameworkRTL_Quick] Number of SubArrays = 176

Sort algorithm                Check sorted   Time (ns)           Number Swap         Number Compare      
--------------------------------------------------------------------------------------------------------------
Data Set                      FAIL           0                   0                   0                   
--------------------------------------------------------------------------------------------------------------
QuickSort                     PASS           51251               11515               5771                
--------------------------------------------------------------------------------------------------------------
FrameworkStandard_Quick       PASS           83103               0                   0                   
--------------------------------------------------------------------------------------------------------------
FrameworkRTL_Quick            PASS           95021               549                 315                 
--------------------------------------------------------------------------------------------------------------
=== ANALYSIS_NAME=COMPERA_16 ===
Finished reading file: ./tools/unsorted.txt
Size of array: 1048576
Number subarry M = 16
[FrameworkStandard_Quick] Number of Similar = 413
[FrameworkStandard_Quick] Number of Ascending = 19606
[FrameworkStandard_Quick] Number of Descending = 23195
[FrameworkStandard_Quick] Number of SubArrays = 120
[FrameworkRTL_Quick] Number of Similar = 0
[FrameworkRTL_Quick] Number of Ascending = 0
[FrameworkRTL_Quick] Number of Descending = 0
[FrameworkRTL_Quick] Number of SubArrays = 65536

Sort algorithm                Check sorted   Time (ns)           Number Swap         Number Compare      
--------------------------------------------------------------------------------------------------------------
Data Set                      FAIL           0                   0                   0                   
--------------------------------------------------------------------------------------------------------------
QuickSort                     PASS           79566567            25069490            12511004            
--------------------------------------------------------------------------------------------------------------
FrameworkStandard_Quick       PASS           106096522           844963838           419072306           
--------------------------------------------------------------------------------------------------------------
FrameworkRTL_Quick            PASS           107097781           3582510             1897069             
--------------------------------------------------------------------------------------------------------------
