--------------------------------------------------------------------------------
Command:            ./main 5 2
Massif arguments:   --stacks=yes --massif-out-file=Reports/ANALYSIS_DIR/checkmemory/MergeSort_Convulation_Result.out
ms_print arguments: Reports/ANALYSIS_DIR/checkmemory/MergeSort_Convulation_Result.out
--------------------------------------------------------------------------------


    MB
1.134^                                                                     #  
     |                                                                  @@:#  
     |                                                                 @@@:#::
     |                                                                 @@@:#::
     |                                                                 @@@:#::
     |                                                                 @@@:#::
     |            @                                                    @@@:#::
     |            @                                                    @@@:#::
     |            @                                                    @@@:#::
     |            @                                                    @@@:#::
     |            @::::::@:@:::::::::::::@::::::@::::@:::::@:::::@:::::@@@:#::
     |            @::::::@:@: :::::::::::@::::::@::::@:::::@:::::@:::::@@@:#::
     |            @::::::@:@: :::::::::::@::::::@::::@:::::@:::::@:::::@@@:#::
     |            @::::::@:@: :::::::::::@::::::@::::@:::::@:::::@:::::@@@:#::
     |            @::::::@:@: :::::::::::@::::::@::::@:::::@:::::@:::::@@@:#::
     |      ::::::@::::::@:@: :::::::::::@::::::@::::@:::::@:::::@:::::@@@:#::
     |   @  ::::::@::::::@:@: :::::::::::@::::::@::::@:::::@:::::@:::::@@@:#::
     |   @::::::::@::::::@:@: :::::::::::@::::::@::::@:::::@:::::@:::::@@@:#::
     |  :@::::::::@::::::@:@: :::::::::::@::::::@::::@:::::@:::::@:::::@@@:#::
     |@::@::::::::@::::::@:@: :::::::::::@::::::@::::@:::::@:::::@:::::@@@:#::
   0 +----------------------------------------------------------------------->Mi
     0                                                                   829.7

Number of snapshots: 98
 Detailed snapshots: [1, 4, 13, 20, 22, 37, 46, 53, 63, 73, 83, 84, 87, 89, 92 (peak)]

--------------------------------------------------------------------------------
  n        time(i)         total(B)   useful-heap(B) extra-heap(B)    stacks(B)
--------------------------------------------------------------------------------
  0              0                0                0             0            0
  1      7,158,426          107,440          105,965            67        1,408
98.63% (105,965B) (heap allocation functions) malloc/new/new[], --alloc-fns, etc.
->67.67% (72,704B) 0x4914939: ??? (in /usr/lib/x86_64-linux-gnu/libstdc++.so.6.0.30)
| ->67.67% (72,704B) 0x400647D: call_init.part.0 (dl-init.c:70)
|   ->67.67% (72,704B) 0x4006567: call_init (dl-init.c:33)
|     ->67.67% (72,704B) 0x4006567: _dl_init (dl-init.c:117)
|       ->67.67% (72,704B) 0x40202C9: ??? (in /usr/lib/x86_64-linux-gnu/ld-linux-x86-64.so.2)
|         ->67.67% (72,704B) 0x2: ???
|           ->67.67% (72,704B) 0x1FFF0003A6: ???
|             ->67.67% (72,704B) 0x1FFF0003AD: ???
|               ->67.67% (72,704B) 0x1FFF0003AF: ???
|                 
->22.87% (24,576B) 0x10B2A2: void std::vector<float, std::allocator<float> >::_M_realloc_insert<float const&>(__gnu_cxx::__normal_iterator<float*, std::vector<float, std::allocator<float> > >, float const&) (in /home/noname/Documents/project_tiny/Sort_on_FPGA/Version1/01_slt/main)
| ->22.87% (24,576B) 0x10D46A: void ReadDataToFile_DEC<float>(std::__cxx11::basic_string<char, std::char_traits<char>, std::allocator<char> > const&, std::vector<float, std::allocator<float> >&) (in /home/noname/Documents/project_tiny/Sort_on_FPGA/Version1/01_slt/main)
|   ->22.87% (24,576B) 0x10A7F9: main (in /home/noname/Documents/project_tiny/Sort_on_FPGA/Version1/01_slt/main)
|     
->07.62% (8,192B) 0x497F023: std::basic_filebuf<char, std::char_traits<char> >::_M_allocate_internal_buffer() (in /usr/lib/x86_64-linux-gnu/libstdc++.so.6.0.30)
| ->07.62% (8,192B) 0x4983015: std::basic_filebuf<char, std::char_traits<char> >::open(char const*, std::_Ios_Openmode) (in /usr/lib/x86_64-linux-gnu/libstdc++.so.6.0.30)
|   ->07.62% (8,192B) 0x10D2F2: void ReadDataToFile_DEC<float>(std::__cxx11::basic_string<char, std::char_traits<char>, std::allocator<char> > const&, std::vector<float, std::allocator<float> >&) (in /home/noname/Documents/project_tiny/Sort_on_FPGA/Version1/01_slt/main)
|     ->07.62% (8,192B) 0x10A7F9: main (in /home/noname/Documents/project_tiny/Sort_on_FPGA/Version1/01_slt/main)
|       
->00.46% (493B) in 1+ places, all below ms_print's threshold (01.00%)

--------------------------------------------------------------------------------
  n        time(i)         total(B)   useful-heap(B) extra-heap(B)    stacks(B)
--------------------------------------------------------------------------------
  2     19,408,694          115,976          114,214            74        1,688
  3     32,058,239          149,032          146,982            74        1,976
  4     39,912,843          279,472          277,997            67        1,408
99.47% (277,997B) (heap allocation functions) malloc/new/new[], --alloc-fns, etc.
->70.35% (196,608B) 0x10B2A2: void std::vector<float, std::allocator<float> >::_M_realloc_insert<float const&>(__gnu_cxx::__normal_iterator<float*, std::vector<float, std::allocator<float> > >, float const&) (in /home/noname/Documents/project_tiny/Sort_on_FPGA/Version1/01_slt/main)
| ->70.35% (196,608B) 0x10D46A: void ReadDataToFile_DEC<float>(std::__cxx11::basic_string<char, std::char_traits<char>, std::allocator<char> > const&, std::vector<float, std::allocator<float> >&) (in /home/noname/Documents/project_tiny/Sort_on_FPGA/Version1/01_slt/main)
|   ->70.35% (196,608B) 0x10A7F9: main (in /home/noname/Documents/project_tiny/Sort_on_FPGA/Version1/01_slt/main)
|     
->26.01% (72,704B) 0x4914939: ??? (in /usr/lib/x86_64-linux-gnu/libstdc++.so.6.0.30)
| ->26.01% (72,704B) 0x400647D: call_init.part.0 (dl-init.c:70)
|   ->26.01% (72,704B) 0x4006567: call_init (dl-init.c:33)
|     ->26.01% (72,704B) 0x4006567: _dl_init (dl-init.c:117)
|       ->26.01% (72,704B) 0x40202C9: ??? (in /usr/lib/x86_64-linux-gnu/ld-linux-x86-64.so.2)
|         ->26.01% (72,704B) 0x2: ???
|           ->26.01% (72,704B) 0x1FFF0003A6: ???
|             ->26.01% (72,704B) 0x1FFF0003AD: ???
|               ->26.01% (72,704B) 0x1FFF0003AF: ???
|                 
->02.93% (8,192B) 0x497F023: std::basic_filebuf<char, std::char_traits<char> >::_M_allocate_internal_buffer() (in /usr/lib/x86_64-linux-gnu/libstdc++.so.6.0.30)
| ->02.93% (8,192B) 0x4983015: std::basic_filebuf<char, std::char_traits<char> >::open(char const*, std::_Ios_Openmode) (in /usr/lib/x86_64-linux-gnu/libstdc++.so.6.0.30)
|   ->02.93% (8,192B) 0x10D2F2: void ReadDataToFile_DEC<float>(std::__cxx11::basic_string<char, std::char_traits<char>, std::allocator<char> > const&, std::vector<float, std::allocator<float> >&) (in /home/noname/Documents/project_tiny/Sort_on_FPGA/Version1/01_slt/main)
|     ->02.93% (8,192B) 0x10A7F9: main (in /home/noname/Documents/project_tiny/Sort_on_FPGA/Version1/01_slt/main)
|       
->00.18% (493B) in 1+ places, all below ms_print's threshold (01.00%)

--------------------------------------------------------------------------------
  n        time(i)         total(B)   useful-heap(B) extra-heap(B)    stacks(B)
--------------------------------------------------------------------------------
  5     50,872,476          213,856          212,461            59        1,336
  6     66,198,249          214,504          212,518            74        1,912
  7     80,913,128          345,208          343,590            74        1,544
  8     92,426,112          345,144          343,590            74        1,480
  9    106,597,546          345,352          343,590            74        1,688
 10    120,142,417          345,352          343,590            74        1,688
 11    129,518,746          345,352          343,590            74        1,688
 12    143,582,371          345,640          343,590            74        1,976
 13    152,268,255          869,296          867,821            67        1,408
99.83% (867,821B) (heap allocation functions) malloc/new/new[], --alloc-fns, etc.
->90.47% (786,432B) 0x10B2A2: void std::vector<float, std::allocator<float> >::_M_realloc_insert<float const&>(__gnu_cxx::__normal_iterator<float*, std::vector<float, std::allocator<float> > >, float const&) (in /home/noname/Documents/project_tiny/Sort_on_FPGA/Version1/01_slt/main)
| ->90.47% (786,432B) 0x10D46A: void ReadDataToFile_DEC<float>(std::__cxx11::basic_string<char, std::char_traits<char>, std::allocator<char> > const&, std::vector<float, std::allocator<float> >&) (in /home/noname/Documents/project_tiny/Sort_on_FPGA/Version1/01_slt/main)
|   ->90.47% (786,432B) 0x10A7F9: main (in /home/noname/Documents/project_tiny/Sort_on_FPGA/Version1/01_slt/main)
|     
->08.36% (72,704B) 0x4914939: ??? (in /usr/lib/x86_64-linux-gnu/libstdc++.so.6.0.30)
| ->08.36% (72,704B) 0x400647D: call_init.part.0 (dl-init.c:70)
|   ->08.36% (72,704B) 0x4006567: call_init (dl-init.c:33)
|     ->08.36% (72,704B) 0x4006567: _dl_init (dl-init.c:117)
|       ->08.36% (72,704B) 0x40202C9: ??? (in /usr/lib/x86_64-linux-gnu/ld-linux-x86-64.so.2)
|         ->08.36% (72,704B) 0x2: ???
|           ->08.36% (72,704B) 0x1FFF0003A6: ???
|             ->08.36% (72,704B) 0x1FFF0003AD: ???
|               ->08.36% (72,704B) 0x1FFF0003AF: ???
|                 
->01.00% (8,685B) in 1+ places, all below ms_print's threshold (01.00%)

--------------------------------------------------------------------------------
  n        time(i)         total(B)   useful-heap(B) extra-heap(B)    stacks(B)
--------------------------------------------------------------------------------
 14    161,644,441          607,496          605,734            74        1,688
 15    172,583,341          607,296          605,734            74        1,488
 16    186,647,063          607,304          605,734            74        1,496
 17    198,159,030          607,720          605,734            74        1,912
 18    208,681,323          607,104          605,677            59        1,368
 19    221,834,554          607,768          605,734            74        1,960
 20    229,726,654          607,352          605,734            74        1,544
99.73% (605,734B) (heap allocation functions) malloc/new/new[], --alloc-fns, etc.
->86.32% (524,288B) 0x10B2A2: void std::vector<float, std::allocator<float> >::_M_realloc_insert<float const&>(__gnu_cxx::__normal_iterator<float*, std::vector<float, std::allocator<float> > >, float const&) (in /home/noname/Documents/project_tiny/Sort_on_FPGA/Version1/01_slt/main)
| ->86.32% (524,288B) 0x10D46A: void ReadDataToFile_DEC<float>(std::__cxx11::basic_string<char, std::char_traits<char>, std::allocator<char> > const&, std::vector<float, std::allocator<float> >&) (in /home/noname/Documents/project_tiny/Sort_on_FPGA/Version1/01_slt/main)
|   ->86.32% (524,288B) 0x10A7F9: main (in /home/noname/Documents/project_tiny/Sort_on_FPGA/Version1/01_slt/main)
|     
->11.97% (72,704B) 0x4914939: ??? (in /usr/lib/x86_64-linux-gnu/libstdc++.so.6.0.30)
| ->11.97% (72,704B) 0x400647D: call_init.part.0 (dl-init.c:70)
|   ->11.97% (72,704B) 0x4006567: call_init (dl-init.c:33)
|     ->11.97% (72,704B) 0x4006567: _dl_init (dl-init.c:117)
|       ->11.97% (72,704B) 0x40202C9: ??? (in /usr/lib/x86_64-linux-gnu/ld-linux-x86-64.so.2)
|         ->11.97% (72,704B) 0x2: ???
|           ->11.97% (72,704B) 0x1FFF0003A6: ???
|             ->11.97% (72,704B) 0x1FFF0003AD: ???
|               ->11.97% (72,704B) 0x1FFF0003AF: ???
|                 
->01.35% (8,192B) 0x497F023: std::basic_filebuf<char, std::char_traits<char> >::_M_allocate_internal_buffer() (in /usr/lib/x86_64-linux-gnu/libstdc++.so.6.0.30)
| ->01.35% (8,192B) 0x4983015: std::basic_filebuf<char, std::char_traits<char> >::open(char const*, std::_Ios_Openmode) (in /usr/lib/x86_64-linux-gnu/libstdc++.so.6.0.30)
|   ->01.35% (8,192B) 0x10D2F2: void ReadDataToFile_DEC<float>(std::__cxx11::basic_string<char, std::char_traits<char>, std::allocator<char> > const&, std::vector<float, std::allocator<float> >&) (in /home/noname/Documents/project_tiny/Sort_on_FPGA/Version1/01_slt/main)
|     ->01.35% (8,192B) 0x10A7F9: main (in /home/noname/Documents/project_tiny/Sort_on_FPGA/Version1/01_slt/main)
|       
->00.09% (550B) in 1+ places, all below ms_print's threshold (01.00%)

--------------------------------------------------------------------------------
  n        time(i)         total(B)   useful-heap(B) extra-heap(B)    stacks(B)
--------------------------------------------------------------------------------
 21    245,510,802          607,720          605,734            74        1,912
 22    256,033,211          607,072          605,677            59        1,336
99.77% (605,677B) (heap allocation functions) malloc/new/new[], --alloc-fns, etc.
->86.36% (524,288B) 0x10B2A2: void std::vector<float, std::allocator<float> >::_M_realloc_insert<float const&>(__gnu_cxx::__normal_iterator<float*, std::vector<float, std::allocator<float> > >, float const&) (in /home/noname/Documents/project_tiny/Sort_on_FPGA/Version1/01_slt/main)
| ->86.36% (524,288B) 0x10D46A: void ReadDataToFile_DEC<float>(std::__cxx11::basic_string<char, std::char_traits<char>, std::allocator<char> > const&, std::vector<float, std::allocator<float> >&) (in /home/noname/Documents/project_tiny/Sort_on_FPGA/Version1/01_slt/main)
|   ->86.36% (524,288B) 0x10A7F9: main (in /home/noname/Documents/project_tiny/Sort_on_FPGA/Version1/01_slt/main)
|     
->11.98% (72,704B) 0x4914939: ??? (in /usr/lib/x86_64-linux-gnu/libstdc++.so.6.0.30)
| ->11.98% (72,704B) 0x400647D: call_init.part.0 (dl-init.c:70)
|   ->11.98% (72,704B) 0x4006567: call_init (dl-init.c:33)
|     ->11.98% (72,704B) 0x4006567: _dl_init (dl-init.c:117)
|       ->11.98% (72,704B) 0x40202C9: ??? (in /usr/lib/x86_64-linux-gnu/ld-linux-x86-64.so.2)
|         ->11.98% (72,704B) 0x2: ???
|           ->11.98% (72,704B) 0x1FFF0003A6: ???
|             ->11.98% (72,704B) 0x1FFF0003AD: ???
|               ->11.98% (72,704B) 0x1FFF0003AF: ???
|                 
->01.35% (8,192B) 0x497F023: std::basic_filebuf<char, std::char_traits<char> >::_M_allocate_internal_buffer() (in /usr/lib/x86_64-linux-gnu/libstdc++.so.6.0.30)
| ->01.35% (8,192B) 0x4983015: std::basic_filebuf<char, std::char_traits<char> >::open(char const*, std::_Ios_Openmode) (in /usr/lib/x86_64-linux-gnu/libstdc++.so.6.0.30)
|   ->01.35% (8,192B) 0x10D2F2: void ReadDataToFile_DEC<float>(std::__cxx11::basic_string<char, std::char_traits<char>, std::allocator<char> > const&, std::vector<float, std::allocator<float> >&) (in /home/noname/Documents/project_tiny/Sort_on_FPGA/Version1/01_slt/main)
|     ->01.35% (8,192B) 0x10A7F9: main (in /home/noname/Documents/project_tiny/Sort_on_FPGA/Version1/01_slt/main)
|       
->00.08% (493B) in 1+ places, all below ms_print's threshold (01.00%)

--------------------------------------------------------------------------------
  n        time(i)         total(B)   useful-heap(B) extra-heap(B)    stacks(B)
--------------------------------------------------------------------------------
 23    263,925,291          607,496          605,734            74        1,688
 24    274,448,289          607,720          605,734            74        1,912
 25    290,232,689          607,496          605,734            74        1,688
 26    303,386,173          610,424          606,718            66        3,640
 27    313,908,479          611,080          606,718            66        4,296
 28    324,430,703          611,032          606,718            66        4,248
 29    333,212,518          610,424          606,718            66        3,640
 30    346,385,235          611,080          606,718            66        4,296
 31    359,557,956          610,424          606,718            66        3,640
 32    372,730,671          608,136          606,718            66        1,352
 33    381,512,492          608,200          606,718            66        1,416
 34    394,685,430          610,472          606,718            66        3,688
 35    403,467,290          610,920          606,718            66        4,136
 36    416,640,284          611,064          606,718            66        4,280
 37    429,813,067          610,920          606,718            66        4,136
99.31% (606,718B) (heap allocation functions) malloc/new/new[], --alloc-fns, etc.
->85.82% (524,288B) 0x10B2A2: void std::vector<float, std::allocator<float> >::_M_realloc_insert<float const&>(__gnu_cxx::__normal_iterator<float*, std::vector<float, std::allocator<float> > >, float const&) (in /home/noname/Documents/project_tiny/Sort_on_FPGA/Version1/01_slt/main)
| ->85.82% (524,288B) 0x10D46A: void ReadDataToFile_DEC<float>(std::__cxx11::basic_string<char, std::char_traits<char>, std::allocator<char> > const&, std::vector<float, std::allocator<float> >&) (in /home/noname/Documents/project_tiny/Sort_on_FPGA/Version1/01_slt/main)
|   ->85.82% (524,288B) 0x10A7F9: main (in /home/noname/Documents/project_tiny/Sort_on_FPGA/Version1/01_slt/main)
|     
->11.90% (72,704B) 0x4914939: ??? (in /usr/lib/x86_64-linux-gnu/libstdc++.so.6.0.30)
| ->11.90% (72,704B) 0x400647D: call_init.part.0 (dl-init.c:70)
|   ->11.90% (72,704B) 0x4006567: call_init (dl-init.c:33)
|     ->11.90% (72,704B) 0x4006567: _dl_init (dl-init.c:117)
|       ->11.90% (72,704B) 0x40202C9: ??? (in /usr/lib/x86_64-linux-gnu/ld-linux-x86-64.so.2)
|         ->11.90% (72,704B) 0x2: ???
|           ->11.90% (72,704B) 0x1FFF0003A6: ???
|             ->11.90% (72,704B) 0x1FFF0003AD: ???
|               ->11.90% (72,704B) 0x1FFF0003AF: ???
|                 
->01.34% (8,192B) 0x497F023: std::basic_filebuf<char, std::char_traits<char> >::_M_allocate_internal_buffer() (in /usr/lib/x86_64-linux-gnu/libstdc++.so.6.0.30)
| ->01.34% (8,192B) 0x4983015: std::basic_filebuf<char, std::char_traits<char> >::open(char const*, std::_Ios_Openmode) (in /usr/lib/x86_64-linux-gnu/libstdc++.so.6.0.30)
|   ->01.34% (8,192B) 0x10CEB0: void WriteDataToFile_Dec<float>(std::vector<float, std::allocator<float> > const&, std::__cxx11::basic_string<char, std::char_traits<char>, std::allocator<char> > const&) (in /home/noname/Documents/project_tiny/Sort_on_FPGA/Version1/01_slt/main)
|   | ->01.34% (8,192B) 0x10A81E: main (in /home/noname/Documents/project_tiny/Sort_on_FPGA/Version1/01_slt/main)
|   |   
|   ->00.00% (0B) in 1+ places, all below ms_print's threshold (01.00%)
|   
->00.25% (1,534B) in 1+ places, all below ms_print's threshold (01.00%)

--------------------------------------------------------------------------------
  n        time(i)         total(B)   useful-heap(B) extra-heap(B)    stacks(B)
--------------------------------------------------------------------------------
 38    438,594,892          611,080          606,718            66        4,296
 39    447,376,754          610,776          606,718            66        3,992
 40    460,549,619          609,072          606,718            66        2,288
 41    469,331,490          611,080          606,718            66        4,296
 42    478,113,311          611,080          606,718            66        4,296
 43    491,286,131          610,992          606,718            66        4,208
 44    500,067,975          610,920          606,718            66        4,136
 45    508,849,798          610,424          606,718            66        3,640
 46    517,631,669          610,920          606,718            66        4,136
99.31% (606,718B) (heap allocation functions) malloc/new/new[], --alloc-fns, etc.
->85.82% (524,288B) 0x10B2A2: void std::vector<float, std::allocator<float> >::_M_realloc_insert<float const&>(__gnu_cxx::__normal_iterator<float*, std::vector<float, std::allocator<float> > >, float const&) (in /home/noname/Documents/project_tiny/Sort_on_FPGA/Version1/01_slt/main)
| ->85.82% (524,288B) 0x10D46A: void ReadDataToFile_DEC<float>(std::__cxx11::basic_string<char, std::char_traits<char>, std::allocator<char> > const&, std::vector<float, std::allocator<float> >&) (in /home/noname/Documents/project_tiny/Sort_on_FPGA/Version1/01_slt/main)
|   ->85.82% (524,288B) 0x10A7F9: main (in /home/noname/Documents/project_tiny/Sort_on_FPGA/Version1/01_slt/main)
|     
->11.90% (72,704B) 0x4914939: ??? (in /usr/lib/x86_64-linux-gnu/libstdc++.so.6.0.30)
| ->11.90% (72,704B) 0x400647D: call_init.part.0 (dl-init.c:70)
|   ->11.90% (72,704B) 0x4006567: call_init (dl-init.c:33)
|     ->11.90% (72,704B) 0x4006567: _dl_init (dl-init.c:117)
|       ->11.90% (72,704B) 0x40202C9: ??? (in /usr/lib/x86_64-linux-gnu/ld-linux-x86-64.so.2)
|         ->11.90% (72,704B) 0x2: ???
|           ->11.90% (72,704B) 0x1FFF0003A6: ???
|             ->11.90% (72,704B) 0x1FFF0003AD: ???
|               ->11.90% (72,704B) 0x1FFF0003AF: ???
|                 
->01.34% (8,192B) 0x497F023: std::basic_filebuf<char, std::char_traits<char> >::_M_allocate_internal_buffer() (in /usr/lib/x86_64-linux-gnu/libstdc++.so.6.0.30)
| ->01.34% (8,192B) 0x4983015: std::basic_filebuf<char, std::char_traits<char> >::open(char const*, std::_Ios_Openmode) (in /usr/lib/x86_64-linux-gnu/libstdc++.so.6.0.30)
|   ->01.34% (8,192B) 0x10CEB0: void WriteDataToFile_Dec<float>(std::vector<float, std::allocator<float> > const&, std::__cxx11::basic_string<char, std::char_traits<char>, std::allocator<char> > const&) (in /home/noname/Documents/project_tiny/Sort_on_FPGA/Version1/01_slt/main)
|   | ->01.34% (8,192B) 0x10A81E: main (in /home/noname/Documents/project_tiny/Sort_on_FPGA/Version1/01_slt/main)
|   |   
|   ->00.00% (0B) in 1+ places, all below ms_print's threshold (01.00%)
|   
->00.25% (1,534B) in 1+ places, all below ms_print's threshold (01.00%)

--------------------------------------------------------------------------------
  n        time(i)         total(B)   useful-heap(B) extra-heap(B)    stacks(B)
--------------------------------------------------------------------------------
 47    526,413,501          610,472          606,718            66        3,688
 48    535,195,327          611,032          606,718            66        4,248
 49    543,977,181          609,032          606,718            66        2,248
 50    551,135,623          611,000          606,718            66        4,216
 51    558,294,053          610,416          606,718            66        3,632
 52    565,452,504          608,304          606,718            66        1,520
 53    572,610,953          611,000          606,718            66        4,216
99.30% (606,718B) (heap allocation functions) malloc/new/new[], --alloc-fns, etc.
->85.81% (524,288B) 0x10B2A2: void std::vector<float, std::allocator<float> >::_M_realloc_insert<float const&>(__gnu_cxx::__normal_iterator<float*, std::vector<float, std::allocator<float> > >, float const&) (in /home/noname/Documents/project_tiny/Sort_on_FPGA/Version1/01_slt/main)
| ->85.81% (524,288B) 0x10D46A: void ReadDataToFile_DEC<float>(std::__cxx11::basic_string<char, std::char_traits<char>, std::allocator<char> > const&, std::vector<float, std::allocator<float> >&) (in /home/noname/Documents/project_tiny/Sort_on_FPGA/Version1/01_slt/main)
|   ->85.81% (524,288B) 0x10A7F9: main (in /home/noname/Documents/project_tiny/Sort_on_FPGA/Version1/01_slt/main)
|     
->11.90% (72,704B) 0x4914939: ??? (in /usr/lib/x86_64-linux-gnu/libstdc++.so.6.0.30)
| ->11.90% (72,704B) 0x400647D: call_init.part.0 (dl-init.c:70)
|   ->11.90% (72,704B) 0x4006567: call_init (dl-init.c:33)
|     ->11.90% (72,704B) 0x4006567: _dl_init (dl-init.c:117)
|       ->11.90% (72,704B) 0x40202C9: ??? (in /usr/lib/x86_64-linux-gnu/ld-linux-x86-64.so.2)
|         ->11.90% (72,704B) 0x2: ???
|           ->11.90% (72,704B) 0x1FFF0003A6: ???
|             ->11.90% (72,704B) 0x1FFF0003AD: ???
|               ->11.90% (72,704B) 0x1FFF0003AF: ???
|                 
->01.34% (8,192B) 0x497F023: std::basic_filebuf<char, std::char_traits<char> >::_M_allocate_internal_buffer() (in /usr/lib/x86_64-linux-gnu/libstdc++.so.6.0.30)
| ->01.34% (8,192B) 0x4983015: std::basic_filebuf<char, std::char_traits<char> >::open(char const*, std::_Ios_Openmode) (in /usr/lib/x86_64-linux-gnu/libstdc++.so.6.0.30)
|   ->01.34% (8,192B) 0x10CEB0: void WriteDataToFile_Dec<float>(std::vector<float, std::allocator<float> > const&, std::__cxx11::basic_string<char, std::char_traits<char>, std::allocator<char> > const&) (in /home/noname/Documents/project_tiny/Sort_on_FPGA/Version1/01_slt/main)
|   | ->01.34% (8,192B) 0x10A81E: main (in /home/noname/Documents/project_tiny/Sort_on_FPGA/Version1/01_slt/main)
|   |   
|   ->00.00% (0B) in 1+ places, all below ms_print's threshold (01.00%)
|   
->00.25% (1,534B) in 1+ places, all below ms_print's threshold (01.00%)

--------------------------------------------------------------------------------
  n        time(i)         total(B)   useful-heap(B) extra-heap(B)    stacks(B)
--------------------------------------------------------------------------------
 54    579,769,387          608,632          606,718            66        1,848
 55    586,927,820          608,456          606,718            66        1,672
 56    594,086,255          610,920          606,718            66        4,136
 57    601,244,689          611,032          606,718            66        4,248
 58    608,403,130          611,080          606,718            66        4,296
 59    615,561,564          610,912          606,718            66        4,128
 60    622,720,008          611,000          606,718            66        4,216
 61    629,878,443          611,032          606,718            66        4,248
 62    637,036,873          608,168          606,718            66        1,384
 63    644,195,302          609,112          606,718            66        2,328
99.61% (606,718B) (heap allocation functions) malloc/new/new[], --alloc-fns, etc.
->86.07% (524,288B) 0x10B2A2: void std::vector<float, std::allocator<float> >::_M_realloc_insert<float const&>(__gnu_cxx::__normal_iterator<float*, std::vector<float, std::allocator<float> > >, float const&) (in /home/noname/Documents/project_tiny/Sort_on_FPGA/Version1/01_slt/main)
| ->86.07% (524,288B) 0x10D46A: void ReadDataToFile_DEC<float>(std::__cxx11::basic_string<char, std::char_traits<char>, std::allocator<char> > const&, std::vector<float, std::allocator<float> >&) (in /home/noname/Documents/project_tiny/Sort_on_FPGA/Version1/01_slt/main)
|   ->86.07% (524,288B) 0x10A7F9: main (in /home/noname/Documents/project_tiny/Sort_on_FPGA/Version1/01_slt/main)
|     
->11.94% (72,704B) 0x4914939: ??? (in /usr/lib/x86_64-linux-gnu/libstdc++.so.6.0.30)
| ->11.94% (72,704B) 0x400647D: call_init.part.0 (dl-init.c:70)
|   ->11.94% (72,704B) 0x4006567: call_init (dl-init.c:33)
|     ->11.94% (72,704B) 0x4006567: _dl_init (dl-init.c:117)
|       ->11.94% (72,704B) 0x40202C9: ??? (in /usr/lib/x86_64-linux-gnu/ld-linux-x86-64.so.2)
|         ->11.94% (72,704B) 0x2: ???
|           ->11.94% (72,704B) 0x1FFF0003A6: ???
|             ->11.94% (72,704B) 0x1FFF0003AD: ???
|               ->11.94% (72,704B) 0x1FFF0003AF: ???
|                 
->01.34% (8,192B) 0x497F023: std::basic_filebuf<char, std::char_traits<char> >::_M_allocate_internal_buffer() (in /usr/lib/x86_64-linux-gnu/libstdc++.so.6.0.30)
| ->01.34% (8,192B) 0x4983015: std::basic_filebuf<char, std::char_traits<char> >::open(char const*, std::_Ios_Openmode) (in /usr/lib/x86_64-linux-gnu/libstdc++.so.6.0.30)
|   ->01.34% (8,192B) 0x10CEB0: void WriteDataToFile_Dec<float>(std::vector<float, std::allocator<float> > const&, std::__cxx11::basic_string<char, std::char_traits<char>, std::allocator<char> > const&) (in /home/noname/Documents/project_tiny/Sort_on_FPGA/Version1/01_slt/main)
|   | ->01.34% (8,192B) 0x10A81E: main (in /home/noname/Documents/project_tiny/Sort_on_FPGA/Version1/01_slt/main)
|   |   
|   ->00.00% (0B) in 1+ places, all below ms_print's threshold (01.00%)
|   
->00.25% (1,534B) in 1+ places, all below ms_print's threshold (01.00%)

--------------------------------------------------------------------------------
  n        time(i)         total(B)   useful-heap(B) extra-heap(B)    stacks(B)
--------------------------------------------------------------------------------
 64    651,353,768          611,080          606,718            66        4,296
 65    658,512,197          608,376          606,718            66        1,592
 66    665,670,627          611,032          606,718            66        4,248
 67    672,829,067          610,968          606,718            66        4,184
 68    679,987,496          608,376          606,718            66        1,592
 69    687,145,935          610,416          606,718            66        3,632
 70    694,304,562          610,472          606,718            66        3,688
 71    701,463,062          610,472          606,718            66        3,688
 72    708,621,512          611,080          606,718            66        4,296
 73    715,780,090          610,424          606,718            66        3,640
99.39% (606,718B) (heap allocation functions) malloc/new/new[], --alloc-fns, etc.
->85.89% (524,288B) 0x10B2A2: void std::vector<float, std::allocator<float> >::_M_realloc_insert<float const&>(__gnu_cxx::__normal_iterator<float*, std::vector<float, std::allocator<float> > >, float const&) (in /home/noname/Documents/project_tiny/Sort_on_FPGA/Version1/01_slt/main)
| ->85.89% (524,288B) 0x10D46A: void ReadDataToFile_DEC<float>(std::__cxx11::basic_string<char, std::char_traits<char>, std::allocator<char> > const&, std::vector<float, std::allocator<float> >&) (in /home/noname/Documents/project_tiny/Sort_on_FPGA/Version1/01_slt/main)
|   ->85.89% (524,288B) 0x10A7F9: main (in /home/noname/Documents/project_tiny/Sort_on_FPGA/Version1/01_slt/main)
|     
->11.91% (72,704B) 0x4914939: ??? (in /usr/lib/x86_64-linux-gnu/libstdc++.so.6.0.30)
| ->11.91% (72,704B) 0x400647D: call_init.part.0 (dl-init.c:70)
|   ->11.91% (72,704B) 0x4006567: call_init (dl-init.c:33)
|     ->11.91% (72,704B) 0x4006567: _dl_init (dl-init.c:117)
|       ->11.91% (72,704B) 0x40202C9: ??? (in /usr/lib/x86_64-linux-gnu/ld-linux-x86-64.so.2)
|         ->11.91% (72,704B) 0x2: ???
|           ->11.91% (72,704B) 0x1FFF0003A6: ???
|             ->11.91% (72,704B) 0x1FFF0003AD: ???
|               ->11.91% (72,704B) 0x1FFF0003AF: ???
|                 
->01.34% (8,192B) 0x497F023: std::basic_filebuf<char, std::char_traits<char> >::_M_allocate_internal_buffer() (in /usr/lib/x86_64-linux-gnu/libstdc++.so.6.0.30)
| ->01.34% (8,192B) 0x4983015: std::basic_filebuf<char, std::char_traits<char> >::open(char const*, std::_Ios_Openmode) (in /usr/lib/x86_64-linux-gnu/libstdc++.so.6.0.30)
|   ->01.34% (8,192B) 0x10CEB0: void WriteDataToFile_Dec<float>(std::vector<float, std::allocator<float> > const&, std::__cxx11::basic_string<char, std::char_traits<char>, std::allocator<char> > const&) (in /home/noname/Documents/project_tiny/Sort_on_FPGA/Version1/01_slt/main)
|   | ->01.34% (8,192B) 0x10A81E: main (in /home/noname/Documents/project_tiny/Sort_on_FPGA/Version1/01_slt/main)
|   |   
|   ->00.00% (0B) in 1+ places, all below ms_print's threshold (01.00%)
|   
->00.25% (1,534B) in 1+ places, all below ms_print's threshold (01.00%)

--------------------------------------------------------------------------------
  n        time(i)         total(B)   useful-heap(B) extra-heap(B)    stacks(B)
--------------------------------------------------------------------------------
 74    722,938,518          608,216          606,718            66        1,432
 75    730,096,954          611,000          606,718            66        4,216
 76    737,255,382          609,104          606,718            66        2,320
 77    744,413,812          608,408          606,718            66        1,624
 78    751,572,318          610,424          606,718            66        3,640
 79    758,730,755          610,920          606,718            66        4,136
 80    765,889,181          610,912          606,718            66        4,128
 81    773,047,615          610,912          606,718            66        4,128
 82    780,206,197          610,424          606,718            66        3,640
 83    787,364,637          608,408          606,718            66        1,624
99.72% (606,718B) (heap allocation functions) malloc/new/new[], --alloc-fns, etc.
->86.17% (524,288B) 0x10B2A2: void std::vector<float, std::allocator<float> >::_M_realloc_insert<float const&>(__gnu_cxx::__normal_iterator<float*, std::vector<float, std::allocator<float> > >, float const&) (in /home/noname/Documents/project_tiny/Sort_on_FPGA/Version1/01_slt/main)
| ->86.17% (524,288B) 0x10D46A: void ReadDataToFile_DEC<float>(std::__cxx11::basic_string<char, std::char_traits<char>, std::allocator<char> > const&, std::vector<float, std::allocator<float> >&) (in /home/noname/Documents/project_tiny/Sort_on_FPGA/Version1/01_slt/main)
|   ->86.17% (524,288B) 0x10A7F9: main (in /home/noname/Documents/project_tiny/Sort_on_FPGA/Version1/01_slt/main)
|     
->11.95% (72,704B) 0x4914939: ??? (in /usr/lib/x86_64-linux-gnu/libstdc++.so.6.0.30)
| ->11.95% (72,704B) 0x400647D: call_init.part.0 (dl-init.c:70)
|   ->11.95% (72,704B) 0x4006567: call_init (dl-init.c:33)
|     ->11.95% (72,704B) 0x4006567: _dl_init (dl-init.c:117)
|       ->11.95% (72,704B) 0x40202C9: ??? (in /usr/lib/x86_64-linux-gnu/ld-linux-x86-64.so.2)
|         ->11.95% (72,704B) 0x2: ???
|           ->11.95% (72,704B) 0x1FFF0003A6: ???
|             ->11.95% (72,704B) 0x1FFF0003AD: ???
|               ->11.95% (72,704B) 0x1FFF0003AF: ???
|                 
->01.35% (8,192B) 0x497F023: std::basic_filebuf<char, std::char_traits<char> >::_M_allocate_internal_buffer() (in /usr/lib/x86_64-linux-gnu/libstdc++.so.6.0.30)
| ->01.35% (8,192B) 0x4983015: std::basic_filebuf<char, std::char_traits<char> >::open(char const*, std::_Ios_Openmode) (in /usr/lib/x86_64-linux-gnu/libstdc++.so.6.0.30)
|   ->01.35% (8,192B) 0x10CEB0: void WriteDataToFile_Dec<float>(std::vector<float, std::allocator<float> > const&, std::__cxx11::basic_string<char, std::char_traits<char>, std::allocator<char> > const&) (in /home/noname/Documents/project_tiny/Sort_on_FPGA/Version1/01_slt/main)
|   | ->01.35% (8,192B) 0x10A81E: main (in /home/noname/Documents/project_tiny/Sort_on_FPGA/Version1/01_slt/main)
|   |   
|   ->00.00% (0B) in 1+ places, all below ms_print's threshold (01.00%)
|   
->00.25% (1,534B) in 1+ places, all below ms_print's threshold (01.00%)

--------------------------------------------------------------------------------
  n        time(i)         total(B)   useful-heap(B) extra-heap(B)    stacks(B)
--------------------------------------------------------------------------------
 84    790,869,788        1,123,144        1,122,392            48          704
99.93% (1,122,392B) (heap allocation functions) malloc/new/new[], --alloc-fns, etc.
->46.68% (524,288B) 0x10AA18: main (in /home/noname/Documents/project_tiny/Sort_on_FPGA/Version1/01_slt/main)
| 
->46.68% (524,288B) 0x10B2A2: void std::vector<float, std::allocator<float> >::_M_realloc_insert<float const&>(__gnu_cxx::__normal_iterator<float*, std::vector<float, std::allocator<float> > >, float const&) (in /home/noname/Documents/project_tiny/Sort_on_FPGA/Version1/01_slt/main)
| ->46.68% (524,288B) 0x10D46A: void ReadDataToFile_DEC<float>(std::__cxx11::basic_string<char, std::char_traits<char>, std::allocator<char> > const&, std::vector<float, std::allocator<float> >&) (in /home/noname/Documents/project_tiny/Sort_on_FPGA/Version1/01_slt/main)
|   ->46.68% (524,288B) 0x10A7F9: main (in /home/noname/Documents/project_tiny/Sort_on_FPGA/Version1/01_slt/main)
|     
->06.47% (72,704B) 0x4914939: ??? (in /usr/lib/x86_64-linux-gnu/libstdc++.so.6.0.30)
| ->06.47% (72,704B) 0x400647D: call_init.part.0 (dl-init.c:70)
|   ->06.47% (72,704B) 0x4006567: call_init (dl-init.c:33)
|     ->06.47% (72,704B) 0x4006567: _dl_init (dl-init.c:117)
|       ->06.47% (72,704B) 0x40202C9: ??? (in /usr/lib/x86_64-linux-gnu/ld-linux-x86-64.so.2)
|         ->06.47% (72,704B) 0x2: ???
|           ->06.47% (72,704B) 0x1FFF0003A6: ???
|             ->06.47% (72,704B) 0x1FFF0003AD: ???
|               ->06.47% (72,704B) 0x1FFF0003AF: ???
|                 
->00.10% (1,112B) in 1+ places, all below ms_print's threshold (01.00%)

--------------------------------------------------------------------------------
  n        time(i)         total(B)   useful-heap(B) extra-heap(B)    stacks(B)
--------------------------------------------------------------------------------
 85    798,061,798        1,123,576        1,122,392            48        1,136
 86    805,220,225        1,124,176        1,122,400            88        1,688
 87    806,659,712        1,140,264        1,138,968            64        1,232
99.89% (1,138,968B) (heap allocation functions) malloc/new/new[], --alloc-fns, etc.
->45.98% (524,288B) 0x10AA18: main (in /home/noname/Documents/project_tiny/Sort_on_FPGA/Version1/01_slt/main)
| 
->45.98% (524,288B) 0x10B2A2: void std::vector<float, std::allocator<float> >::_M_realloc_insert<float const&>(__gnu_cxx::__normal_iterator<float*, std::vector<float, std::allocator<float> > >, float const&) (in /home/noname/Documents/project_tiny/Sort_on_FPGA/Version1/01_slt/main)
| ->45.98% (524,288B) 0x10D46A: void ReadDataToFile_DEC<float>(std::__cxx11::basic_string<char, std::char_traits<char>, std::allocator<char> > const&, std::vector<float, std::allocator<float> >&) (in /home/noname/Documents/project_tiny/Sort_on_FPGA/Version1/01_slt/main)
|   ->45.98% (524,288B) 0x10A7F9: main (in /home/noname/Documents/project_tiny/Sort_on_FPGA/Version1/01_slt/main)
|     
->06.38% (72,704B) 0x4914939: ??? (in /usr/lib/x86_64-linux-gnu/libstdc++.so.6.0.30)
| ->06.38% (72,704B) 0x400647D: call_init.part.0 (dl-init.c:70)
|   ->06.38% (72,704B) 0x4006567: call_init (dl-init.c:33)
|     ->06.38% (72,704B) 0x4006567: _dl_init (dl-init.c:117)
|       ->06.38% (72,704B) 0x40202C9: ??? (in /usr/lib/x86_64-linux-gnu/ld-linux-x86-64.so.2)
|         ->06.38% (72,704B) 0x2: ???
|           ->06.38% (72,704B) 0x1FFF0003A6: ???
|             ->06.38% (72,704B) 0x1FFF0003AD: ???
|               ->06.38% (72,704B) 0x1FFF0003AF: ???
|                 
->01.55% (17,688B) in 8 places, all below massif's threshold (1.00%)
  
--------------------------------------------------------------------------------
  n        time(i)         total(B)   useful-heap(B) extra-heap(B)    stacks(B)
--------------------------------------------------------------------------------
 88    813,818,138        1,124,120        1,122,396            68        1,656
 89    815,552,275        1,155,960        1,154,744            64        1,152
99.89% (1,154,744B) (heap allocation functions) malloc/new/new[], --alloc-fns, etc.
->45.36% (524,288B) 0x10AA18: main (in /home/noname/Documents/project_tiny/Sort_on_FPGA/Version1/01_slt/main)
| 
->45.36% (524,288B) 0x10B2A2: void std::vector<float, std::allocator<float> >::_M_realloc_insert<float const&>(__gnu_cxx::__normal_iterator<float*, std::vector<float, std::allocator<float> > >, float const&) (in /home/noname/Documents/project_tiny/Sort_on_FPGA/Version1/01_slt/main)
| ->45.36% (524,288B) 0x10D46A: void ReadDataToFile_DEC<float>(std::__cxx11::basic_string<char, std::char_traits<char>, std::allocator<char> > const&, std::vector<float, std::allocator<float> >&) (in /home/noname/Documents/project_tiny/Sort_on_FPGA/Version1/01_slt/main)
|   ->45.36% (524,288B) 0x10A7F9: main (in /home/noname/Documents/project_tiny/Sort_on_FPGA/Version1/01_slt/main)
|     
->06.29% (72,704B) 0x4914939: ??? (in /usr/lib/x86_64-linux-gnu/libstdc++.so.6.0.30)
| ->06.29% (72,704B) 0x400647D: call_init.part.0 (dl-init.c:70)
|   ->06.29% (72,704B) 0x4006567: call_init (dl-init.c:33)
|     ->06.29% (72,704B) 0x4006567: _dl_init (dl-init.c:117)
|       ->06.29% (72,704B) 0x40202C9: ??? (in /usr/lib/x86_64-linux-gnu/ld-linux-x86-64.so.2)
|         ->06.29% (72,704B) 0x2: ???
|           ->06.29% (72,704B) 0x1FFF0003A6: ???
|             ->06.29% (72,704B) 0x1FFF0003AD: ???
|               ->06.29% (72,704B) 0x1FFF0003AF: ???
|                 
->01.40% (16,176B) 0x10BB97: C_Sort_Algor::P_MergeSort_Merge(std::vector<float, std::allocator<float> >&, int, int, int) (in /home/noname/Documents/project_tiny/Sort_on_FPGA/Version1/01_slt/main)
| ->01.40% (16,176B) 0x10C0A4: C_Framework_Serial::P_Division_Merge(std::vector<float, std::allocator<float> >&, int, int, int, int&) (in /home/noname/Documents/project_tiny/Sort_on_FPGA/Version1/01_slt/main)
| | ->01.40% (16,176B) 0x10BFC8: C_Framework_Serial::P_Division_Merge(std::vector<float, std::allocator<float> >&, int, int, int, int&) (in /home/noname/Documents/project_tiny/Sort_on_FPGA/Version1/01_slt/main)
| |   ->01.40% (16,176B) 0x10BFC8: C_Framework_Serial::P_Division_Merge(std::vector<float, std::allocator<float> >&, int, int, int, int&) (in /home/noname/Documents/project_tiny/Sort_on_FPGA/Version1/01_slt/main)
| |     ->01.40% (16,176B) 0x10C134: C_Framework_Serial::F_Frameworkd_Serial_Merge(std::vector<float, std::allocator<float> >&, int) (in /home/noname/Documents/project_tiny/Sort_on_FPGA/Version1/01_slt/main)
| |     | ->01.40% (16,176B) 0x10AA80: main (in /home/noname/Documents/project_tiny/Sort_on_FPGA/Version1/01_slt/main)
| |     |   
| |     ->00.00% (0B) in 1+ places, all below ms_print's threshold (01.00%)
| |     
| ->00.00% (0B) in 1+ places, all below ms_print's threshold (01.00%)
| 
->01.40% (16,176B) 0x10BC42: C_Sort_Algor::P_MergeSort_Merge(std::vector<float, std::allocator<float> >&, int, int, int) (in /home/noname/Documents/project_tiny/Sort_on_FPGA/Version1/01_slt/main)
| ->01.40% (16,176B) 0x10C0A4: C_Framework_Serial::P_Division_Merge(std::vector<float, std::allocator<float> >&, int, int, int, int&) (in /home/noname/Documents/project_tiny/Sort_on_FPGA/Version1/01_slt/main)
| | ->01.40% (16,176B) 0x10BFC8: C_Framework_Serial::P_Division_Merge(std::vector<float, std::allocator<float> >&, int, int, int, int&) (in /home/noname/Documents/project_tiny/Sort_on_FPGA/Version1/01_slt/main)
| |   ->01.40% (16,176B) 0x10BFC8: C_Framework_Serial::P_Division_Merge(std::vector<float, std::allocator<float> >&, int, int, int, int&) (in /home/noname/Documents/project_tiny/Sort_on_FPGA/Version1/01_slt/main)
| |     ->01.40% (16,176B) 0x10C134: C_Framework_Serial::F_Frameworkd_Serial_Merge(std::vector<float, std::allocator<float> >&, int) (in /home/noname/Documents/project_tiny/Sort_on_FPGA/Version1/01_slt/main)
| |     | ->01.40% (16,176B) 0x10AA80: main (in /home/noname/Documents/project_tiny/Sort_on_FPGA/Version1/01_slt/main)
| |     |   
| |     ->00.00% (0B) in 1+ places, all below ms_print's threshold (01.00%)
| |     
| ->00.00% (0B) in 1+ places, all below ms_print's threshold (01.00%)
| 
->00.10% (1,112B) in 1+ places, all below ms_print's threshold (01.00%)

--------------------------------------------------------------------------------
  n        time(i)         total(B)   useful-heap(B) extra-heap(B)    stacks(B)
--------------------------------------------------------------------------------
 90    822,710,703        1,124,136        1,122,404            84        1,648
 91    829,932,420        1,156,432        1,155,320            64        1,048
 92    834,117,076        1,189,384        1,188,248            64        1,072
99.90% (1,188,248B) (heap allocation functions) malloc/new/new[], --alloc-fns, etc.
->44.08% (524,288B) 0x10AA18: main (in /home/noname/Documents/project_tiny/Sort_on_FPGA/Version1/01_slt/main)
| 
->44.08% (524,288B) 0x10B2A2: void std::vector<float, std::allocator<float> >::_M_realloc_insert<float const&>(__gnu_cxx::__normal_iterator<float*, std::vector<float, std::allocator<float> > >, float const&) (in /home/noname/Documents/project_tiny/Sort_on_FPGA/Version1/01_slt/main)
| ->44.08% (524,288B) 0x10D46A: void ReadDataToFile_DEC<float>(std::__cxx11::basic_string<char, std::char_traits<char>, std::allocator<char> > const&, std::vector<float, std::allocator<float> >&) (in /home/noname/Documents/project_tiny/Sort_on_FPGA/Version1/01_slt/main)
|   ->44.08% (524,288B) 0x10A7F9: main (in /home/noname/Documents/project_tiny/Sort_on_FPGA/Version1/01_slt/main)
|     
->06.11% (72,704B) 0x4914939: ??? (in /usr/lib/x86_64-linux-gnu/libstdc++.so.6.0.30)
| ->06.11% (72,704B) 0x400647D: call_init.part.0 (dl-init.c:70)
|   ->06.11% (72,704B) 0x4006567: call_init (dl-init.c:33)
|     ->06.11% (72,704B) 0x4006567: _dl_init (dl-init.c:117)
|       ->06.11% (72,704B) 0x40202C9: ??? (in /usr/lib/x86_64-linux-gnu/ld-linux-x86-64.so.2)
|         ->06.11% (72,704B) 0x2: ???
|           ->06.11% (72,704B) 0x1FFF0003A6: ???
|             ->06.11% (72,704B) 0x1FFF0003AD: ???
|               ->06.11% (72,704B) 0x1FFF0003AF: ???
|                 
->02.77% (32,928B) 0x10BB97: C_Sort_Algor::P_MergeSort_Merge(std::vector<float, std::allocator<float> >&, int, int, int) (in /home/noname/Documents/project_tiny/Sort_on_FPGA/Version1/01_slt/main)
| ->02.77% (32,928B) 0x10C0A4: C_Framework_Serial::P_Division_Merge(std::vector<float, std::allocator<float> >&, int, int, int, int&) (in /home/noname/Documents/project_tiny/Sort_on_FPGA/Version1/01_slt/main)
| | ->02.77% (32,928B) 0x10BFC8: C_Framework_Serial::P_Division_Merge(std::vector<float, std::allocator<float> >&, int, int, int, int&) (in /home/noname/Documents/project_tiny/Sort_on_FPGA/Version1/01_slt/main)
| |   ->02.77% (32,928B) 0x10C134: C_Framework_Serial::F_Frameworkd_Serial_Merge(std::vector<float, std::allocator<float> >&, int) (in /home/noname/Documents/project_tiny/Sort_on_FPGA/Version1/01_slt/main)
| |   | ->02.77% (32,928B) 0x10AA80: main (in /home/noname/Documents/project_tiny/Sort_on_FPGA/Version1/01_slt/main)
| |   |   
| |   ->00.00% (0B) in 1+ places, all below ms_print's threshold (01.00%)
| |   
| ->00.00% (0B) in 1+ places, all below ms_print's threshold (01.00%)
| 
->02.77% (32,928B) 0x10BC42: C_Sort_Algor::P_MergeSort_Merge(std::vector<float, std::allocator<float> >&, int, int, int) (in /home/noname/Documents/project_tiny/Sort_on_FPGA/Version1/01_slt/main)
| ->02.77% (32,928B) 0x10C0A4: C_Framework_Serial::P_Division_Merge(std::vector<float, std::allocator<float> >&, int, int, int, int&) (in /home/noname/Documents/project_tiny/Sort_on_FPGA/Version1/01_slt/main)
| | ->02.77% (32,928B) 0x10BFC8: C_Framework_Serial::P_Division_Merge(std::vector<float, std::allocator<float> >&, int, int, int, int&) (in /home/noname/Documents/project_tiny/Sort_on_FPGA/Version1/01_slt/main)
| |   ->02.77% (32,928B) 0x10C134: C_Framework_Serial::F_Frameworkd_Serial_Merge(std::vector<float, std::allocator<float> >&, int) (in /home/noname/Documents/project_tiny/Sort_on_FPGA/Version1/01_slt/main)
| |   | ->02.77% (32,928B) 0x10AA80: main (in /home/noname/Documents/project_tiny/Sort_on_FPGA/Version1/01_slt/main)
| |   |   
| |   ->00.00% (0B) in 1+ places, all below ms_print's threshold (01.00%)
| |   
| ->00.00% (0B) in 1+ places, all below ms_print's threshold (01.00%)
| 
->00.09% (1,112B) in 1+ places, all below ms_print's threshold (01.00%)

--------------------------------------------------------------------------------
  n        time(i)         total(B)   useful-heap(B) extra-heap(B)    stacks(B)
--------------------------------------------------------------------------------
 93    841,276,028        1,124,160        1,122,644            68        1,448
 94    848,434,529        1,124,016        1,122,424            64        1,528
 95    855,647,998        1,123,176        1,122,392            48          736
 96    862,806,468        1,124,064        1,122,400            88        1,576
 97    869,964,901        1,124,000        1,122,396            68        1,536
