desc: --stacks=yes --massif-out-file=Reports/ANALYSIS_DIR/checkmemory/MergeSort_Convulation_Result.out
cmd: ./main 5 2
time_unit: i
#-----------
snapshot=0
#-----------
time=0
mem_heap_B=0
mem_heap_extra_B=0
mem_stacks_B=0
heap_tree=empty
#-----------
snapshot=1
#-----------
time=7158426
mem_heap_B=105965
mem_heap_extra_B=67
mem_stacks_B=1408
heap_tree=detailed
n4: 105965 (heap allocation functions) malloc/new/new[], --alloc-fns, etc.
 n1: 72704 0x4914939: ??? (in /usr/lib/x86_64-linux-gnu/libstdc++.so.6.0.30)
  n1: 72704 0x400647D: call_init.part.0 (dl-init.c:70)
   n1: 72704 0x4006567: call_init (dl-init.c:33)
    n1: 72704 0x4006567: _dl_init (dl-init.c:117)
     n1: 72704 0x40202C9: ??? (in /usr/lib/x86_64-linux-gnu/ld-linux-x86-64.so.2)
      n1: 72704 0x2: ???
       n1: 72704 0x1FFF0003A6: ???
        n1: 72704 0x1FFF0003AD: ???
         n0: 72704 0x1FFF0003AF: ???
 n1: 24576 0x10B2A2: void std::vector<float, std::allocator<float> >::_M_realloc_insert<float const&>(__gnu_cxx::__normal_iterator<float*, std::vector<float, std::allocator<float> > >, float const&) (in /home/noname/Documents/project_tiny/Sort_on_FPGA/Version1/01_slt/main)
  n1: 24576 0x10D46A: void ReadDataToFile_DEC<float>(std::__cxx11::basic_string<char, std::char_traits<char>, std::allocator<char> > const&, std::vector<float, std::allocator<float> >&) (in /home/noname/Documents/project_tiny/Sort_on_FPGA/Version1/01_slt/main)
   n0: 24576 0x10A7F9: main (in /home/noname/Documents/project_tiny/Sort_on_FPGA/Version1/01_slt/main)
 n1: 8192 0x497F023: std::basic_filebuf<char, std::char_traits<char> >::_M_allocate_internal_buffer() (in /usr/lib/x86_64-linux-gnu/libstdc++.so.6.0.30)
  n1: 8192 0x4983015: std::basic_filebuf<char, std::char_traits<char> >::open(char const*, std::_Ios_Openmode) (in /usr/lib/x86_64-linux-gnu/libstdc++.so.6.0.30)
   n1: 8192 0x10D2F2: void ReadDataToFile_DEC<float>(std::__cxx11::basic_string<char, std::char_traits<char>, std::allocator<char> > const&, std::vector<float, std::allocator<float> >&) (in /home/noname/Documents/project_tiny/Sort_on_FPGA/Version1/01_slt/main)
    n0: 8192 0x10A7F9: main (in /home/noname/Documents/project_tiny/Sort_on_FPGA/Version1/01_slt/main)
 n0: 493 in 3 places, all below massif's threshold (1.00%)
#-----------
snapshot=2
#-----------
time=19408694
mem_heap_B=114214
mem_heap_extra_B=74
mem_stacks_B=1688
heap_tree=empty
#-----------
snapshot=3
#-----------
time=32058239
mem_heap_B=146982
mem_heap_extra_B=74
mem_stacks_B=1976
heap_tree=empty
#-----------
snapshot=4
#-----------
time=39912843
mem_heap_B=277997
mem_heap_extra_B=67
mem_stacks_B=1408
heap_tree=detailed
n4: 277997 (heap allocation functions) malloc/new/new[], --alloc-fns, etc.
 n1: 196608 0x10B2A2: void std::vector<float, std::allocator<float> >::_M_realloc_insert<float const&>(__gnu_cxx::__normal_iterator<float*, std::vector<float, std::allocator<float> > >, float const&) (in /home/noname/Documents/project_tiny/Sort_on_FPGA/Version1/01_slt/main)
  n1: 196608 0x10D46A: void ReadDataToFile_DEC<float>(std::__cxx11::basic_string<char, std::char_traits<char>, std::allocator<char> > const&, std::vector<float, std::allocator<float> >&) (in /home/noname/Documents/project_tiny/Sort_on_FPGA/Version1/01_slt/main)
   n0: 196608 0x10A7F9: main (in /home/noname/Documents/project_tiny/Sort_on_FPGA/Version1/01_slt/main)
 n1: 72704 0x4914939: ??? (in /usr/lib/x86_64-linux-gnu/libstdc++.so.6.0.30)
  n1: 72704 0x400647D: call_init.part.0 (dl-init.c:70)
   n1: 72704 0x4006567: call_init (dl-init.c:33)
    n1: 72704 0x4006567: _dl_init (dl-init.c:117)
     n1: 72704 0x40202C9: ??? (in /usr/lib/x86_64-linux-gnu/ld-linux-x86-64.so.2)
      n1: 72704 0x2: ???
       n1: 72704 0x1FFF0003A6: ???
        n1: 72704 0x1FFF0003AD: ???
         n0: 72704 0x1FFF0003AF: ???
 n1: 8192 0x497F023: std::basic_filebuf<char, std::char_traits<char> >::_M_allocate_internal_buffer() (in /usr/lib/x86_64-linux-gnu/libstdc++.so.6.0.30)
  n1: 8192 0x4983015: std::basic_filebuf<char, std::char_traits<char> >::open(char const*, std::_Ios_Openmode) (in /usr/lib/x86_64-linux-gnu/libstdc++.so.6.0.30)
   n1: 8192 0x10D2F2: void ReadDataToFile_DEC<float>(std::__cxx11::basic_string<char, std::char_traits<char>, std::allocator<char> > const&, std::vector<float, std::allocator<float> >&) (in /home/noname/Documents/project_tiny/Sort_on_FPGA/Version1/01_slt/main)
    n0: 8192 0x10A7F9: main (in /home/noname/Documents/project_tiny/Sort_on_FPGA/Version1/01_slt/main)
 n0: 493 in 3 places, all below massif's threshold (1.00%)
#-----------
snapshot=5
#-----------
time=50872476
mem_heap_B=212461
mem_heap_extra_B=59
mem_stacks_B=1336
heap_tree=empty
#-----------
snapshot=6
#-----------
time=66198249
mem_heap_B=212518
mem_heap_extra_B=74
mem_stacks_B=1912
heap_tree=empty
#-----------
snapshot=7
#-----------
time=80913128
mem_heap_B=343590
mem_heap_extra_B=74
mem_stacks_B=1544
heap_tree=empty
#-----------
snapshot=8
#-----------
time=92426112
mem_heap_B=343590
mem_heap_extra_B=74
mem_stacks_B=1480
heap_tree=empty
#-----------
snapshot=9
#-----------
time=106597546
mem_heap_B=343590
mem_heap_extra_B=74
mem_stacks_B=1688
heap_tree=empty
#-----------
snapshot=10
#-----------
time=120142417
mem_heap_B=343590
mem_heap_extra_B=74
mem_stacks_B=1688
heap_tree=empty
#-----------
snapshot=11
#-----------
time=129518746
mem_heap_B=343590
mem_heap_extra_B=74
mem_stacks_B=1688
heap_tree=empty
#-----------
snapshot=12
#-----------
time=143582371
mem_heap_B=343590
mem_heap_extra_B=74
mem_stacks_B=1976
heap_tree=empty
#-----------
snapshot=13
#-----------
time=152268255
mem_heap_B=867821
mem_heap_extra_B=67
mem_stacks_B=1408
heap_tree=detailed
n3: 867821 (heap allocation functions) malloc/new/new[], --alloc-fns, etc.
 n1: 786432 0x10B2A2: void std::vector<float, std::allocator<float> >::_M_realloc_insert<float const&>(__gnu_cxx::__normal_iterator<float*, std::vector<float, std::allocator<float> > >, float const&) (in /home/noname/Documents/project_tiny/Sort_on_FPGA/Version1/01_slt/main)
  n1: 786432 0x10D46A: void ReadDataToFile_DEC<float>(std::__cxx11::basic_string<char, std::char_traits<char>, std::allocator<char> > const&, std::vector<float, std::allocator<float> >&) (in /home/noname/Documents/project_tiny/Sort_on_FPGA/Version1/01_slt/main)
   n0: 786432 0x10A7F9: main (in /home/noname/Documents/project_tiny/Sort_on_FPGA/Version1/01_slt/main)
 n1: 72704 0x4914939: ??? (in /usr/lib/x86_64-linux-gnu/libstdc++.so.6.0.30)
  n1: 72704 0x400647D: call_init.part.0 (dl-init.c:70)
   n1: 72704 0x4006567: call_init (dl-init.c:33)
    n1: 72704 0x4006567: _dl_init (dl-init.c:117)
     n1: 72704 0x40202C9: ??? (in /usr/lib/x86_64-linux-gnu/ld-linux-x86-64.so.2)
      n1: 72704 0x2: ???
       n1: 72704 0x1FFF0003A6: ???
        n1: 72704 0x1FFF0003AD: ???
         n0: 72704 0x1FFF0003AF: ???
 n0: 8685 in 4 places, all below massif's threshold (1.00%)
#-----------
snapshot=14
#-----------
time=161644441
mem_heap_B=605734
mem_heap_extra_B=74
mem_stacks_B=1688
heap_tree=empty
#-----------
snapshot=15
#-----------
time=172583341
mem_heap_B=605734
mem_heap_extra_B=74
mem_stacks_B=1488
heap_tree=empty
#-----------
snapshot=16
#-----------
time=186647063
mem_heap_B=605734
mem_heap_extra_B=74
mem_stacks_B=1496
heap_tree=empty
#-----------
snapshot=17
#-----------
time=198159030
mem_heap_B=605734
mem_heap_extra_B=74
mem_stacks_B=1912
heap_tree=empty
#-----------
snapshot=18
#-----------
time=208681323
mem_heap_B=605677
mem_heap_extra_B=59
mem_stacks_B=1368
heap_tree=empty
#-----------
snapshot=19
#-----------
time=221834554
mem_heap_B=605734
mem_heap_extra_B=74
mem_stacks_B=1960
heap_tree=empty
#-----------
snapshot=20
#-----------
time=229726654
mem_heap_B=605734
mem_heap_extra_B=74
mem_stacks_B=1544
heap_tree=detailed
n4: 605734 (heap allocation functions) malloc/new/new[], --alloc-fns, etc.
 n1: 524288 0x10B2A2: void std::vector<float, std::allocator<float> >::_M_realloc_insert<float const&>(__gnu_cxx::__normal_iterator<float*, std::vector<float, std::allocator<float> > >, float const&) (in /home/noname/Documents/project_tiny/Sort_on_FPGA/Version1/01_slt/main)
  n1: 524288 0x10D46A: void ReadDataToFile_DEC<float>(std::__cxx11::basic_string<char, std::char_traits<char>, std::allocator<char> > const&, std::vector<float, std::allocator<float> >&) (in /home/noname/Documents/project_tiny/Sort_on_FPGA/Version1/01_slt/main)
   n0: 524288 0x10A7F9: main (in /home/noname/Documents/project_tiny/Sort_on_FPGA/Version1/01_slt/main)
 n1: 72704 0x4914939: ??? (in /usr/lib/x86_64-linux-gnu/libstdc++.so.6.0.30)
  n1: 72704 0x400647D: call_init.part.0 (dl-init.c:70)
   n1: 72704 0x4006567: call_init (dl-init.c:33)
    n1: 72704 0x4006567: _dl_init (dl-init.c:117)
     n1: 72704 0x40202C9: ??? (in /usr/lib/x86_64-linux-gnu/ld-linux-x86-64.so.2)
      n1: 72704 0x2: ???
       n1: 72704 0x1FFF0003A6: ???
        n1: 72704 0x1FFF0003AD: ???
         n0: 72704 0x1FFF0003AF: ???
 n1: 8192 0x497F023: std::basic_filebuf<char, std::char_traits<char> >::_M_allocate_internal_buffer() (in /usr/lib/x86_64-linux-gnu/libstdc++.so.6.0.30)
  n1: 8192 0x4983015: std::basic_filebuf<char, std::char_traits<char> >::open(char const*, std::_Ios_Openmode) (in /usr/lib/x86_64-linux-gnu/libstdc++.so.6.0.30)
   n1: 8192 0x10D2F2: void ReadDataToFile_DEC<float>(std::__cxx11::basic_string<char, std::char_traits<char>, std::allocator<char> > const&, std::vector<float, std::allocator<float> >&) (in /home/noname/Documents/project_tiny/Sort_on_FPGA/Version1/01_slt/main)
    n0: 8192 0x10A7F9: main (in /home/noname/Documents/project_tiny/Sort_on_FPGA/Version1/01_slt/main)
 n0: 550 in 3 places, all below massif's threshold (1.00%)
#-----------
snapshot=21
#-----------
time=245510802
mem_heap_B=605734
mem_heap_extra_B=74
mem_stacks_B=1912
heap_tree=empty
#-----------
snapshot=22
#-----------
time=256033211
mem_heap_B=605677
mem_heap_extra_B=59
mem_stacks_B=1336
heap_tree=detailed
n4: 605677 (heap allocation functions) malloc/new/new[], --alloc-fns, etc.
 n1: 524288 0x10B2A2: void std::vector<float, std::allocator<float> >::_M_realloc_insert<float const&>(__gnu_cxx::__normal_iterator<float*, std::vector<float, std::allocator<float> > >, float const&) (in /home/noname/Documents/project_tiny/Sort_on_FPGA/Version1/01_slt/main)
  n1: 524288 0x10D46A: void ReadDataToFile_DEC<float>(std::__cxx11::basic_string<char, std::char_traits<char>, std::allocator<char> > const&, std::vector<float, std::allocator<float> >&) (in /home/noname/Documents/project_tiny/Sort_on_FPGA/Version1/01_slt/main)
   n0: 524288 0x10A7F9: main (in /home/noname/Documents/project_tiny/Sort_on_FPGA/Version1/01_slt/main)
 n1: 72704 0x4914939: ??? (in /usr/lib/x86_64-linux-gnu/libstdc++.so.6.0.30)
  n1: 72704 0x400647D: call_init.part.0 (dl-init.c:70)
   n1: 72704 0x4006567: call_init (dl-init.c:33)
    n1: 72704 0x4006567: _dl_init (dl-init.c:117)
     n1: 72704 0x40202C9: ??? (in /usr/lib/x86_64-linux-gnu/ld-linux-x86-64.so.2)
      n1: 72704 0x2: ???
       n1: 72704 0x1FFF0003A6: ???
        n1: 72704 0x1FFF0003AD: ???
         n0: 72704 0x1FFF0003AF: ???
 n1: 8192 0x497F023: std::basic_filebuf<char, std::char_traits<char> >::_M_allocate_internal_buffer() (in /usr/lib/x86_64-linux-gnu/libstdc++.so.6.0.30)
  n1: 8192 0x4983015: std::basic_filebuf<char, std::char_traits<char> >::open(char const*, std::_Ios_Openmode) (in /usr/lib/x86_64-linux-gnu/libstdc++.so.6.0.30)
   n1: 8192 0x10D2F2: void ReadDataToFile_DEC<float>(std::__cxx11::basic_string<char, std::char_traits<char>, std::allocator<char> > const&, std::vector<float, std::allocator<float> >&) (in /home/noname/Documents/project_tiny/Sort_on_FPGA/Version1/01_slt/main)
    n0: 8192 0x10A7F9: main (in /home/noname/Documents/project_tiny/Sort_on_FPGA/Version1/01_slt/main)
 n0: 493 in 3 places, all below massif's threshold (1.00%)
#-----------
snapshot=23
#-----------
time=263925291
mem_heap_B=605734
mem_heap_extra_B=74
mem_stacks_B=1688
heap_tree=empty
#-----------
snapshot=24
#-----------
time=274448289
mem_heap_B=605734
mem_heap_extra_B=74
mem_stacks_B=1912
heap_tree=empty
#-----------
snapshot=25
#-----------
time=290232689
mem_heap_B=605734
mem_heap_extra_B=74
mem_stacks_B=1688
heap_tree=empty
#-----------
snapshot=26
#-----------
time=303386173
mem_heap_B=606718
mem_heap_extra_B=66
mem_stacks_B=3640
heap_tree=empty
#-----------
snapshot=27
#-----------
time=313908479
mem_heap_B=606718
mem_heap_extra_B=66
mem_stacks_B=4296
heap_tree=empty
#-----------
snapshot=28
#-----------
time=324430703
mem_heap_B=606718
mem_heap_extra_B=66
mem_stacks_B=4248
heap_tree=empty
#-----------
snapshot=29
#-----------
time=333212518
mem_heap_B=606718
mem_heap_extra_B=66
mem_stacks_B=3640
heap_tree=empty
#-----------
snapshot=30
#-----------
time=346385235
mem_heap_B=606718
mem_heap_extra_B=66
mem_stacks_B=4296
heap_tree=empty
#-----------
snapshot=31
#-----------
time=359557956
mem_heap_B=606718
mem_heap_extra_B=66
mem_stacks_B=3640
heap_tree=empty
#-----------
snapshot=32
#-----------
time=372730671
mem_heap_B=606718
mem_heap_extra_B=66
mem_stacks_B=1352
heap_tree=empty
#-----------
snapshot=33
#-----------
time=381512492
mem_heap_B=606718
mem_heap_extra_B=66
mem_stacks_B=1416
heap_tree=empty
#-----------
snapshot=34
#-----------
time=394685430
mem_heap_B=606718
mem_heap_extra_B=66
mem_stacks_B=3688
heap_tree=empty
#-----------
snapshot=35
#-----------
time=403467290
mem_heap_B=606718
mem_heap_extra_B=66
mem_stacks_B=4136
heap_tree=empty
#-----------
snapshot=36
#-----------
time=416640284
mem_heap_B=606718
mem_heap_extra_B=66
mem_stacks_B=4280
heap_tree=empty
#-----------
snapshot=37
#-----------
time=429813067
mem_heap_B=606718
mem_heap_extra_B=66
mem_stacks_B=4136
heap_tree=detailed
n4: 606718 (heap allocation functions) malloc/new/new[], --alloc-fns, etc.
 n1: 524288 0x10B2A2: void std::vector<float, std::allocator<float> >::_M_realloc_insert<float const&>(__gnu_cxx::__normal_iterator<float*, std::vector<float, std::allocator<float> > >, float const&) (in /home/noname/Documents/project_tiny/Sort_on_FPGA/Version1/01_slt/main)
  n1: 524288 0x10D46A: void ReadDataToFile_DEC<float>(std::__cxx11::basic_string<char, std::char_traits<char>, std::allocator<char> > const&, std::vector<float, std::allocator<float> >&) (in /home/noname/Documents/project_tiny/Sort_on_FPGA/Version1/01_slt/main)
   n0: 524288 0x10A7F9: main (in /home/noname/Documents/project_tiny/Sort_on_FPGA/Version1/01_slt/main)
 n1: 72704 0x4914939: ??? (in /usr/lib/x86_64-linux-gnu/libstdc++.so.6.0.30)
  n1: 72704 0x400647D: call_init.part.0 (dl-init.c:70)
   n1: 72704 0x4006567: call_init (dl-init.c:33)
    n1: 72704 0x4006567: _dl_init (dl-init.c:117)
     n1: 72704 0x40202C9: ??? (in /usr/lib/x86_64-linux-gnu/ld-linux-x86-64.so.2)
      n1: 72704 0x2: ???
       n1: 72704 0x1FFF0003A6: ???
        n1: 72704 0x1FFF0003AD: ???
         n0: 72704 0x1FFF0003AF: ???
 n1: 8192 0x497F023: std::basic_filebuf<char, std::char_traits<char> >::_M_allocate_internal_buffer() (in /usr/lib/x86_64-linux-gnu/libstdc++.so.6.0.30)
  n2: 8192 0x4983015: std::basic_filebuf<char, std::char_traits<char> >::open(char const*, std::_Ios_Openmode) (in /usr/lib/x86_64-linux-gnu/libstdc++.so.6.0.30)
   n1: 8192 0x10CEB0: void WriteDataToFile_Dec<float>(std::vector<float, std::allocator<float> > const&, std::__cxx11::basic_string<char, std::char_traits<char>, std::allocator<char> > const&) (in /home/noname/Documents/project_tiny/Sort_on_FPGA/Version1/01_slt/main)
    n0: 8192 0x10A81E: main (in /home/noname/Documents/project_tiny/Sort_on_FPGA/Version1/01_slt/main)
   n0: 0 in 1 place, below massif's threshold (1.00%)
 n0: 1534 in 4 places, all below massif's threshold (1.00%)
#-----------
snapshot=38
#-----------
time=438594892
mem_heap_B=606718
mem_heap_extra_B=66
mem_stacks_B=4296
heap_tree=empty
#-----------
snapshot=39
#-----------
time=447376754
mem_heap_B=606718
mem_heap_extra_B=66
mem_stacks_B=3992
heap_tree=empty
#-----------
snapshot=40
#-----------
time=460549619
mem_heap_B=606718
mem_heap_extra_B=66
mem_stacks_B=2288
heap_tree=empty
#-----------
snapshot=41
#-----------
time=469331490
mem_heap_B=606718
mem_heap_extra_B=66
mem_stacks_B=4296
heap_tree=empty
#-----------
snapshot=42
#-----------
time=478113311
mem_heap_B=606718
mem_heap_extra_B=66
mem_stacks_B=4296
heap_tree=empty
#-----------
snapshot=43
#-----------
time=491286131
mem_heap_B=606718
mem_heap_extra_B=66
mem_stacks_B=4208
heap_tree=empty
#-----------
snapshot=44
#-----------
time=500067975
mem_heap_B=606718
mem_heap_extra_B=66
mem_stacks_B=4136
heap_tree=empty
#-----------
snapshot=45
#-----------
time=508849798
mem_heap_B=606718
mem_heap_extra_B=66
mem_stacks_B=3640
heap_tree=empty
#-----------
snapshot=46
#-----------
time=517631669
mem_heap_B=606718
mem_heap_extra_B=66
mem_stacks_B=4136
heap_tree=detailed
n4: 606718 (heap allocation functions) malloc/new/new[], --alloc-fns, etc.
 n1: 524288 0x10B2A2: void std::vector<float, std::allocator<float> >::_M_realloc_insert<float const&>(__gnu_cxx::__normal_iterator<float*, std::vector<float, std::allocator<float> > >, float const&) (in /home/noname/Documents/project_tiny/Sort_on_FPGA/Version1/01_slt/main)
  n1: 524288 0x10D46A: void ReadDataToFile_DEC<float>(std::__cxx11::basic_string<char, std::char_traits<char>, std::allocator<char> > const&, std::vector<float, std::allocator<float> >&) (in /home/noname/Documents/project_tiny/Sort_on_FPGA/Version1/01_slt/main)
   n0: 524288 0x10A7F9: main (in /home/noname/Documents/project_tiny/Sort_on_FPGA/Version1/01_slt/main)
 n1: 72704 0x4914939: ??? (in /usr/lib/x86_64-linux-gnu/libstdc++.so.6.0.30)
  n1: 72704 0x400647D: call_init.part.0 (dl-init.c:70)
   n1: 72704 0x4006567: call_init (dl-init.c:33)
    n1: 72704 0x4006567: _dl_init (dl-init.c:117)
     n1: 72704 0x40202C9: ??? (in /usr/lib/x86_64-linux-gnu/ld-linux-x86-64.so.2)
      n1: 72704 0x2: ???
       n1: 72704 0x1FFF0003A6: ???
        n1: 72704 0x1FFF0003AD: ???
         n0: 72704 0x1FFF0003AF: ???
 n1: 8192 0x497F023: std::basic_filebuf<char, std::char_traits<char> >::_M_allocate_internal_buffer() (in /usr/lib/x86_64-linux-gnu/libstdc++.so.6.0.30)
  n2: 8192 0x4983015: std::basic_filebuf<char, std::char_traits<char> >::open(char const*, std::_Ios_Openmode) (in /usr/lib/x86_64-linux-gnu/libstdc++.so.6.0.30)
   n1: 8192 0x10CEB0: void WriteDataToFile_Dec<float>(std::vector<float, std::allocator<float> > const&, std::__cxx11::basic_string<char, std::char_traits<char>, std::allocator<char> > const&) (in /home/noname/Documents/project_tiny/Sort_on_FPGA/Version1/01_slt/main)
    n0: 8192 0x10A81E: main (in /home/noname/Documents/project_tiny/Sort_on_FPGA/Version1/01_slt/main)
   n0: 0 in 1 place, below massif's threshold (1.00%)
 n0: 1534 in 4 places, all below massif's threshold (1.00%)
#-----------
snapshot=47
#-----------
time=526413501
mem_heap_B=606718
mem_heap_extra_B=66
mem_stacks_B=3688
heap_tree=empty
#-----------
snapshot=48
#-----------
time=535195327
mem_heap_B=606718
mem_heap_extra_B=66
mem_stacks_B=4248
heap_tree=empty
#-----------
snapshot=49
#-----------
time=543977181
mem_heap_B=606718
mem_heap_extra_B=66
mem_stacks_B=2248
heap_tree=empty
#-----------
snapshot=50
#-----------
time=551135623
mem_heap_B=606718
mem_heap_extra_B=66
mem_stacks_B=4216
heap_tree=empty
#-----------
snapshot=51
#-----------
time=558294053
mem_heap_B=606718
mem_heap_extra_B=66
mem_stacks_B=3632
heap_tree=empty
#-----------
snapshot=52
#-----------
time=565452504
mem_heap_B=606718
mem_heap_extra_B=66
mem_stacks_B=1520
heap_tree=empty
#-----------
snapshot=53
#-----------
time=572610953
mem_heap_B=606718
mem_heap_extra_B=66
mem_stacks_B=4216
heap_tree=detailed
n4: 606718 (heap allocation functions) malloc/new/new[], --alloc-fns, etc.
 n1: 524288 0x10B2A2: void std::vector<float, std::allocator<float> >::_M_realloc_insert<float const&>(__gnu_cxx::__normal_iterator<float*, std::vector<float, std::allocator<float> > >, float const&) (in /home/noname/Documents/project_tiny/Sort_on_FPGA/Version1/01_slt/main)
  n1: 524288 0x10D46A: void ReadDataToFile_DEC<float>(std::__cxx11::basic_string<char, std::char_traits<char>, std::allocator<char> > const&, std::vector<float, std::allocator<float> >&) (in /home/noname/Documents/project_tiny/Sort_on_FPGA/Version1/01_slt/main)
   n0: 524288 0x10A7F9: main (in /home/noname/Documents/project_tiny/Sort_on_FPGA/Version1/01_slt/main)
 n1: 72704 0x4914939: ??? (in /usr/lib/x86_64-linux-gnu/libstdc++.so.6.0.30)
  n1: 72704 0x400647D: call_init.part.0 (dl-init.c:70)
   n1: 72704 0x4006567: call_init (dl-init.c:33)
    n1: 72704 0x4006567: _dl_init (dl-init.c:117)
     n1: 72704 0x40202C9: ??? (in /usr/lib/x86_64-linux-gnu/ld-linux-x86-64.so.2)
      n1: 72704 0x2: ???
       n1: 72704 0x1FFF0003A6: ???
        n1: 72704 0x1FFF0003AD: ???
         n0: 72704 0x1FFF0003AF: ???
 n1: 8192 0x497F023: std::basic_filebuf<char, std::char_traits<char> >::_M_allocate_internal_buffer() (in /usr/lib/x86_64-linux-gnu/libstdc++.so.6.0.30)
  n2: 8192 0x4983015: std::basic_filebuf<char, std::char_traits<char> >::open(char const*, std::_Ios_Openmode) (in /usr/lib/x86_64-linux-gnu/libstdc++.so.6.0.30)
   n1: 8192 0x10CEB0: void WriteDataToFile_Dec<float>(std::vector<float, std::allocator<float> > const&, std::__cxx11::basic_string<char, std::char_traits<char>, std::allocator<char> > const&) (in /home/noname/Documents/project_tiny/Sort_on_FPGA/Version1/01_slt/main)
    n0: 8192 0x10A81E: main (in /home/noname/Documents/project_tiny/Sort_on_FPGA/Version1/01_slt/main)
   n0: 0 in 1 place, below massif's threshold (1.00%)
 n0: 1534 in 4 places, all below massif's threshold (1.00%)
#-----------
snapshot=54
#-----------
time=579769387
mem_heap_B=606718
mem_heap_extra_B=66
mem_stacks_B=1848
heap_tree=empty
#-----------
snapshot=55
#-----------
time=586927820
mem_heap_B=606718
mem_heap_extra_B=66
mem_stacks_B=1672
heap_tree=empty
#-----------
snapshot=56
#-----------
time=594086255
mem_heap_B=606718
mem_heap_extra_B=66
mem_stacks_B=4136
heap_tree=empty
#-----------
snapshot=57
#-----------
time=601244689
mem_heap_B=606718
mem_heap_extra_B=66
mem_stacks_B=4248
heap_tree=empty
#-----------
snapshot=58
#-----------
time=608403130
mem_heap_B=606718
mem_heap_extra_B=66
mem_stacks_B=4296
heap_tree=empty
#-----------
snapshot=59
#-----------
time=615561564
mem_heap_B=606718
mem_heap_extra_B=66
mem_stacks_B=4128
heap_tree=empty
#-----------
snapshot=60
#-----------
time=622720008
mem_heap_B=606718
mem_heap_extra_B=66
mem_stacks_B=4216
heap_tree=empty
#-----------
snapshot=61
#-----------
time=629878443
mem_heap_B=606718
mem_heap_extra_B=66
mem_stacks_B=4248
heap_tree=empty
#-----------
snapshot=62
#-----------
time=637036873
mem_heap_B=606718
mem_heap_extra_B=66
mem_stacks_B=1384
heap_tree=empty
#-----------
snapshot=63
#-----------
time=644195302
mem_heap_B=606718
mem_heap_extra_B=66
mem_stacks_B=2328
heap_tree=detailed
n4: 606718 (heap allocation functions) malloc/new/new[], --alloc-fns, etc.
 n1: 524288 0x10B2A2: void std::vector<float, std::allocator<float> >::_M_realloc_insert<float const&>(__gnu_cxx::__normal_iterator<float*, std::vector<float, std::allocator<float> > >, float const&) (in /home/noname/Documents/project_tiny/Sort_on_FPGA/Version1/01_slt/main)
  n1: 524288 0x10D46A: void ReadDataToFile_DEC<float>(std::__cxx11::basic_string<char, std::char_traits<char>, std::allocator<char> > const&, std::vector<float, std::allocator<float> >&) (in /home/noname/Documents/project_tiny/Sort_on_FPGA/Version1/01_slt/main)
   n0: 524288 0x10A7F9: main (in /home/noname/Documents/project_tiny/Sort_on_FPGA/Version1/01_slt/main)
 n1: 72704 0x4914939: ??? (in /usr/lib/x86_64-linux-gnu/libstdc++.so.6.0.30)
  n1: 72704 0x400647D: call_init.part.0 (dl-init.c:70)
   n1: 72704 0x4006567: call_init (dl-init.c:33)
    n1: 72704 0x4006567: _dl_init (dl-init.c:117)
     n1: 72704 0x40202C9: ??? (in /usr/lib/x86_64-linux-gnu/ld-linux-x86-64.so.2)
      n1: 72704 0x2: ???
       n1: 72704 0x1FFF0003A6: ???
        n1: 72704 0x1FFF0003AD: ???
         n0: 72704 0x1FFF0003AF: ???
 n1: 8192 0x497F023: std::basic_filebuf<char, std::char_traits<char> >::_M_allocate_internal_buffer() (in /usr/lib/x86_64-linux-gnu/libstdc++.so.6.0.30)
  n2: 8192 0x4983015: std::basic_filebuf<char, std::char_traits<char> >::open(char const*, std::_Ios_Openmode) (in /usr/lib/x86_64-linux-gnu/libstdc++.so.6.0.30)
   n1: 8192 0x10CEB0: void WriteDataToFile_Dec<float>(std::vector<float, std::allocator<float> > const&, std::__cxx11::basic_string<char, std::char_traits<char>, std::allocator<char> > const&) (in /home/noname/Documents/project_tiny/Sort_on_FPGA/Version1/01_slt/main)
    n0: 8192 0x10A81E: main (in /home/noname/Documents/project_tiny/Sort_on_FPGA/Version1/01_slt/main)
   n0: 0 in 1 place, below massif's threshold (1.00%)
 n0: 1534 in 4 places, all below massif's threshold (1.00%)
#-----------
snapshot=64
#-----------
time=651353768
mem_heap_B=606718
mem_heap_extra_B=66
mem_stacks_B=4296
heap_tree=empty
#-----------
snapshot=65
#-----------
time=658512197
mem_heap_B=606718
mem_heap_extra_B=66
mem_stacks_B=1592
heap_tree=empty
#-----------
snapshot=66
#-----------
time=665670627
mem_heap_B=606718
mem_heap_extra_B=66
mem_stacks_B=4248
heap_tree=empty
#-----------
snapshot=67
#-----------
time=672829067
mem_heap_B=606718
mem_heap_extra_B=66
mem_stacks_B=4184
heap_tree=empty
#-----------
snapshot=68
#-----------
time=679987496
mem_heap_B=606718
mem_heap_extra_B=66
mem_stacks_B=1592
heap_tree=empty
#-----------
snapshot=69
#-----------
time=687145935
mem_heap_B=606718
mem_heap_extra_B=66
mem_stacks_B=3632
heap_tree=empty
#-----------
snapshot=70
#-----------
time=694304562
mem_heap_B=606718
mem_heap_extra_B=66
mem_stacks_B=3688
heap_tree=empty
#-----------
snapshot=71
#-----------
time=701463062
mem_heap_B=606718
mem_heap_extra_B=66
mem_stacks_B=3688
heap_tree=empty
#-----------
snapshot=72
#-----------
time=708621512
mem_heap_B=606718
mem_heap_extra_B=66
mem_stacks_B=4296
heap_tree=empty
#-----------
snapshot=73
#-----------
time=715780090
mem_heap_B=606718
mem_heap_extra_B=66
mem_stacks_B=3640
heap_tree=detailed
n4: 606718 (heap allocation functions) malloc/new/new[], --alloc-fns, etc.
 n1: 524288 0x10B2A2: void std::vector<float, std::allocator<float> >::_M_realloc_insert<float const&>(__gnu_cxx::__normal_iterator<float*, std::vector<float, std::allocator<float> > >, float const&) (in /home/noname/Documents/project_tiny/Sort_on_FPGA/Version1/01_slt/main)
  n1: 524288 0x10D46A: void ReadDataToFile_DEC<float>(std::__cxx11::basic_string<char, std::char_traits<char>, std::allocator<char> > const&, std::vector<float, std::allocator<float> >&) (in /home/noname/Documents/project_tiny/Sort_on_FPGA/Version1/01_slt/main)
   n0: 524288 0x10A7F9: main (in /home/noname/Documents/project_tiny/Sort_on_FPGA/Version1/01_slt/main)
 n1: 72704 0x4914939: ??? (in /usr/lib/x86_64-linux-gnu/libstdc++.so.6.0.30)
  n1: 72704 0x400647D: call_init.part.0 (dl-init.c:70)
   n1: 72704 0x4006567: call_init (dl-init.c:33)
    n1: 72704 0x4006567: _dl_init (dl-init.c:117)
     n1: 72704 0x40202C9: ??? (in /usr/lib/x86_64-linux-gnu/ld-linux-x86-64.so.2)
      n1: 72704 0x2: ???
       n1: 72704 0x1FFF0003A6: ???
        n1: 72704 0x1FFF0003AD: ???
         n0: 72704 0x1FFF0003AF: ???
 n1: 8192 0x497F023: std::basic_filebuf<char, std::char_traits<char> >::_M_allocate_internal_buffer() (in /usr/lib/x86_64-linux-gnu/libstdc++.so.6.0.30)
  n2: 8192 0x4983015: std::basic_filebuf<char, std::char_traits<char> >::open(char const*, std::_Ios_Openmode) (in /usr/lib/x86_64-linux-gnu/libstdc++.so.6.0.30)
   n1: 8192 0x10CEB0: void WriteDataToFile_Dec<float>(std::vector<float, std::allocator<float> > const&, std::__cxx11::basic_string<char, std::char_traits<char>, std::allocator<char> > const&) (in /home/noname/Documents/project_tiny/Sort_on_FPGA/Version1/01_slt/main)
    n0: 8192 0x10A81E: main (in /home/noname/Documents/project_tiny/Sort_on_FPGA/Version1/01_slt/main)
   n0: 0 in 1 place, below massif's threshold (1.00%)
 n0: 1534 in 4 places, all below massif's threshold (1.00%)
#-----------
snapshot=74
#-----------
time=722938518
mem_heap_B=606718
mem_heap_extra_B=66
mem_stacks_B=1432
heap_tree=empty
#-----------
snapshot=75
#-----------
time=730096954
mem_heap_B=606718
mem_heap_extra_B=66
mem_stacks_B=4216
heap_tree=empty
#-----------
snapshot=76
#-----------
time=737255382
mem_heap_B=606718
mem_heap_extra_B=66
mem_stacks_B=2320
heap_tree=empty
#-----------
snapshot=77
#-----------
time=744413812
mem_heap_B=606718
mem_heap_extra_B=66
mem_stacks_B=1624
heap_tree=empty
#-----------
snapshot=78
#-----------
time=751572318
mem_heap_B=606718
mem_heap_extra_B=66
mem_stacks_B=3640
heap_tree=empty
#-----------
snapshot=79
#-----------
time=758730755
mem_heap_B=606718
mem_heap_extra_B=66
mem_stacks_B=4136
heap_tree=empty
#-----------
snapshot=80
#-----------
time=765889181
mem_heap_B=606718
mem_heap_extra_B=66
mem_stacks_B=4128
heap_tree=empty
#-----------
snapshot=81
#-----------
time=773047615
mem_heap_B=606718
mem_heap_extra_B=66
mem_stacks_B=4128
heap_tree=empty
#-----------
snapshot=82
#-----------
time=780206197
mem_heap_B=606718
mem_heap_extra_B=66
mem_stacks_B=3640
heap_tree=empty
#-----------
snapshot=83
#-----------
time=787364637
mem_heap_B=606718
mem_heap_extra_B=66
mem_stacks_B=1624
heap_tree=detailed
n4: 606718 (heap allocation functions) malloc/new/new[], --alloc-fns, etc.
 n1: 524288 0x10B2A2: void std::vector<float, std::allocator<float> >::_M_realloc_insert<float const&>(__gnu_cxx::__normal_iterator<float*, std::vector<float, std::allocator<float> > >, float const&) (in /home/noname/Documents/project_tiny/Sort_on_FPGA/Version1/01_slt/main)
  n1: 524288 0x10D46A: void ReadDataToFile_DEC<float>(std::__cxx11::basic_string<char, std::char_traits<char>, std::allocator<char> > const&, std::vector<float, std::allocator<float> >&) (in /home/noname/Documents/project_tiny/Sort_on_FPGA/Version1/01_slt/main)
   n0: 524288 0x10A7F9: main (in /home/noname/Documents/project_tiny/Sort_on_FPGA/Version1/01_slt/main)
 n1: 72704 0x4914939: ??? (in /usr/lib/x86_64-linux-gnu/libstdc++.so.6.0.30)
  n1: 72704 0x400647D: call_init.part.0 (dl-init.c:70)
   n1: 72704 0x4006567: call_init (dl-init.c:33)
    n1: 72704 0x4006567: _dl_init (dl-init.c:117)
     n1: 72704 0x40202C9: ??? (in /usr/lib/x86_64-linux-gnu/ld-linux-x86-64.so.2)
      n1: 72704 0x2: ???
       n1: 72704 0x1FFF0003A6: ???
        n1: 72704 0x1FFF0003AD: ???
         n0: 72704 0x1FFF0003AF: ???
 n1: 8192 0x497F023: std::basic_filebuf<char, std::char_traits<char> >::_M_allocate_internal_buffer() (in /usr/lib/x86_64-linux-gnu/libstdc++.so.6.0.30)
  n2: 8192 0x4983015: std::basic_filebuf<char, std::char_traits<char> >::open(char const*, std::_Ios_Openmode) (in /usr/lib/x86_64-linux-gnu/libstdc++.so.6.0.30)
   n1: 8192 0x10CEB0: void WriteDataToFile_Dec<float>(std::vector<float, std::allocator<float> > const&, std::__cxx11::basic_string<char, std::char_traits<char>, std::allocator<char> > const&) (in /home/noname/Documents/project_tiny/Sort_on_FPGA/Version1/01_slt/main)
    n0: 8192 0x10A81E: main (in /home/noname/Documents/project_tiny/Sort_on_FPGA/Version1/01_slt/main)
   n0: 0 in 1 place, below massif's threshold (1.00%)
 n0: 1534 in 4 places, all below massif's threshold (1.00%)
#-----------
snapshot=84
#-----------
time=790869788
mem_heap_B=1122392
mem_heap_extra_B=48
mem_stacks_B=704
heap_tree=detailed
n4: 1122392 (heap allocation functions) malloc/new/new[], --alloc-fns, etc.
 n0: 524288 0x10AA18: main (in /home/noname/Documents/project_tiny/Sort_on_FPGA/Version1/01_slt/main)
 n1: 524288 0x10B2A2: void std::vector<float, std::allocator<float> >::_M_realloc_insert<float const&>(__gnu_cxx::__normal_iterator<float*, std::vector<float, std::allocator<float> > >, float const&) (in /home/noname/Documents/project_tiny/Sort_on_FPGA/Version1/01_slt/main)
  n1: 524288 0x10D46A: void ReadDataToFile_DEC<float>(std::__cxx11::basic_string<char, std::char_traits<char>, std::allocator<char> > const&, std::vector<float, std::allocator<float> >&) (in /home/noname/Documents/project_tiny/Sort_on_FPGA/Version1/01_slt/main)
   n0: 524288 0x10A7F9: main (in /home/noname/Documents/project_tiny/Sort_on_FPGA/Version1/01_slt/main)
 n1: 72704 0x4914939: ??? (in /usr/lib/x86_64-linux-gnu/libstdc++.so.6.0.30)
  n1: 72704 0x400647D: call_init.part.0 (dl-init.c:70)
   n1: 72704 0x4006567: call_init (dl-init.c:33)
    n1: 72704 0x4006567: _dl_init (dl-init.c:117)
     n1: 72704 0x40202C9: ??? (in /usr/lib/x86_64-linux-gnu/ld-linux-x86-64.so.2)
      n1: 72704 0x2: ???
       n1: 72704 0x1FFF0003A6: ???
        n1: 72704 0x1FFF0003AD: ???
         n0: 72704 0x1FFF0003AF: ???
 n0: 1112 in 6 places, all below massif's threshold (1.00%)
#-----------
snapshot=85
#-----------
time=798061798
mem_heap_B=1122392
mem_heap_extra_B=48
mem_stacks_B=1136
heap_tree=empty
#-----------
snapshot=86
#-----------
time=805220225
mem_heap_B=1122400
mem_heap_extra_B=88
mem_stacks_B=1688
heap_tree=empty
#-----------
snapshot=87
#-----------
time=806659712
mem_heap_B=1138968
mem_heap_extra_B=64
mem_stacks_B=1232
heap_tree=detailed
n4: 1138968 (heap allocation functions) malloc/new/new[], --alloc-fns, etc.
 n0: 524288 0x10AA18: main (in /home/noname/Documents/project_tiny/Sort_on_FPGA/Version1/01_slt/main)
 n1: 524288 0x10B2A2: void std::vector<float, std::allocator<float> >::_M_realloc_insert<float const&>(__gnu_cxx::__normal_iterator<float*, std::vector<float, std::allocator<float> > >, float const&) (in /home/noname/Documents/project_tiny/Sort_on_FPGA/Version1/01_slt/main)
  n1: 524288 0x10D46A: void ReadDataToFile_DEC<float>(std::__cxx11::basic_string<char, std::char_traits<char>, std::allocator<char> > const&, std::vector<float, std::allocator<float> >&) (in /home/noname/Documents/project_tiny/Sort_on_FPGA/Version1/01_slt/main)
   n0: 524288 0x10A7F9: main (in /home/noname/Documents/project_tiny/Sort_on_FPGA/Version1/01_slt/main)
 n1: 72704 0x4914939: ??? (in /usr/lib/x86_64-linux-gnu/libstdc++.so.6.0.30)
  n1: 72704 0x400647D: call_init.part.0 (dl-init.c:70)
   n1: 72704 0x4006567: call_init (dl-init.c:33)
    n1: 72704 0x4006567: _dl_init (dl-init.c:117)
     n1: 72704 0x40202C9: ??? (in /usr/lib/x86_64-linux-gnu/ld-linux-x86-64.so.2)
      n1: 72704 0x2: ???
       n1: 72704 0x1FFF0003A6: ???
        n1: 72704 0x1FFF0003AD: ???
         n0: 72704 0x1FFF0003AF: ???
 n0: 17688 in 8 places, all below massif's threshold (1.00%)
#-----------
snapshot=88
#-----------
time=813818138
mem_heap_B=1122396
mem_heap_extra_B=68
mem_stacks_B=1656
heap_tree=empty
#-----------
snapshot=89
#-----------
time=815552275
mem_heap_B=1154744
mem_heap_extra_B=64
mem_stacks_B=1152
heap_tree=detailed
n6: 1154744 (heap allocation functions) malloc/new/new[], --alloc-fns, etc.
 n0: 524288 0x10AA18: main (in /home/noname/Documents/project_tiny/Sort_on_FPGA/Version1/01_slt/main)
 n1: 524288 0x10B2A2: void std::vector<float, std::allocator<float> >::_M_realloc_insert<float const&>(__gnu_cxx::__normal_iterator<float*, std::vector<float, std::allocator<float> > >, float const&) (in /home/noname/Documents/project_tiny/Sort_on_FPGA/Version1/01_slt/main)
  n1: 524288 0x10D46A: void ReadDataToFile_DEC<float>(std::__cxx11::basic_string<char, std::char_traits<char>, std::allocator<char> > const&, std::vector<float, std::allocator<float> >&) (in /home/noname/Documents/project_tiny/Sort_on_FPGA/Version1/01_slt/main)
   n0: 524288 0x10A7F9: main (in /home/noname/Documents/project_tiny/Sort_on_FPGA/Version1/01_slt/main)
 n1: 72704 0x4914939: ??? (in /usr/lib/x86_64-linux-gnu/libstdc++.so.6.0.30)
  n1: 72704 0x400647D: call_init.part.0 (dl-init.c:70)
   n1: 72704 0x4006567: call_init (dl-init.c:33)
    n1: 72704 0x4006567: _dl_init (dl-init.c:117)
     n1: 72704 0x40202C9: ??? (in /usr/lib/x86_64-linux-gnu/ld-linux-x86-64.so.2)
      n1: 72704 0x2: ???
       n1: 72704 0x1FFF0003A6: ???
        n1: 72704 0x1FFF0003AD: ???
         n0: 72704 0x1FFF0003AF: ???
 n2: 16176 0x10BB97: C_Sort_Algor::P_MergeSort_Merge(std::vector<float, std::allocator<float> >&, int, int, int) (in /home/noname/Documents/project_tiny/Sort_on_FPGA/Version1/01_slt/main)
  n1: 16176 0x10C0A4: C_Framework_Serial::P_Division_Merge(std::vector<float, std::allocator<float> >&, int, int, int, int&) (in /home/noname/Documents/project_tiny/Sort_on_FPGA/Version1/01_slt/main)
   n1: 16176 0x10BFC8: C_Framework_Serial::P_Division_Merge(std::vector<float, std::allocator<float> >&, int, int, int, int&) (in /home/noname/Documents/project_tiny/Sort_on_FPGA/Version1/01_slt/main)
    n2: 16176 0x10BFC8: C_Framework_Serial::P_Division_Merge(std::vector<float, std::allocator<float> >&, int, int, int, int&) (in /home/noname/Documents/project_tiny/Sort_on_FPGA/Version1/01_slt/main)
     n1: 16176 0x10C134: C_Framework_Serial::F_Frameworkd_Serial_Merge(std::vector<float, std::allocator<float> >&, int) (in /home/noname/Documents/project_tiny/Sort_on_FPGA/Version1/01_slt/main)
      n0: 16176 0x10AA80: main (in /home/noname/Documents/project_tiny/Sort_on_FPGA/Version1/01_slt/main)
     n0: 0 in 1 place, below massif's threshold (1.00%)
  n0: 0 in 2 places, all below massif's threshold (1.00%)
 n2: 16176 0x10BC42: C_Sort_Algor::P_MergeSort_Merge(std::vector<float, std::allocator<float> >&, int, int, int) (in /home/noname/Documents/project_tiny/Sort_on_FPGA/Version1/01_slt/main)
  n1: 16176 0x10C0A4: C_Framework_Serial::P_Division_Merge(std::vector<float, std::allocator<float> >&, int, int, int, int&) (in /home/noname/Documents/project_tiny/Sort_on_FPGA/Version1/01_slt/main)
   n1: 16176 0x10BFC8: C_Framework_Serial::P_Division_Merge(std::vector<float, std::allocator<float> >&, int, int, int, int&) (in /home/noname/Documents/project_tiny/Sort_on_FPGA/Version1/01_slt/main)
    n2: 16176 0x10BFC8: C_Framework_Serial::P_Division_Merge(std::vector<float, std::allocator<float> >&, int, int, int, int&) (in /home/noname/Documents/project_tiny/Sort_on_FPGA/Version1/01_slt/main)
     n1: 16176 0x10C134: C_Framework_Serial::F_Frameworkd_Serial_Merge(std::vector<float, std::allocator<float> >&, int) (in /home/noname/Documents/project_tiny/Sort_on_FPGA/Version1/01_slt/main)
      n0: 16176 0x10AA80: main (in /home/noname/Documents/project_tiny/Sort_on_FPGA/Version1/01_slt/main)
     n0: 0 in 1 place, below massif's threshold (1.00%)
  n0: 0 in 2 places, all below massif's threshold (1.00%)
 n0: 1112 in 6 places, all below massif's threshold (1.00%)
#-----------
snapshot=90
#-----------
time=822710703
mem_heap_B=1122404
mem_heap_extra_B=84
mem_stacks_B=1648
heap_tree=empty
#-----------
snapshot=91
#-----------
time=829932420
mem_heap_B=1155320
mem_heap_extra_B=64
mem_stacks_B=1048
heap_tree=empty
#-----------
snapshot=92
#-----------
time=834117076
mem_heap_B=1188248
mem_heap_extra_B=64
mem_stacks_B=1072
heap_tree=peak
n6: 1188248 (heap allocation functions) malloc/new/new[], --alloc-fns, etc.
 n0: 524288 0x10AA18: main (in /home/noname/Documents/project_tiny/Sort_on_FPGA/Version1/01_slt/main)
 n1: 524288 0x10B2A2: void std::vector<float, std::allocator<float> >::_M_realloc_insert<float const&>(__gnu_cxx::__normal_iterator<float*, std::vector<float, std::allocator<float> > >, float const&) (in /home/noname/Documents/project_tiny/Sort_on_FPGA/Version1/01_slt/main)
  n1: 524288 0x10D46A: void ReadDataToFile_DEC<float>(std::__cxx11::basic_string<char, std::char_traits<char>, std::allocator<char> > const&, std::vector<float, std::allocator<float> >&) (in /home/noname/Documents/project_tiny/Sort_on_FPGA/Version1/01_slt/main)
   n0: 524288 0x10A7F9: main (in /home/noname/Documents/project_tiny/Sort_on_FPGA/Version1/01_slt/main)
 n1: 72704 0x4914939: ??? (in /usr/lib/x86_64-linux-gnu/libstdc++.so.6.0.30)
  n1: 72704 0x400647D: call_init.part.0 (dl-init.c:70)
   n1: 72704 0x4006567: call_init (dl-init.c:33)
    n1: 72704 0x4006567: _dl_init (dl-init.c:117)
     n1: 72704 0x40202C9: ??? (in /usr/lib/x86_64-linux-gnu/ld-linux-x86-64.so.2)
      n1: 72704 0x2: ???
       n1: 72704 0x1FFF0003A6: ???
        n1: 72704 0x1FFF0003AD: ???
         n0: 72704 0x1FFF0003AF: ???
 n2: 32928 0x10BB97: C_Sort_Algor::P_MergeSort_Merge(std::vector<float, std::allocator<float> >&, int, int, int) (in /home/noname/Documents/project_tiny/Sort_on_FPGA/Version1/01_slt/main)
  n1: 32928 0x10C0A4: C_Framework_Serial::P_Division_Merge(std::vector<float, std::allocator<float> >&, int, int, int, int&) (in /home/noname/Documents/project_tiny/Sort_on_FPGA/Version1/01_slt/main)
   n2: 32928 0x10BFC8: C_Framework_Serial::P_Division_Merge(std::vector<float, std::allocator<float> >&, int, int, int, int&) (in /home/noname/Documents/project_tiny/Sort_on_FPGA/Version1/01_slt/main)
    n1: 32928 0x10C134: C_Framework_Serial::F_Frameworkd_Serial_Merge(std::vector<float, std::allocator<float> >&, int) (in /home/noname/Documents/project_tiny/Sort_on_FPGA/Version1/01_slt/main)
     n0: 32928 0x10AA80: main (in /home/noname/Documents/project_tiny/Sort_on_FPGA/Version1/01_slt/main)
    n0: 0 in 1 place, below massif's threshold (1.00%)
  n0: 0 in 2 places, all below massif's threshold (1.00%)
 n2: 32928 0x10BC42: C_Sort_Algor::P_MergeSort_Merge(std::vector<float, std::allocator<float> >&, int, int, int) (in /home/noname/Documents/project_tiny/Sort_on_FPGA/Version1/01_slt/main)
  n1: 32928 0x10C0A4: C_Framework_Serial::P_Division_Merge(std::vector<float, std::allocator<float> >&, int, int, int, int&) (in /home/noname/Documents/project_tiny/Sort_on_FPGA/Version1/01_slt/main)
   n2: 32928 0x10BFC8: C_Framework_Serial::P_Division_Merge(std::vector<float, std::allocator<float> >&, int, int, int, int&) (in /home/noname/Documents/project_tiny/Sort_on_FPGA/Version1/01_slt/main)
    n1: 32928 0x10C134: C_Framework_Serial::F_Frameworkd_Serial_Merge(std::vector<float, std::allocator<float> >&, int) (in /home/noname/Documents/project_tiny/Sort_on_FPGA/Version1/01_slt/main)
     n0: 32928 0x10AA80: main (in /home/noname/Documents/project_tiny/Sort_on_FPGA/Version1/01_slt/main)
    n0: 0 in 1 place, below massif's threshold (1.00%)
  n0: 0 in 2 places, all below massif's threshold (1.00%)
 n0: 1112 in 6 places, all below massif's threshold (1.00%)
#-----------
snapshot=93
#-----------
time=841276028
mem_heap_B=1122644
mem_heap_extra_B=68
mem_stacks_B=1448
heap_tree=empty
#-----------
snapshot=94
#-----------
time=848434529
mem_heap_B=1122424
mem_heap_extra_B=64
mem_stacks_B=1528
heap_tree=empty
#-----------
snapshot=95
#-----------
time=855647998
mem_heap_B=1122392
mem_heap_extra_B=48
mem_stacks_B=736
heap_tree=empty
#-----------
snapshot=96
#-----------
time=862806468
mem_heap_B=1122400
mem_heap_extra_B=88
mem_stacks_B=1576
heap_tree=empty
#-----------
snapshot=97
#-----------
time=869964901
mem_heap_B=1122396
mem_heap_extra_B=68
mem_stacks_B=1536
heap_tree=empty
