desc: --stacks=yes --massif-out-file=Reports/ANALYSIS_DIR/checkmemory/MergeSort_Result.out
cmd: ./main 5 2
time_unit: i
#-----------
snapshot=0
#-----------
time=0
mem_heap_B=0
mem_heap_extra_B=0
mem_stacks_B=0
heap_tree=empty
#-----------
snapshot=1
#-----------
time=10753124
mem_heap_B=97773
mem_heap_extra_B=59
mem_stacks_B=1256
heap_tree=empty
#-----------
snapshot=2
#-----------
time=19249792
mem_heap_B=114214
mem_heap_extra_B=74
mem_stacks_B=1608
heap_tree=empty
#-----------
snapshot=3
#-----------
time=35140405
mem_heap_B=146982
mem_heap_extra_B=74
mem_stacks_B=1608
heap_tree=empty
#-----------
snapshot=4
#-----------
time=45670423
mem_heap_B=212518
mem_heap_extra_B=74
mem_stacks_B=1608
heap_tree=empty
#-----------
snapshot=5
#-----------
time=61165099
mem_heap_B=212518
mem_heap_extra_B=74
mem_stacks_B=1648
heap_tree=empty
#-----------
snapshot=6
#-----------
time=73133162
mem_heap_B=212518
mem_heap_extra_B=74
mem_stacks_B=1832
heap_tree=empty
#-----------
snapshot=7
#-----------
time=86114159
mem_heap_B=343590
mem_heap_extra_B=74
mem_stacks_B=1608
heap_tree=empty
#-----------
snapshot=8
#-----------
time=101126532
mem_heap_B=343590
mem_heap_extra_B=74
mem_stacks_B=1608
heap_tree=empty
#-----------
snapshot=9
#-----------
time=112134990
mem_heap_B=343533
mem_heap_extra_B=59
mem_stacks_B=1232
heap_tree=empty
#-----------
snapshot=10
#-----------
time=120142353
mem_heap_B=343590
mem_heap_extra_B=74
mem_stacks_B=1896
heap_tree=empty
#-----------
snapshot=11
#-----------
time=130149927
mem_heap_B=343590
mem_heap_extra_B=74
mem_stacks_B=1608
heap_tree=empty
#-----------
snapshot=12
#-----------
time=143604049
mem_heap_B=343590
mem_heap_extra_B=74
mem_stacks_B=1896
heap_tree=empty
#-----------
snapshot=13
#-----------
time=152267234
mem_heap_B=867821
mem_heap_extra_B=67
mem_stacks_B=1328
heap_tree=detailed
n3: 867821 (heap allocation functions) malloc/new/new[], --alloc-fns, etc.
 n1: 786432 0x10B0D2: void std::vector<float, std::allocator<float> >::_M_realloc_insert<float const&>(__gnu_cxx::__normal_iterator<float*, std::vector<float, std::allocator<float> > >, float const&) (in /home/noname/Documents/project_tiny/Sort_on_FPGA/Version1/01_slt/main)
  n1: 786432 0x10D79A: void ReadDataToFile_DEC<float>(std::__cxx11::basic_string<char, std::char_traits<char>, std::allocator<char> > const&, std::vector<float, std::allocator<float> >&) (in /home/noname/Documents/project_tiny/Sort_on_FPGA/Version1/01_slt/main)
   n0: 786432 0x10A761: main (in /home/noname/Documents/project_tiny/Sort_on_FPGA/Version1/01_slt/main)
 n1: 72704 0x4914939: ??? (in /usr/lib/x86_64-linux-gnu/libstdc++.so.6.0.30)
  n1: 72704 0x400647D: call_init.part.0 (dl-init.c:70)
   n1: 72704 0x4006567: call_init (dl-init.c:33)
    n1: 72704 0x4006567: _dl_init (dl-init.c:117)
     n1: 72704 0x40202C9: ??? (in /usr/lib/x86_64-linux-gnu/ld-linux-x86-64.so.2)
      n1: 72704 0x2: ???
       n1: 72704 0x1FFF0001C2: ???
        n1: 72704 0x1FFF0001C9: ???
         n0: 72704 0x1FFF0001CB: ???
 n0: 8685 in 4 places, all below massif's threshold (1.00%)
#-----------
snapshot=14
#-----------
time=167757371
mem_heap_B=605734
mem_heap_extra_B=74
mem_stacks_B=1464
heap_tree=empty
#-----------
snapshot=15
#-----------
time=174798800
mem_heap_B=605734
mem_heap_extra_B=74
mem_stacks_B=1608
heap_tree=empty
#-----------
snapshot=16
#-----------
time=186065171
mem_heap_B=605734
mem_heap_extra_B=74
mem_stacks_B=1464
heap_tree=empty
#-----------
snapshot=17
#-----------
time=194514511
mem_heap_B=605734
mem_heap_extra_B=74
mem_stacks_B=1608
heap_tree=detailed
n4: 605734 (heap allocation functions) malloc/new/new[], --alloc-fns, etc.
 n1: 524288 0x10B0D2: void std::vector<float, std::allocator<float> >::_M_realloc_insert<float const&>(__gnu_cxx::__normal_iterator<float*, std::vector<float, std::allocator<float> > >, float const&) (in /home/noname/Documents/project_tiny/Sort_on_FPGA/Version1/01_slt/main)
  n1: 524288 0x10D79A: void ReadDataToFile_DEC<float>(std::__cxx11::basic_string<char, std::char_traits<char>, std::allocator<char> > const&, std::vector<float, std::allocator<float> >&) (in /home/noname/Documents/project_tiny/Sort_on_FPGA/Version1/01_slt/main)
   n0: 524288 0x10A761: main (in /home/noname/Documents/project_tiny/Sort_on_FPGA/Version1/01_slt/main)
 n1: 72704 0x4914939: ??? (in /usr/lib/x86_64-linux-gnu/libstdc++.so.6.0.30)
  n1: 72704 0x400647D: call_init.part.0 (dl-init.c:70)
   n1: 72704 0x4006567: call_init (dl-init.c:33)
    n1: 72704 0x4006567: _dl_init (dl-init.c:117)
     n1: 72704 0x40202C9: ??? (in /usr/lib/x86_64-linux-gnu/ld-linux-x86-64.so.2)
      n1: 72704 0x2: ???
       n1: 72704 0x1FFF0001C2: ???
        n1: 72704 0x1FFF0001C9: ???
         n0: 72704 0x1FFF0001CB: ???
 n1: 8192 0x497F023: std::basic_filebuf<char, std::char_traits<char> >::_M_allocate_internal_buffer() (in /usr/lib/x86_64-linux-gnu/libstdc++.so.6.0.30)
  n1: 8192 0x4983015: std::basic_filebuf<char, std::char_traits<char> >::open(char const*, std::_Ios_Openmode) (in /usr/lib/x86_64-linux-gnu/libstdc++.so.6.0.30)
   n1: 8192 0x10D622: void ReadDataToFile_DEC<float>(std::__cxx11::basic_string<char, std::char_traits<char>, std::allocator<char> > const&, std::vector<float, std::allocator<float> >&) (in /home/noname/Documents/project_tiny/Sort_on_FPGA/Version1/01_slt/main)
    n0: 8192 0x10A761: main (in /home/noname/Documents/project_tiny/Sort_on_FPGA/Version1/01_slt/main)
 n0: 550 in 3 places, all below massif's threshold (1.00%)
#-----------
snapshot=18
#-----------
time=204372891
mem_heap_B=605734
mem_heap_extra_B=74
mem_stacks_B=1464
heap_tree=empty
#-----------
snapshot=19
#-----------
time=212380417
mem_heap_B=605734
mem_heap_extra_B=74
mem_stacks_B=1464
heap_tree=empty
#-----------
snapshot=20
#-----------
time=220387678
mem_heap_B=605734
mem_heap_extra_B=74
mem_stacks_B=1896
heap_tree=empty
#-----------
snapshot=21
#-----------
time=230397252
mem_heap_B=605734
mem_heap_extra_B=74
mem_stacks_B=1608
heap_tree=detailed
n4: 605734 (heap allocation functions) malloc/new/new[], --alloc-fns, etc.
 n1: 524288 0x10B0D2: void std::vector<float, std::allocator<float> >::_M_realloc_insert<float const&>(__gnu_cxx::__normal_iterator<float*, std::vector<float, std::allocator<float> > >, float const&) (in /home/noname/Documents/project_tiny/Sort_on_FPGA/Version1/01_slt/main)
  n1: 524288 0x10D79A: void ReadDataToFile_DEC<float>(std::__cxx11::basic_string<char, std::char_traits<char>, std::allocator<char> > const&, std::vector<float, std::allocator<float> >&) (in /home/noname/Documents/project_tiny/Sort_on_FPGA/Version1/01_slt/main)
   n0: 524288 0x10A761: main (in /home/noname/Documents/project_tiny/Sort_on_FPGA/Version1/01_slt/main)
 n1: 72704 0x4914939: ??? (in /usr/lib/x86_64-linux-gnu/libstdc++.so.6.0.30)
  n1: 72704 0x400647D: call_init.part.0 (dl-init.c:70)
   n1: 72704 0x4006567: call_init (dl-init.c:33)
    n1: 72704 0x4006567: _dl_init (dl-init.c:117)
     n1: 72704 0x40202C9: ??? (in /usr/lib/x86_64-linux-gnu/ld-linux-x86-64.so.2)
      n1: 72704 0x2: ???
       n1: 72704 0x1FFF0001C2: ???
        n1: 72704 0x1FFF0001C9: ???
         n0: 72704 0x1FFF0001CB: ???
 n1: 8192 0x497F023: std::basic_filebuf<char, std::char_traits<char> >::_M_allocate_internal_buffer() (in /usr/lib/x86_64-linux-gnu/libstdc++.so.6.0.30)
  n1: 8192 0x4983015: std::basic_filebuf<char, std::char_traits<char> >::open(char const*, std::_Ios_Openmode) (in /usr/lib/x86_64-linux-gnu/libstdc++.so.6.0.30)
   n1: 8192 0x10D622: void ReadDataToFile_DEC<float>(std::__cxx11::basic_string<char, std::char_traits<char>, std::allocator<char> > const&, std::vector<float, std::allocator<float> >&) (in /home/noname/Documents/project_tiny/Sort_on_FPGA/Version1/01_slt/main)
    n0: 8192 0x10A761: main (in /home/noname/Documents/project_tiny/Sort_on_FPGA/Version1/01_slt/main)
 n0: 550 in 3 places, all below massif's threshold (1.00%)
#-----------
snapshot=22
#-----------
time=238404399
mem_heap_B=605734
mem_heap_extra_B=74
mem_stacks_B=1464
heap_tree=empty
#-----------
snapshot=23
#-----------
time=248413161
mem_heap_B=605734
mem_heap_extra_B=74
mem_stacks_B=1464
heap_tree=empty
#-----------
snapshot=24
#-----------
time=262425340
mem_heap_B=605677
mem_heap_extra_B=59
mem_stacks_B=1504
heap_tree=empty
#-----------
snapshot=25
#-----------
time=270432313
mem_heap_B=605734
mem_heap_extra_B=74
mem_stacks_B=1608
heap_tree=detailed
n4: 605734 (heap allocation functions) malloc/new/new[], --alloc-fns, etc.
 n1: 524288 0x10B0D2: void std::vector<float, std::allocator<float> >::_M_realloc_insert<float const&>(__gnu_cxx::__normal_iterator<float*, std::vector<float, std::allocator<float> > >, float const&) (in /home/noname/Documents/project_tiny/Sort_on_FPGA/Version1/01_slt/main)
  n1: 524288 0x10D79A: void ReadDataToFile_DEC<float>(std::__cxx11::basic_string<char, std::char_traits<char>, std::allocator<char> > const&, std::vector<float, std::allocator<float> >&) (in /home/noname/Documents/project_tiny/Sort_on_FPGA/Version1/01_slt/main)
   n0: 524288 0x10A761: main (in /home/noname/Documents/project_tiny/Sort_on_FPGA/Version1/01_slt/main)
 n1: 72704 0x4914939: ??? (in /usr/lib/x86_64-linux-gnu/libstdc++.so.6.0.30)
  n1: 72704 0x400647D: call_init.part.0 (dl-init.c:70)
   n1: 72704 0x4006567: call_init (dl-init.c:33)
    n1: 72704 0x4006567: _dl_init (dl-init.c:117)
     n1: 72704 0x40202C9: ??? (in /usr/lib/x86_64-linux-gnu/ld-linux-x86-64.so.2)
      n1: 72704 0x2: ???
       n1: 72704 0x1FFF0001C2: ???
        n1: 72704 0x1FFF0001C9: ???
         n0: 72704 0x1FFF0001CB: ???
 n1: 8192 0x497F023: std::basic_filebuf<char, std::char_traits<char> >::_M_allocate_internal_buffer() (in /usr/lib/x86_64-linux-gnu/libstdc++.so.6.0.30)
  n1: 8192 0x4983015: std::basic_filebuf<char, std::char_traits<char> >::open(char const*, std::_Ios_Openmode) (in /usr/lib/x86_64-linux-gnu/libstdc++.so.6.0.30)
   n1: 8192 0x10D622: void ReadDataToFile_DEC<float>(std::__cxx11::basic_string<char, std::char_traits<char>, std::allocator<char> > const&, std::vector<float, std::allocator<float> >&) (in /home/noname/Documents/project_tiny/Sort_on_FPGA/Version1/01_slt/main)
    n0: 8192 0x10A761: main (in /home/noname/Documents/project_tiny/Sort_on_FPGA/Version1/01_slt/main)
 n0: 550 in 3 places, all below massif's threshold (1.00%)
#-----------
snapshot=26
#-----------
time=280441572
mem_heap_B=605734
mem_heap_extra_B=74
mem_stacks_B=1832
heap_tree=empty
#-----------
snapshot=27
#-----------
time=292452362
mem_heap_B=605734
mem_heap_extra_B=74
mem_stacks_B=1408
heap_tree=empty
#-----------
snapshot=28
#-----------
time=304463598
mem_heap_B=606718
mem_heap_extra_B=66
mem_stacks_B=4056
heap_tree=empty
#-----------
snapshot=29
#-----------
time=312470749
mem_heap_B=606718
mem_heap_extra_B=66
mem_stacks_B=4056
heap_tree=empty
#-----------
snapshot=30
#-----------
time=320477911
mem_heap_B=606718
mem_heap_extra_B=66
mem_stacks_B=3560
heap_tree=empty
#-----------
snapshot=31
#-----------
time=328485072
mem_heap_B=606718
mem_heap_extra_B=66
mem_stacks_B=1256
heap_tree=empty
#-----------
snapshot=32
#-----------
time=336492257
mem_heap_B=606718
mem_heap_extra_B=66
mem_stacks_B=1520
heap_tree=empty
#-----------
snapshot=33
#-----------
time=352506564
mem_heap_B=606718
mem_heap_extra_B=66
mem_stacks_B=1768
heap_tree=empty
#-----------
snapshot=34
#-----------
time=360513937
mem_heap_B=606718
mem_heap_extra_B=66
mem_stacks_B=3608
heap_tree=empty
#-----------
snapshot=35
#-----------
time=368521111
mem_heap_B=606718
mem_heap_extra_B=66
mem_stacks_B=4216
heap_tree=empty
#-----------
snapshot=36
#-----------
time=376528271
mem_heap_B=606718
mem_heap_extra_B=66
mem_stacks_B=4168
heap_tree=empty
#-----------
snapshot=37
#-----------
time=384535418
mem_heap_B=606718
mem_heap_extra_B=66
mem_stacks_B=4152
heap_tree=empty
#-----------
snapshot=38
#-----------
time=392542581
mem_heap_B=606718
mem_heap_extra_B=66
mem_stacks_B=4200
heap_tree=empty
#-----------
snapshot=39
#-----------
time=400549757
mem_heap_B=606718
mem_heap_extra_B=66
mem_stacks_B=4152
heap_tree=empty
#-----------
snapshot=40
#-----------
time=412560570
mem_heap_B=606718
mem_heap_extra_B=66
mem_stacks_B=3560
heap_tree=empty
#-----------
snapshot=41
#-----------
time=420567825
mem_heap_B=606718
mem_heap_extra_B=66
mem_stacks_B=4216
heap_tree=empty
#-----------
snapshot=42
#-----------
time=432578718
mem_heap_B=606718
mem_heap_extra_B=66
mem_stacks_B=4168
heap_tree=empty
#-----------
snapshot=43
#-----------
time=444589676
mem_heap_B=606718
mem_heap_extra_B=66
mem_stacks_B=3608
heap_tree=empty
#-----------
snapshot=44
#-----------
time=452596947
mem_heap_B=606718
mem_heap_extra_B=66
mem_stacks_B=4056
heap_tree=empty
#-----------
snapshot=45
#-----------
time=460604111
mem_heap_B=606718
mem_heap_extra_B=66
mem_stacks_B=1296
heap_tree=empty
#-----------
snapshot=46
#-----------
time=468611465
mem_heap_B=606718
mem_heap_extra_B=66
mem_stacks_B=3608
heap_tree=empty
#-----------
snapshot=47
#-----------
time=480622234
mem_heap_B=606718
mem_heap_extra_B=66
mem_stacks_B=4136
heap_tree=empty
#-----------
snapshot=48
#-----------
time=492633129
mem_heap_B=606718
mem_heap_extra_B=66
mem_stacks_B=3560
heap_tree=empty
#-----------
snapshot=49
#-----------
time=504644265
mem_heap_B=606718
mem_heap_extra_B=66
mem_stacks_B=3560
heap_tree=empty
#-----------
snapshot=50
#-----------
time=511685708
mem_heap_B=606718
mem_heap_extra_B=66
mem_stacks_B=4216
heap_tree=empty
#-----------
snapshot=51
#-----------
time=518727141
mem_heap_B=606718
mem_heap_extra_B=66
mem_stacks_B=4048
heap_tree=empty
#-----------
snapshot=52
#-----------
time=525768585
mem_heap_B=606718
mem_heap_extra_B=66
mem_stacks_B=3560
heap_tree=detailed
n4: 606718 (heap allocation functions) malloc/new/new[], --alloc-fns, etc.
 n1: 524288 0x10B0D2: void std::vector<float, std::allocator<float> >::_M_realloc_insert<float const&>(__gnu_cxx::__normal_iterator<float*, std::vector<float, std::allocator<float> > >, float const&) (in /home/noname/Documents/project_tiny/Sort_on_FPGA/Version1/01_slt/main)
  n1: 524288 0x10D79A: void ReadDataToFile_DEC<float>(std::__cxx11::basic_string<char, std::char_traits<char>, std::allocator<char> > const&, std::vector<float, std::allocator<float> >&) (in /home/noname/Documents/project_tiny/Sort_on_FPGA/Version1/01_slt/main)
   n0: 524288 0x10A761: main (in /home/noname/Documents/project_tiny/Sort_on_FPGA/Version1/01_slt/main)
 n1: 72704 0x4914939: ??? (in /usr/lib/x86_64-linux-gnu/libstdc++.so.6.0.30)
  n1: 72704 0x400647D: call_init.part.0 (dl-init.c:70)
   n1: 72704 0x4006567: call_init (dl-init.c:33)
    n1: 72704 0x4006567: _dl_init (dl-init.c:117)
     n1: 72704 0x40202C9: ??? (in /usr/lib/x86_64-linux-gnu/ld-linux-x86-64.so.2)
      n1: 72704 0x2: ???
       n1: 72704 0x1FFF0001C2: ???
        n1: 72704 0x1FFF0001C9: ???
         n0: 72704 0x1FFF0001CB: ???
 n1: 8192 0x497F023: std::basic_filebuf<char, std::char_traits<char> >::_M_allocate_internal_buffer() (in /usr/lib/x86_64-linux-gnu/libstdc++.so.6.0.30)
  n2: 8192 0x4983015: std::basic_filebuf<char, std::char_traits<char> >::open(char const*, std::_Ios_Openmode) (in /usr/lib/x86_64-linux-gnu/libstdc++.so.6.0.30)
   n1: 8192 0x10D1E0: void WriteDataToFile_Dec<float>(std::vector<float, std::allocator<float> > const&, std::__cxx11::basic_string<char, std::char_traits<char>, std::allocator<char> > const&) (in /home/noname/Documents/project_tiny/Sort_on_FPGA/Version1/01_slt/main)
    n0: 8192 0x10A786: main (in /home/noname/Documents/project_tiny/Sort_on_FPGA/Version1/01_slt/main)
   n0: 0 in 1 place, below massif's threshold (1.00%)
 n0: 1534 in 4 places, all below massif's threshold (1.00%)
#-----------
snapshot=53
#-----------
time=532810015
mem_heap_B=606718
mem_heap_extra_B=66
mem_stacks_B=2168
heap_tree=empty
#-----------
snapshot=54
#-----------
time=539851447
mem_heap_B=606718
mem_heap_extra_B=66
mem_stacks_B=4136
heap_tree=empty
#-----------
snapshot=55
#-----------
time=546893018
mem_heap_B=606718
mem_heap_extra_B=66
mem_stacks_B=3560
heap_tree=empty
#-----------
snapshot=56
#-----------
time=553934448
mem_heap_B=606718
mem_heap_extra_B=66
mem_stacks_B=3560
heap_tree=empty
#-----------
snapshot=57
#-----------
time=560975989
mem_heap_B=606718
mem_heap_extra_B=66
mem_stacks_B=3560
heap_tree=empty
#-----------
snapshot=58
#-----------
time=568017572
mem_heap_B=606718
mem_heap_extra_B=66
mem_stacks_B=3560
heap_tree=empty
#-----------
snapshot=59
#-----------
time=575059001
mem_heap_B=606718
mem_heap_extra_B=66
mem_stacks_B=4168
heap_tree=empty
#-----------
snapshot=60
#-----------
time=582100451
mem_heap_B=606718
mem_heap_extra_B=66
mem_stacks_B=3904
heap_tree=empty
#-----------
snapshot=61
#-----------
time=589142037
mem_heap_B=606718
mem_heap_extra_B=66
mem_stacks_B=3608
heap_tree=empty
#-----------
snapshot=62
#-----------
time=596183645
mem_heap_B=606718
mem_heap_extra_B=66
mem_stacks_B=3608
heap_tree=detailed
n4: 606718 (heap allocation functions) malloc/new/new[], --alloc-fns, etc.
 n1: 524288 0x10B0D2: void std::vector<float, std::allocator<float> >::_M_realloc_insert<float const&>(__gnu_cxx::__normal_iterator<float*, std::vector<float, std::allocator<float> > >, float const&) (in /home/noname/Documents/project_tiny/Sort_on_FPGA/Version1/01_slt/main)
  n1: 524288 0x10D79A: void ReadDataToFile_DEC<float>(std::__cxx11::basic_string<char, std::char_traits<char>, std::allocator<char> > const&, std::vector<float, std::allocator<float> >&) (in /home/noname/Documents/project_tiny/Sort_on_FPGA/Version1/01_slt/main)
   n0: 524288 0x10A761: main (in /home/noname/Documents/project_tiny/Sort_on_FPGA/Version1/01_slt/main)
 n1: 72704 0x4914939: ??? (in /usr/lib/x86_64-linux-gnu/libstdc++.so.6.0.30)
  n1: 72704 0x400647D: call_init.part.0 (dl-init.c:70)
   n1: 72704 0x4006567: call_init (dl-init.c:33)
    n1: 72704 0x4006567: _dl_init (dl-init.c:117)
     n1: 72704 0x40202C9: ??? (in /usr/lib/x86_64-linux-gnu/ld-linux-x86-64.so.2)
      n1: 72704 0x2: ???
       n1: 72704 0x1FFF0001C2: ???
        n1: 72704 0x1FFF0001C9: ???
         n0: 72704 0x1FFF0001CB: ???
 n1: 8192 0x497F023: std::basic_filebuf<char, std::char_traits<char> >::_M_allocate_internal_buffer() (in /usr/lib/x86_64-linux-gnu/libstdc++.so.6.0.30)
  n2: 8192 0x4983015: std::basic_filebuf<char, std::char_traits<char> >::open(char const*, std::_Ios_Openmode) (in /usr/lib/x86_64-linux-gnu/libstdc++.so.6.0.30)
   n1: 8192 0x10D1E0: void WriteDataToFile_Dec<float>(std::vector<float, std::allocator<float> > const&, std::__cxx11::basic_string<char, std::char_traits<char>, std::allocator<char> > const&) (in /home/noname/Documents/project_tiny/Sort_on_FPGA/Version1/01_slt/main)
    n0: 8192 0x10A786: main (in /home/noname/Documents/project_tiny/Sort_on_FPGA/Version1/01_slt/main)
   n0: 0 in 1 place, below massif's threshold (1.00%)
 n0: 1534 in 4 places, all below massif's threshold (1.00%)
#-----------
snapshot=63
#-----------
time=603225078
mem_heap_B=606718
mem_heap_extra_B=66
mem_stacks_B=1352
heap_tree=empty
#-----------
snapshot=64
#-----------
time=610266530
mem_heap_B=606718
mem_heap_extra_B=66
mem_stacks_B=4056
heap_tree=empty
#-----------
snapshot=65
#-----------
time=617307960
mem_heap_B=606718
mem_heap_extra_B=66
mem_stacks_B=1336
heap_tree=empty
#-----------
snapshot=66
#-----------
time=624349402
mem_heap_B=606718
mem_heap_extra_B=66
mem_stacks_B=2216
heap_tree=empty
#-----------
snapshot=67
#-----------
time=631390837
mem_heap_B=606718
mem_heap_extra_B=66
mem_stacks_B=4136
heap_tree=empty
#-----------
snapshot=68
#-----------
time=638432272
mem_heap_B=606718
mem_heap_extra_B=66
mem_stacks_B=4152
heap_tree=empty
#-----------
snapshot=69
#-----------
time=645473705
mem_heap_B=606718
mem_heap_extra_B=66
mem_stacks_B=2248
heap_tree=empty
#-----------
snapshot=70
#-----------
time=652515139
mem_heap_B=606718
mem_heap_extra_B=66
mem_stacks_B=4056
heap_tree=empty
#-----------
snapshot=71
#-----------
time=659556586
mem_heap_B=606718
mem_heap_extra_B=66
mem_stacks_B=4056
heap_tree=empty
#-----------
snapshot=72
#-----------
time=666598268
mem_heap_B=606718
mem_heap_extra_B=66
mem_stacks_B=3608
heap_tree=detailed
n4: 606718 (heap allocation functions) malloc/new/new[], --alloc-fns, etc.
 n1: 524288 0x10B0D2: void std::vector<float, std::allocator<float> >::_M_realloc_insert<float const&>(__gnu_cxx::__normal_iterator<float*, std::vector<float, std::allocator<float> > >, float const&) (in /home/noname/Documents/project_tiny/Sort_on_FPGA/Version1/01_slt/main)
  n1: 524288 0x10D79A: void ReadDataToFile_DEC<float>(std::__cxx11::basic_string<char, std::char_traits<char>, std::allocator<char> > const&, std::vector<float, std::allocator<float> >&) (in /home/noname/Documents/project_tiny/Sort_on_FPGA/Version1/01_slt/main)
   n0: 524288 0x10A761: main (in /home/noname/Documents/project_tiny/Sort_on_FPGA/Version1/01_slt/main)
 n1: 72704 0x4914939: ??? (in /usr/lib/x86_64-linux-gnu/libstdc++.so.6.0.30)
  n1: 72704 0x400647D: call_init.part.0 (dl-init.c:70)
   n1: 72704 0x4006567: call_init (dl-init.c:33)
    n1: 72704 0x4006567: _dl_init (dl-init.c:117)
     n1: 72704 0x40202C9: ??? (in /usr/lib/x86_64-linux-gnu/ld-linux-x86-64.so.2)
      n1: 72704 0x2: ???
       n1: 72704 0x1FFF0001C2: ???
        n1: 72704 0x1FFF0001C9: ???
         n0: 72704 0x1FFF0001CB: ???
 n1: 8192 0x497F023: std::basic_filebuf<char, std::char_traits<char> >::_M_allocate_internal_buffer() (in /usr/lib/x86_64-linux-gnu/libstdc++.so.6.0.30)
  n2: 8192 0x4983015: std::basic_filebuf<char, std::char_traits<char> >::open(char const*, std::_Ios_Openmode) (in /usr/lib/x86_64-linux-gnu/libstdc++.so.6.0.30)
   n1: 8192 0x10D1E0: void WriteDataToFile_Dec<float>(std::vector<float, std::allocator<float> > const&, std::__cxx11::basic_string<char, std::char_traits<char>, std::allocator<char> > const&) (in /home/noname/Documents/project_tiny/Sort_on_FPGA/Version1/01_slt/main)
    n0: 8192 0x10A786: main (in /home/noname/Documents/project_tiny/Sort_on_FPGA/Version1/01_slt/main)
   n0: 0 in 1 place, below massif's threshold (1.00%)
 n0: 1534 in 4 places, all below massif's threshold (1.00%)
#-----------
snapshot=73
#-----------
time=673639708
mem_heap_B=606718
mem_heap_extra_B=66
mem_stacks_B=1208
heap_tree=empty
#-----------
snapshot=74
#-----------
time=680681144
mem_heap_B=606718
mem_heap_extra_B=66
mem_stacks_B=1504
heap_tree=empty
#-----------
snapshot=75
#-----------
time=687722574
mem_heap_B=606718
mem_heap_extra_B=66
mem_stacks_B=1512
heap_tree=empty
#-----------
snapshot=76
#-----------
time=694764043
mem_heap_B=606718
mem_heap_extra_B=66
mem_stacks_B=4056
heap_tree=empty
#-----------
snapshot=77
#-----------
time=701805477
mem_heap_B=606718
mem_heap_extra_B=66
mem_stacks_B=1816
heap_tree=empty
#-----------
snapshot=78
#-----------
time=708846913
mem_heap_B=606718
mem_heap_extra_B=66
mem_stacks_B=4048
heap_tree=empty
#-----------
snapshot=79
#-----------
time=715888342
mem_heap_B=606718
mem_heap_extra_B=66
mem_stacks_B=4056
heap_tree=empty
#-----------
snapshot=80
#-----------
time=722929772
mem_heap_B=606718
mem_heap_extra_B=66
mem_stacks_B=1552
heap_tree=empty
#-----------
snapshot=81
#-----------
time=729971206
mem_heap_B=606718
mem_heap_extra_B=66
mem_stacks_B=3560
heap_tree=empty
#-----------
snapshot=82
#-----------
time=737012650
mem_heap_B=606718
mem_heap_extra_B=66
mem_stacks_B=4056
heap_tree=detailed
n4: 606718 (heap allocation functions) malloc/new/new[], --alloc-fns, etc.
 n1: 524288 0x10B0D2: void std::vector<float, std::allocator<float> >::_M_realloc_insert<float const&>(__gnu_cxx::__normal_iterator<float*, std::vector<float, std::allocator<float> > >, float const&) (in /home/noname/Documents/project_tiny/Sort_on_FPGA/Version1/01_slt/main)
  n1: 524288 0x10D79A: void ReadDataToFile_DEC<float>(std::__cxx11::basic_string<char, std::char_traits<char>, std::allocator<char> > const&, std::vector<float, std::allocator<float> >&) (in /home/noname/Documents/project_tiny/Sort_on_FPGA/Version1/01_slt/main)
   n0: 524288 0x10A761: main (in /home/noname/Documents/project_tiny/Sort_on_FPGA/Version1/01_slt/main)
 n1: 72704 0x4914939: ??? (in /usr/lib/x86_64-linux-gnu/libstdc++.so.6.0.30)
  n1: 72704 0x400647D: call_init.part.0 (dl-init.c:70)
   n1: 72704 0x4006567: call_init (dl-init.c:33)
    n1: 72704 0x4006567: _dl_init (dl-init.c:117)
     n1: 72704 0x40202C9: ??? (in /usr/lib/x86_64-linux-gnu/ld-linux-x86-64.so.2)
      n1: 72704 0x2: ???
       n1: 72704 0x1FFF0001C2: ???
        n1: 72704 0x1FFF0001C9: ???
         n0: 72704 0x1FFF0001CB: ???
 n1: 8192 0x497F023: std::basic_filebuf<char, std::char_traits<char> >::_M_allocate_internal_buffer() (in /usr/lib/x86_64-linux-gnu/libstdc++.so.6.0.30)
  n2: 8192 0x4983015: std::basic_filebuf<char, std::char_traits<char> >::open(char const*, std::_Ios_Openmode) (in /usr/lib/x86_64-linux-gnu/libstdc++.so.6.0.30)
   n1: 8192 0x10D1E0: void WriteDataToFile_Dec<float>(std::vector<float, std::allocator<float> > const&, std::__cxx11::basic_string<char, std::char_traits<char>, std::allocator<char> > const&) (in /home/noname/Documents/project_tiny/Sort_on_FPGA/Version1/01_slt/main)
    n0: 8192 0x10A786: main (in /home/noname/Documents/project_tiny/Sort_on_FPGA/Version1/01_slt/main)
   n0: 0 in 1 place, below massif's threshold (1.00%)
 n0: 1534 in 4 places, all below massif's threshold (1.00%)
#-----------
snapshot=83
#-----------
time=744054108
mem_heap_B=606718
mem_heap_extra_B=66
mem_stacks_B=4216
heap_tree=empty
#-----------
snapshot=84
#-----------
time=751095791
mem_heap_B=606718
mem_heap_extra_B=66
mem_stacks_B=3608
heap_tree=empty
#-----------
snapshot=85
#-----------
time=758137222
mem_heap_B=606718
mem_heap_extra_B=66
mem_stacks_B=4200
heap_tree=empty
#-----------
snapshot=86
#-----------
time=765178674
mem_heap_B=606718
mem_heap_extra_B=66
mem_stacks_B=4200
heap_tree=empty
#-----------
snapshot=87
#-----------
time=772220113
mem_heap_B=606718
mem_heap_extra_B=66
mem_stacks_B=4168
heap_tree=empty
#-----------
snapshot=88
#-----------
time=779261544
mem_heap_B=606718
mem_heap_extra_B=66
mem_stacks_B=1160
heap_tree=empty
#-----------
snapshot=89
#-----------
time=786302976
mem_heap_B=606718
mem_heap_extra_B=66
mem_stacks_B=4176
heap_tree=empty
#-----------
snapshot=90
#-----------
time=790868539
mem_heap_B=1122392
mem_heap_extra_B=48
mem_stacks_B=624
heap_tree=peak
n4: 1122392 (heap allocation functions) malloc/new/new[], --alloc-fns, etc.
 n0: 524288 0x10A8CE: main (in /home/noname/Documents/project_tiny/Sort_on_FPGA/Version1/01_slt/main)
 n1: 524288 0x10B0D2: void std::vector<float, std::allocator<float> >::_M_realloc_insert<float const&>(__gnu_cxx::__normal_iterator<float*, std::vector<float, std::allocator<float> > >, float const&) (in /home/noname/Documents/project_tiny/Sort_on_FPGA/Version1/01_slt/main)
  n1: 524288 0x10D79A: void ReadDataToFile_DEC<float>(std::__cxx11::basic_string<char, std::char_traits<char>, std::allocator<char> > const&, std::vector<float, std::allocator<float> >&) (in /home/noname/Documents/project_tiny/Sort_on_FPGA/Version1/01_slt/main)
   n0: 524288 0x10A761: main (in /home/noname/Documents/project_tiny/Sort_on_FPGA/Version1/01_slt/main)
 n1: 72704 0x4914939: ??? (in /usr/lib/x86_64-linux-gnu/libstdc++.so.6.0.30)
  n1: 72704 0x400647D: call_init.part.0 (dl-init.c:70)
   n1: 72704 0x4006567: call_init (dl-init.c:33)
    n1: 72704 0x4006567: _dl_init (dl-init.c:117)
     n1: 72704 0x40202C9: ??? (in /usr/lib/x86_64-linux-gnu/ld-linux-x86-64.so.2)
      n1: 72704 0x2: ???
       n1: 72704 0x1FFF0001C2: ???
        n1: 72704 0x1FFF0001C9: ???
         n0: 72704 0x1FFF0001CB: ???
 n0: 1112 in 6 places, all below massif's threshold (1.00%)
#-----------
snapshot=91
#-----------
time=797910024
mem_heap_B=1122392
mem_heap_extra_B=48
mem_stacks_B=720
heap_tree=empty
#-----------
snapshot=92
#-----------
time=805025129
mem_heap_B=1122392
mem_heap_extra_B=48
mem_stacks_B=720
heap_tree=empty
#-----------
snapshot=93
#-----------
time=812068348
mem_heap_B=1122392
mem_heap_extra_B=48
mem_stacks_B=720
heap_tree=empty
#-----------
snapshot=94
#-----------
time=819115078
mem_heap_B=1122392
mem_heap_extra_B=48
mem_stacks_B=720
heap_tree=empty
#-----------
snapshot=95
#-----------
time=826156564
mem_heap_B=1122392
mem_heap_extra_B=48
mem_stacks_B=720
heap_tree=empty
