--------------------------------------------------------------------------------
Command:            ./main 5 2
Massif arguments:   --stacks=yes --massif-out-file=Reports/ANALYSIS_DIR/checkmemory/QuickSort_Result.out
ms_print arguments: Reports/ANALYSIS_DIR/checkmemory/QuickSort_Result.out
--------------------------------------------------------------------------------


    MB
1.071^                                                                     :::
     |                                                                    #:::
     |                                                                    #:::
     |                                                                    #:::
     |                                                                    #:::
     |             @                                                      #:::
     |             @                                                      #:::
     |             @                                                      #:::
     |             @                                                      #:::
     |             @                                                      #:::
     |             @::@:::@::@:::::::::::::::::::::@:::::@::::::@:::::@:::#:::
     |             @::@:::@::@:::::::::::::::::::::@:::::@::::::@:::::@:::#:::
     |             @::@:::@::@:::::::::::::::::::::@:::::@::::::@:::::@:::#:::
     |             @::@:::@::@:::::::::::::::::::::@:::::@::::::@:::::@:::#:::
     |       ::::::@::@:::@::@:::::::::::::::::::::@:::::@::::::@:::::@:::#:::
     |       ::::::@::@:::@::@:::::::::::::::::::::@:::::@::::::@:::::@:::#:::
     |       ::::::@::@:::@::@:::::::::::::::::::::@:::::@::::::@:::::@:::#:::
     |   ::::::::::@::@:::@::@:::::::::::::::::::::@:::::@::::::@:::::@:::#:::
     | ::: ::::::::@::@:::@::@:::::::::::::::::::::@:::::@::::::@:::::@:::#:::
     |:: : ::::::::@::@:::@::@:::::::::::::::::::::@:::::@::::::@:::::@:::#:::
   0 +----------------------------------------------------------------------->Mi
     0                                                                   787.9

Number of snapshots: 96
 Detailed snapshots: [13, 17, 21, 25, 52, 62, 72, 82, 90 (peak)]

--------------------------------------------------------------------------------
  n        time(i)         total(B)   useful-heap(B) extra-heap(B)    stacks(B)
--------------------------------------------------------------------------------
  0              0                0                0             0            0
  1     10,753,124           99,088           97,773            59        1,256
  2     19,249,792          115,896          114,214            74        1,608
  3     35,140,405          148,664          146,982            74        1,608
  4     45,670,423          214,200          212,518            74        1,608
  5     61,165,099          214,240          212,518            74        1,648
  6     73,133,162          214,424          212,518            74        1,832
  7     86,114,159          345,272          343,590            74        1,608
  8    101,126,532          345,272          343,590            74        1,608
  9    112,134,990          344,824          343,533            59        1,232
 10    120,142,353          345,560          343,590            74        1,896
 11    130,149,927          345,272          343,590            74        1,608
 12    143,604,049          345,560          343,590            74        1,896
 13    152,267,234          869,216          867,821            67        1,328
99.84% (867,821B) (heap allocation functions) malloc/new/new[], --alloc-fns, etc.
->90.48% (786,432B) 0x10B0D2: void std::vector<float, std::allocator<float> >::_M_realloc_insert<float const&>(__gnu_cxx::__normal_iterator<float*, std::vector<float, std::allocator<float> > >, float const&) (in /home/noname/Documents/project_tiny/Sort_on_FPGA/Version1/01_slt/main)
| ->90.48% (786,432B) 0x10D79A: void ReadDataToFile_DEC<float>(std::__cxx11::basic_string<char, std::char_traits<char>, std::allocator<char> > const&, std::vector<float, std::allocator<float> >&) (in /home/noname/Documents/project_tiny/Sort_on_FPGA/Version1/01_slt/main)
|   ->90.48% (786,432B) 0x10A761: main (in /home/noname/Documents/project_tiny/Sort_on_FPGA/Version1/01_slt/main)
|     
->08.36% (72,704B) 0x4914939: ??? (in /usr/lib/x86_64-linux-gnu/libstdc++.so.6.0.30)
| ->08.36% (72,704B) 0x400647D: call_init.part.0 (dl-init.c:70)
|   ->08.36% (72,704B) 0x4006567: call_init (dl-init.c:33)
|     ->08.36% (72,704B) 0x4006567: _dl_init (dl-init.c:117)
|       ->08.36% (72,704B) 0x40202C9: ??? (in /usr/lib/x86_64-linux-gnu/ld-linux-x86-64.so.2)
|         ->08.36% (72,704B) 0x2: ???
|           ->08.36% (72,704B) 0x1FFF0001C2: ???
|             ->08.36% (72,704B) 0x1FFF0001C9: ???
|               ->08.36% (72,704B) 0x1FFF0001CB: ???
|                 
->01.00% (8,685B) in 1+ places, all below ms_print's threshold (01.00%)

--------------------------------------------------------------------------------
  n        time(i)         total(B)   useful-heap(B) extra-heap(B)    stacks(B)
--------------------------------------------------------------------------------
 14    167,757,371          607,272          605,734            74        1,464
 15    174,798,800          607,416          605,734            74        1,608
 16    186,065,171          607,272          605,734            74        1,464
 17    194,514,511          607,416          605,734            74        1,608
99.72% (605,734B) (heap allocation functions) malloc/new/new[], --alloc-fns, etc.
->86.31% (524,288B) 0x10B0D2: void std::vector<float, std::allocator<float> >::_M_realloc_insert<float const&>(__gnu_cxx::__normal_iterator<float*, std::vector<float, std::allocator<float> > >, float const&) (in /home/noname/Documents/project_tiny/Sort_on_FPGA/Version1/01_slt/main)
| ->86.31% (524,288B) 0x10D79A: void ReadDataToFile_DEC<float>(std::__cxx11::basic_string<char, std::char_traits<char>, std::allocator<char> > const&, std::vector<float, std::allocator<float> >&) (in /home/noname/Documents/project_tiny/Sort_on_FPGA/Version1/01_slt/main)
|   ->86.31% (524,288B) 0x10A761: main (in /home/noname/Documents/project_tiny/Sort_on_FPGA/Version1/01_slt/main)
|     
->11.97% (72,704B) 0x4914939: ??? (in /usr/lib/x86_64-linux-gnu/libstdc++.so.6.0.30)
| ->11.97% (72,704B) 0x400647D: call_init.part.0 (dl-init.c:70)
|   ->11.97% (72,704B) 0x4006567: call_init (dl-init.c:33)
|     ->11.97% (72,704B) 0x4006567: _dl_init (dl-init.c:117)
|       ->11.97% (72,704B) 0x40202C9: ??? (in /usr/lib/x86_64-linux-gnu/ld-linux-x86-64.so.2)
|         ->11.97% (72,704B) 0x2: ???
|           ->11.97% (72,704B) 0x1FFF0001C2: ???
|             ->11.97% (72,704B) 0x1FFF0001C9: ???
|               ->11.97% (72,704B) 0x1FFF0001CB: ???
|                 
->01.35% (8,192B) 0x497F023: std::basic_filebuf<char, std::char_traits<char> >::_M_allocate_internal_buffer() (in /usr/lib/x86_64-linux-gnu/libstdc++.so.6.0.30)
| ->01.35% (8,192B) 0x4983015: std::basic_filebuf<char, std::char_traits<char> >::open(char const*, std::_Ios_Openmode) (in /usr/lib/x86_64-linux-gnu/libstdc++.so.6.0.30)
|   ->01.35% (8,192B) 0x10D622: void ReadDataToFile_DEC<float>(std::__cxx11::basic_string<char, std::char_traits<char>, std::allocator<char> > const&, std::vector<float, std::allocator<float> >&) (in /home/noname/Documents/project_tiny/Sort_on_FPGA/Version1/01_slt/main)
|     ->01.35% (8,192B) 0x10A761: main (in /home/noname/Documents/project_tiny/Sort_on_FPGA/Version1/01_slt/main)
|       
->00.09% (550B) in 1+ places, all below ms_print's threshold (01.00%)

--------------------------------------------------------------------------------
  n        time(i)         total(B)   useful-heap(B) extra-heap(B)    stacks(B)
--------------------------------------------------------------------------------
 18    204,372,891          607,272          605,734            74        1,464
 19    212,380,417          607,272          605,734            74        1,464
 20    220,387,678          607,704          605,734            74        1,896
 21    230,397,252          607,416          605,734            74        1,608
99.72% (605,734B) (heap allocation functions) malloc/new/new[], --alloc-fns, etc.
->86.31% (524,288B) 0x10B0D2: void std::vector<float, std::allocator<float> >::_M_realloc_insert<float const&>(__gnu_cxx::__normal_iterator<float*, std::vector<float, std::allocator<float> > >, float const&) (in /home/noname/Documents/project_tiny/Sort_on_FPGA/Version1/01_slt/main)
| ->86.31% (524,288B) 0x10D79A: void ReadDataToFile_DEC<float>(std::__cxx11::basic_string<char, std::char_traits<char>, std::allocator<char> > const&, std::vector<float, std::allocator<float> >&) (in /home/noname/Documents/project_tiny/Sort_on_FPGA/Version1/01_slt/main)
|   ->86.31% (524,288B) 0x10A761: main (in /home/noname/Documents/project_tiny/Sort_on_FPGA/Version1/01_slt/main)
|     
->11.97% (72,704B) 0x4914939: ??? (in /usr/lib/x86_64-linux-gnu/libstdc++.so.6.0.30)
| ->11.97% (72,704B) 0x400647D: call_init.part.0 (dl-init.c:70)
|   ->11.97% (72,704B) 0x4006567: call_init (dl-init.c:33)
|     ->11.97% (72,704B) 0x4006567: _dl_init (dl-init.c:117)
|       ->11.97% (72,704B) 0x40202C9: ??? (in /usr/lib/x86_64-linux-gnu/ld-linux-x86-64.so.2)
|         ->11.97% (72,704B) 0x2: ???
|           ->11.97% (72,704B) 0x1FFF0001C2: ???
|             ->11.97% (72,704B) 0x1FFF0001C9: ???
|               ->11.97% (72,704B) 0x1FFF0001CB: ???
|                 
->01.35% (8,192B) 0x497F023: std::basic_filebuf<char, std::char_traits<char> >::_M_allocate_internal_buffer() (in /usr/lib/x86_64-linux-gnu/libstdc++.so.6.0.30)
| ->01.35% (8,192B) 0x4983015: std::basic_filebuf<char, std::char_traits<char> >::open(char const*, std::_Ios_Openmode) (in /usr/lib/x86_64-linux-gnu/libstdc++.so.6.0.30)
|   ->01.35% (8,192B) 0x10D622: void ReadDataToFile_DEC<float>(std::__cxx11::basic_string<char, std::char_traits<char>, std::allocator<char> > const&, std::vector<float, std::allocator<float> >&) (in /home/noname/Documents/project_tiny/Sort_on_FPGA/Version1/01_slt/main)
|     ->01.35% (8,192B) 0x10A761: main (in /home/noname/Documents/project_tiny/Sort_on_FPGA/Version1/01_slt/main)
|       
->00.09% (550B) in 1+ places, all below ms_print's threshold (01.00%)

--------------------------------------------------------------------------------
  n        time(i)         total(B)   useful-heap(B) extra-heap(B)    stacks(B)
--------------------------------------------------------------------------------
 22    238,404,399          607,272          605,734            74        1,464
 23    248,413,161          607,272          605,734            74        1,464
 24    262,425,340          607,240          605,677            59        1,504
 25    270,432,313          607,416          605,734            74        1,608
99.72% (605,734B) (heap allocation functions) malloc/new/new[], --alloc-fns, etc.
->86.31% (524,288B) 0x10B0D2: void std::vector<float, std::allocator<float> >::_M_realloc_insert<float const&>(__gnu_cxx::__normal_iterator<float*, std::vector<float, std::allocator<float> > >, float const&) (in /home/noname/Documents/project_tiny/Sort_on_FPGA/Version1/01_slt/main)
| ->86.31% (524,288B) 0x10D79A: void ReadDataToFile_DEC<float>(std::__cxx11::basic_string<char, std::char_traits<char>, std::allocator<char> > const&, std::vector<float, std::allocator<float> >&) (in /home/noname/Documents/project_tiny/Sort_on_FPGA/Version1/01_slt/main)
|   ->86.31% (524,288B) 0x10A761: main (in /home/noname/Documents/project_tiny/Sort_on_FPGA/Version1/01_slt/main)
|     
->11.97% (72,704B) 0x4914939: ??? (in /usr/lib/x86_64-linux-gnu/libstdc++.so.6.0.30)
| ->11.97% (72,704B) 0x400647D: call_init.part.0 (dl-init.c:70)
|   ->11.97% (72,704B) 0x4006567: call_init (dl-init.c:33)
|     ->11.97% (72,704B) 0x4006567: _dl_init (dl-init.c:117)
|       ->11.97% (72,704B) 0x40202C9: ??? (in /usr/lib/x86_64-linux-gnu/ld-linux-x86-64.so.2)
|         ->11.97% (72,704B) 0x2: ???
|           ->11.97% (72,704B) 0x1FFF0001C2: ???
|             ->11.97% (72,704B) 0x1FFF0001C9: ???
|               ->11.97% (72,704B) 0x1FFF0001CB: ???
|                 
->01.35% (8,192B) 0x497F023: std::basic_filebuf<char, std::char_traits<char> >::_M_allocate_internal_buffer() (in /usr/lib/x86_64-linux-gnu/libstdc++.so.6.0.30)
| ->01.35% (8,192B) 0x4983015: std::basic_filebuf<char, std::char_traits<char> >::open(char const*, std::_Ios_Openmode) (in /usr/lib/x86_64-linux-gnu/libstdc++.so.6.0.30)
|   ->01.35% (8,192B) 0x10D622: void ReadDataToFile_DEC<float>(std::__cxx11::basic_string<char, std::char_traits<char>, std::allocator<char> > const&, std::vector<float, std::allocator<float> >&) (in /home/noname/Documents/project_tiny/Sort_on_FPGA/Version1/01_slt/main)
|     ->01.35% (8,192B) 0x10A761: main (in /home/noname/Documents/project_tiny/Sort_on_FPGA/Version1/01_slt/main)
|       
->00.09% (550B) in 1+ places, all below ms_print's threshold (01.00%)

--------------------------------------------------------------------------------
  n        time(i)         total(B)   useful-heap(B) extra-heap(B)    stacks(B)
--------------------------------------------------------------------------------
 26    280,441,572          607,640          605,734            74        1,832
 27    292,452,362          607,216          605,734            74        1,408
 28    304,463,598          610,840          606,718            66        4,056
 29    312,470,749          610,840          606,718            66        4,056
 30    320,477,911          610,344          606,718            66        3,560
 31    328,485,072          608,040          606,718            66        1,256
 32    336,492,257          608,304          606,718            66        1,520
 33    352,506,564          608,552          606,718            66        1,768
 34    360,513,937          610,392          606,718            66        3,608
 35    368,521,111          611,000          606,718            66        4,216
 36    376,528,271          610,952          606,718            66        4,168
 37    384,535,418          610,936          606,718            66        4,152
 38    392,542,581          610,984          606,718            66        4,200
 39    400,549,757          610,936          606,718            66        4,152
 40    412,560,570          610,344          606,718            66        3,560
 41    420,567,825          611,000          606,718            66        4,216
 42    432,578,718          610,952          606,718            66        4,168
 43    444,589,676          610,392          606,718            66        3,608
 44    452,596,947          610,840          606,718            66        4,056
 45    460,604,111          608,080          606,718            66        1,296
 46    468,611,465          610,392          606,718            66        3,608
 47    480,622,234          610,920          606,718            66        4,136
 48    492,633,129          610,344          606,718            66        3,560
 49    504,644,265          610,344          606,718            66        3,560
 50    511,685,708          611,000          606,718            66        4,216
 51    518,727,141          610,832          606,718            66        4,048
 52    525,768,585          610,344          606,718            66        3,560
99.41% (606,718B) (heap allocation functions) malloc/new/new[], --alloc-fns, etc.
->85.90% (524,288B) 0x10B0D2: void std::vector<float, std::allocator<float> >::_M_realloc_insert<float const&>(__gnu_cxx::__normal_iterator<float*, std::vector<float, std::allocator<float> > >, float const&) (in /home/noname/Documents/project_tiny/Sort_on_FPGA/Version1/01_slt/main)
| ->85.90% (524,288B) 0x10D79A: void ReadDataToFile_DEC<float>(std::__cxx11::basic_string<char, std::char_traits<char>, std::allocator<char> > const&, std::vector<float, std::allocator<float> >&) (in /home/noname/Documents/project_tiny/Sort_on_FPGA/Version1/01_slt/main)
|   ->85.90% (524,288B) 0x10A761: main (in /home/noname/Documents/project_tiny/Sort_on_FPGA/Version1/01_slt/main)
|     
->11.91% (72,704B) 0x4914939: ??? (in /usr/lib/x86_64-linux-gnu/libstdc++.so.6.0.30)
| ->11.91% (72,704B) 0x400647D: call_init.part.0 (dl-init.c:70)
|   ->11.91% (72,704B) 0x4006567: call_init (dl-init.c:33)
|     ->11.91% (72,704B) 0x4006567: _dl_init (dl-init.c:117)
|       ->11.91% (72,704B) 0x40202C9: ??? (in /usr/lib/x86_64-linux-gnu/ld-linux-x86-64.so.2)
|         ->11.91% (72,704B) 0x2: ???
|           ->11.91% (72,704B) 0x1FFF0001C2: ???
|             ->11.91% (72,704B) 0x1FFF0001C9: ???
|               ->11.91% (72,704B) 0x1FFF0001CB: ???
|                 
->01.34% (8,192B) 0x497F023: std::basic_filebuf<char, std::char_traits<char> >::_M_allocate_internal_buffer() (in /usr/lib/x86_64-linux-gnu/libstdc++.so.6.0.30)
| ->01.34% (8,192B) 0x4983015: std::basic_filebuf<char, std::char_traits<char> >::open(char const*, std::_Ios_Openmode) (in /usr/lib/x86_64-linux-gnu/libstdc++.so.6.0.30)
|   ->01.34% (8,192B) 0x10D1E0: void WriteDataToFile_Dec<float>(std::vector<float, std::allocator<float> > const&, std::__cxx11::basic_string<char, std::char_traits<char>, std::allocator<char> > const&) (in /home/noname/Documents/project_tiny/Sort_on_FPGA/Version1/01_slt/main)
|   | ->01.34% (8,192B) 0x10A786: main (in /home/noname/Documents/project_tiny/Sort_on_FPGA/Version1/01_slt/main)
|   |   
|   ->00.00% (0B) in 1+ places, all below ms_print's threshold (01.00%)
|   
->00.25% (1,534B) in 1+ places, all below ms_print's threshold (01.00%)

--------------------------------------------------------------------------------
  n        time(i)         total(B)   useful-heap(B) extra-heap(B)    stacks(B)
--------------------------------------------------------------------------------
 53    532,810,015          608,952          606,718            66        2,168
 54    539,851,447          610,920          606,718            66        4,136
 55    546,893,018          610,344          606,718            66        3,560
 56    553,934,448          610,344          606,718            66        3,560
 57    560,975,989          610,344          606,718            66        3,560
 58    568,017,572          610,344          606,718            66        3,560
 59    575,059,001          610,952          606,718            66        4,168
 60    582,100,451          610,688          606,718            66        3,904
 61    589,142,037          610,392          606,718            66        3,608
 62    596,183,645          610,392          606,718            66        3,608
99.40% (606,718B) (heap allocation functions) malloc/new/new[], --alloc-fns, etc.
->85.89% (524,288B) 0x10B0D2: void std::vector<float, std::allocator<float> >::_M_realloc_insert<float const&>(__gnu_cxx::__normal_iterator<float*, std::vector<float, std::allocator<float> > >, float const&) (in /home/noname/Documents/project_tiny/Sort_on_FPGA/Version1/01_slt/main)
| ->85.89% (524,288B) 0x10D79A: void ReadDataToFile_DEC<float>(std::__cxx11::basic_string<char, std::char_traits<char>, std::allocator<char> > const&, std::vector<float, std::allocator<float> >&) (in /home/noname/Documents/project_tiny/Sort_on_FPGA/Version1/01_slt/main)
|   ->85.89% (524,288B) 0x10A761: main (in /home/noname/Documents/project_tiny/Sort_on_FPGA/Version1/01_slt/main)
|     
->11.91% (72,704B) 0x4914939: ??? (in /usr/lib/x86_64-linux-gnu/libstdc++.so.6.0.30)
| ->11.91% (72,704B) 0x400647D: call_init.part.0 (dl-init.c:70)
|   ->11.91% (72,704B) 0x4006567: call_init (dl-init.c:33)
|     ->11.91% (72,704B) 0x4006567: _dl_init (dl-init.c:117)
|       ->11.91% (72,704B) 0x40202C9: ??? (in /usr/lib/x86_64-linux-gnu/ld-linux-x86-64.so.2)
|         ->11.91% (72,704B) 0x2: ???
|           ->11.91% (72,704B) 0x1FFF0001C2: ???
|             ->11.91% (72,704B) 0x1FFF0001C9: ???
|               ->11.91% (72,704B) 0x1FFF0001CB: ???
|                 
->01.34% (8,192B) 0x497F023: std::basic_filebuf<char, std::char_traits<char> >::_M_allocate_internal_buffer() (in /usr/lib/x86_64-linux-gnu/libstdc++.so.6.0.30)
| ->01.34% (8,192B) 0x4983015: std::basic_filebuf<char, std::char_traits<char> >::open(char const*, std::_Ios_Openmode) (in /usr/lib/x86_64-linux-gnu/libstdc++.so.6.0.30)
|   ->01.34% (8,192B) 0x10D1E0: void WriteDataToFile_Dec<float>(std::vector<float, std::allocator<float> > const&, std::__cxx11::basic_string<char, std::char_traits<char>, std::allocator<char> > const&) (in /home/noname/Documents/project_tiny/Sort_on_FPGA/Version1/01_slt/main)
|   | ->01.34% (8,192B) 0x10A786: main (in /home/noname/Documents/project_tiny/Sort_on_FPGA/Version1/01_slt/main)
|   |   
|   ->00.00% (0B) in 1+ places, all below ms_print's threshold (01.00%)
|   
->00.25% (1,534B) in 1+ places, all below ms_print's threshold (01.00%)

--------------------------------------------------------------------------------
  n        time(i)         total(B)   useful-heap(B) extra-heap(B)    stacks(B)
--------------------------------------------------------------------------------
 63    603,225,078          608,136          606,718            66        1,352
 64    610,266,530          610,840          606,718            66        4,056
 65    617,307,960          608,120          606,718            66        1,336
 66    624,349,402          609,000          606,718            66        2,216
 67    631,390,837          610,920          606,718            66        4,136
 68    638,432,272          610,936          606,718            66        4,152
 69    645,473,705          609,032          606,718            66        2,248
 70    652,515,139          610,840          606,718            66        4,056
 71    659,556,586          610,840          606,718            66        4,056
 72    666,598,268          610,392          606,718            66        3,608
99.40% (606,718B) (heap allocation functions) malloc/new/new[], --alloc-fns, etc.
->85.89% (524,288B) 0x10B0D2: void std::vector<float, std::allocator<float> >::_M_realloc_insert<float const&>(__gnu_cxx::__normal_iterator<float*, std::vector<float, std::allocator<float> > >, float const&) (in /home/noname/Documents/project_tiny/Sort_on_FPGA/Version1/01_slt/main)
| ->85.89% (524,288B) 0x10D79A: void ReadDataToFile_DEC<float>(std::__cxx11::basic_string<char, std::char_traits<char>, std::allocator<char> > const&, std::vector<float, std::allocator<float> >&) (in /home/noname/Documents/project_tiny/Sort_on_FPGA/Version1/01_slt/main)
|   ->85.89% (524,288B) 0x10A761: main (in /home/noname/Documents/project_tiny/Sort_on_FPGA/Version1/01_slt/main)
|     
->11.91% (72,704B) 0x4914939: ??? (in /usr/lib/x86_64-linux-gnu/libstdc++.so.6.0.30)
| ->11.91% (72,704B) 0x400647D: call_init.part.0 (dl-init.c:70)
|   ->11.91% (72,704B) 0x4006567: call_init (dl-init.c:33)
|     ->11.91% (72,704B) 0x4006567: _dl_init (dl-init.c:117)
|       ->11.91% (72,704B) 0x40202C9: ??? (in /usr/lib/x86_64-linux-gnu/ld-linux-x86-64.so.2)
|         ->11.91% (72,704B) 0x2: ???
|           ->11.91% (72,704B) 0x1FFF0001C2: ???
|             ->11.91% (72,704B) 0x1FFF0001C9: ???
|               ->11.91% (72,704B) 0x1FFF0001CB: ???
|                 
->01.34% (8,192B) 0x497F023: std::basic_filebuf<char, std::char_traits<char> >::_M_allocate_internal_buffer() (in /usr/lib/x86_64-linux-gnu/libstdc++.so.6.0.30)
| ->01.34% (8,192B) 0x4983015: std::basic_filebuf<char, std::char_traits<char> >::open(char const*, std::_Ios_Openmode) (in /usr/lib/x86_64-linux-gnu/libstdc++.so.6.0.30)
|   ->01.34% (8,192B) 0x10D1E0: void WriteDataToFile_Dec<float>(std::vector<float, std::allocator<float> > const&, std::__cxx11::basic_string<char, std::char_traits<char>, std::allocator<char> > const&) (in /home/noname/Documents/project_tiny/Sort_on_FPGA/Version1/01_slt/main)
|   | ->01.34% (8,192B) 0x10A786: main (in /home/noname/Documents/project_tiny/Sort_on_FPGA/Version1/01_slt/main)
|   |   
|   ->00.00% (0B) in 1+ places, all below ms_print's threshold (01.00%)
|   
->00.25% (1,534B) in 1+ places, all below ms_print's threshold (01.00%)

--------------------------------------------------------------------------------
  n        time(i)         total(B)   useful-heap(B) extra-heap(B)    stacks(B)
--------------------------------------------------------------------------------
 73    673,639,708          607,992          606,718            66        1,208
 74    680,681,144          608,288          606,718            66        1,504
 75    687,722,574          608,296          606,718            66        1,512
 76    694,764,043          610,840          606,718            66        4,056
 77    701,805,477          608,600          606,718            66        1,816
 78    708,846,913          610,832          606,718            66        4,048
 79    715,888,342          610,840          606,718            66        4,056
 80    722,929,772          608,336          606,718            66        1,552
 81    729,971,206          610,344          606,718            66        3,560
 82    737,012,650          610,840          606,718            66        4,056
99.33% (606,718B) (heap allocation functions) malloc/new/new[], --alloc-fns, etc.
->85.83% (524,288B) 0x10B0D2: void std::vector<float, std::allocator<float> >::_M_realloc_insert<float const&>(__gnu_cxx::__normal_iterator<float*, std::vector<float, std::allocator<float> > >, float const&) (in /home/noname/Documents/project_tiny/Sort_on_FPGA/Version1/01_slt/main)
| ->85.83% (524,288B) 0x10D79A: void ReadDataToFile_DEC<float>(std::__cxx11::basic_string<char, std::char_traits<char>, std::allocator<char> > const&, std::vector<float, std::allocator<float> >&) (in /home/noname/Documents/project_tiny/Sort_on_FPGA/Version1/01_slt/main)
|   ->85.83% (524,288B) 0x10A761: main (in /home/noname/Documents/project_tiny/Sort_on_FPGA/Version1/01_slt/main)
|     
->11.90% (72,704B) 0x4914939: ??? (in /usr/lib/x86_64-linux-gnu/libstdc++.so.6.0.30)
| ->11.90% (72,704B) 0x400647D: call_init.part.0 (dl-init.c:70)
|   ->11.90% (72,704B) 0x4006567: call_init (dl-init.c:33)
|     ->11.90% (72,704B) 0x4006567: _dl_init (dl-init.c:117)
|       ->11.90% (72,704B) 0x40202C9: ??? (in /usr/lib/x86_64-linux-gnu/ld-linux-x86-64.so.2)
|         ->11.90% (72,704B) 0x2: ???
|           ->11.90% (72,704B) 0x1FFF0001C2: ???
|             ->11.90% (72,704B) 0x1FFF0001C9: ???
|               ->11.90% (72,704B) 0x1FFF0001CB: ???
|                 
->01.34% (8,192B) 0x497F023: std::basic_filebuf<char, std::char_traits<char> >::_M_allocate_internal_buffer() (in /usr/lib/x86_64-linux-gnu/libstdc++.so.6.0.30)
| ->01.34% (8,192B) 0x4983015: std::basic_filebuf<char, std::char_traits<char> >::open(char const*, std::_Ios_Openmode) (in /usr/lib/x86_64-linux-gnu/libstdc++.so.6.0.30)
|   ->01.34% (8,192B) 0x10D1E0: void WriteDataToFile_Dec<float>(std::vector<float, std::allocator<float> > const&, std::__cxx11::basic_string<char, std::char_traits<char>, std::allocator<char> > const&) (in /home/noname/Documents/project_tiny/Sort_on_FPGA/Version1/01_slt/main)
|   | ->01.34% (8,192B) 0x10A786: main (in /home/noname/Documents/project_tiny/Sort_on_FPGA/Version1/01_slt/main)
|   |   
|   ->00.00% (0B) in 1+ places, all below ms_print's threshold (01.00%)
|   
->00.25% (1,534B) in 1+ places, all below ms_print's threshold (01.00%)

--------------------------------------------------------------------------------
  n        time(i)         total(B)   useful-heap(B) extra-heap(B)    stacks(B)
--------------------------------------------------------------------------------
 83    744,054,108          611,000          606,718            66        4,216
 84    751,095,791          610,392          606,718            66        3,608
 85    758,137,222          610,984          606,718            66        4,200
 86    765,178,674          610,984          606,718            66        4,200
 87    772,220,113          610,952          606,718            66        4,168
 88    779,261,544          607,944          606,718            66        1,160
 89    786,302,976          610,960          606,718            66        4,176
 90    790,868,539        1,123,064        1,122,392            48          624
99.94% (1,122,392B) (heap allocation functions) malloc/new/new[], --alloc-fns, etc.
->46.68% (524,288B) 0x10A8CE: main (in /home/noname/Documents/project_tiny/Sort_on_FPGA/Version1/01_slt/main)
| 
->46.68% (524,288B) 0x10B0D2: void std::vector<float, std::allocator<float> >::_M_realloc_insert<float const&>(__gnu_cxx::__normal_iterator<float*, std::vector<float, std::allocator<float> > >, float const&) (in /home/noname/Documents/project_tiny/Sort_on_FPGA/Version1/01_slt/main)
| ->46.68% (524,288B) 0x10D79A: void ReadDataToFile_DEC<float>(std::__cxx11::basic_string<char, std::char_traits<char>, std::allocator<char> > const&, std::vector<float, std::allocator<float> >&) (in /home/noname/Documents/project_tiny/Sort_on_FPGA/Version1/01_slt/main)
|   ->46.68% (524,288B) 0x10A761: main (in /home/noname/Documents/project_tiny/Sort_on_FPGA/Version1/01_slt/main)
|     
->06.47% (72,704B) 0x4914939: ??? (in /usr/lib/x86_64-linux-gnu/libstdc++.so.6.0.30)
| ->06.47% (72,704B) 0x400647D: call_init.part.0 (dl-init.c:70)
|   ->06.47% (72,704B) 0x4006567: call_init (dl-init.c:33)
|     ->06.47% (72,704B) 0x4006567: _dl_init (dl-init.c:117)
|       ->06.47% (72,704B) 0x40202C9: ??? (in /usr/lib/x86_64-linux-gnu/ld-linux-x86-64.so.2)
|         ->06.47% (72,704B) 0x2: ???
|           ->06.47% (72,704B) 0x1FFF0001C2: ???
|             ->06.47% (72,704B) 0x1FFF0001C9: ???
|               ->06.47% (72,704B) 0x1FFF0001CB: ???
|                 
->00.10% (1,112B) in 1+ places, all below ms_print's threshold (01.00%)

--------------------------------------------------------------------------------
  n        time(i)         total(B)   useful-heap(B) extra-heap(B)    stacks(B)
--------------------------------------------------------------------------------
 91    797,910,024        1,123,160        1,122,392            48          720
 92    805,025,129        1,123,160        1,122,392            48          720
 93    812,068,348        1,123,160        1,122,392            48          720
 94    819,115,078        1,123,160        1,122,392            48          720
 95    826,156,564        1,123,160        1,122,392            48          720
