xrun(64): 20.09-s001: (c) Copyright 1995-2020 Cadence Design Systems, Inc.
TOOL:	xrun(64)	20.09-s001: Started on Jan 06, 2026 at 10:15:15 EST
xrun
	+xm64bit
	-sv
	-f ./../SUBMODULE/PACM_PACS_UNIT/flist.f
		./../../03_verif/SUBMODULE/PACM_PACS_UNIT/tb_PA_Cal_Sum.sv
		./../../03_verif/lib/tb_simple_dual_port_ram_single_clock.sv
		./../../02_rtl/PA_Cal_MeanValue/PA_Cal_Sum/PA_Cal_Sum.sv
		./../../02_rtl/PA_Cal_MeanValue/PA_Cal_Sum/PACS_control_address.sv
		./../../02_rtl/PA_Cal_MeanValue/PA_Cal_Sum/PACS_detect_done.sv
		./../../02_rtl/PA_Cal_MeanValue/PA_Cal_Sum/PACS_detect_intit_data.sv
		./../../02_rtl/PA_Cal_MeanValue/PA_Cal_Sum/BFP16_ADD/BFP16_add.sv
		./../../02_rtl/PA_Cal_MeanValue/PA_Cal_Sum/BFP16_ADD/CLA_4bit.sv
		./../../02_rtl/PA_Cal_MeanValue/PA_Cal_Sum/BFP16_ADD/CLA_8bit.sv
		./../../02_rtl/PA_Cal_MeanValue/PA_Cal_Sum/BFP16_ADD/COMP_4bit.sv
		./../../02_rtl/PA_Cal_MeanValue/PA_Cal_Sum/BFP16_ADD/COMP_8bit.sv
		./../../02_rtl/PA_Cal_MeanValue/PA_Cal_Sum/BFP16_ADD/EXP_adjust.sv
		./../../02_rtl/PA_Cal_MeanValue/PA_Cal_Sum/BFP16_ADD/LOPD_8bit.sv
		./../../02_rtl/PA_Cal_MeanValue/PA_Cal_Sum/BFP16_ADD/MAN_ALU.sv
		./../../02_rtl/PA_Cal_MeanValue/PA_Cal_Sum/BFP16_ADD/NOR_unit.sv
		./../../02_rtl/PA_Cal_MeanValue/PA_Cal_Sum/BFP16_ADD/PSC_unit.sv
		./../../02_rtl/PA_Cal_MeanValue/PA_Cal_Sum/BFP16_ADD/SHF_left.sv
		./../../02_rtl/PA_Cal_MeanValue/PA_Cal_Sum/BFP16_ADD/SHF_right.sv
		./../../02_rtl/PA_Cal_MeanValue/PA_Cal_Sum/BFP16_ADD/SIGN_unit.sv
		./../../02_rtl/PA_Cal_MeanValue/PA_Cal_Sum/BFP16_ADD/SWAP_unit.sv
		./../../02_rtl/COMMON_MODULE/SS_detect_edge.sv
		./../../02_rtl/COMMON_MODULE/SS_detect_start.sv
		./../../02_rtl/COMMON_MODULE/TFFE.sv
	-top tb_PA_Cal_Sum
	-access +rwc
	-clean
	-log ./../SUBMODULE/PACM_PACS_UNIT/Xcelium/compile.log
	+nctimescale+1ns/1ps
	+ntb_random_seed=automatic
	-allowredefinition
	-v93

   User defined plus("+") options:
	+ntb_random_seed=automatic

xrun: *W,OPDEPRREN: Command Line Option (+nctimescale+1ns/1ps) is deprecated. Use (+xmtimescale+1ns/1ps) instead.
xrun: *N,CLEAN: Removing existing directory ./xcelium.d.
file: ./../../03_verif/SUBMODULE/PACM_PACS_UNIT/tb_PA_Cal_Sum.sv
	module worklib.tb_PA_Cal_Sum:sv
		errors: 0, warnings: 0
file: ./../../03_verif/lib/tb_simple_dual_port_ram_single_clock.sv
	module worklib.tb_simple_dual_port_ram_single_clock:sv
		errors: 0, warnings: 0
file: ./../../02_rtl/PA_Cal_MeanValue/PA_Cal_Sum/PA_Cal_Sum.sv
	module worklib.PA_Cal_Sum:sv
		errors: 0, warnings: 0
file: ./../../02_rtl/PA_Cal_MeanValue/PA_Cal_Sum/PACS_control_address.sv
	module worklib.PACS_control_address:sv
		errors: 0, warnings: 0
file: ./../../02_rtl/PA_Cal_MeanValue/PA_Cal_Sum/PACS_detect_done.sv
	module worklib.PACS_detect_done:sv
		errors: 0, warnings: 0
file: ./../../02_rtl/PA_Cal_MeanValue/PA_Cal_Sum/PACS_detect_intit_data.sv
	module worklib.PACS_detect_intit_data:sv
		errors: 0, warnings: 0
file: ./../../02_rtl/PA_Cal_MeanValue/PA_Cal_Sum/BFP16_ADD/BFP16_add.sv
	module worklib.BFP16_add:sv
		errors: 0, warnings: 0
file: ./../../02_rtl/PA_Cal_MeanValue/PA_Cal_Sum/BFP16_ADD/CLA_4bit.sv
	module worklib.CLA_4bit:sv
		errors: 0, warnings: 0
file: ./../../02_rtl/PA_Cal_MeanValue/PA_Cal_Sum/BFP16_ADD/CLA_8bit.sv
	module worklib.CLA_8bit:sv
		errors: 0, warnings: 0
file: ./../../02_rtl/PA_Cal_MeanValue/PA_Cal_Sum/BFP16_ADD/COMP_4bit.sv
	module worklib.COMP_4bit:sv
		errors: 0, warnings: 0
file: ./../../02_rtl/PA_Cal_MeanValue/PA_Cal_Sum/BFP16_ADD/COMP_8bit.sv
	module worklib.COMP_8bit:sv
		errors: 0, warnings: 0
file: ./../../02_rtl/PA_Cal_MeanValue/PA_Cal_Sum/BFP16_ADD/EXP_adjust.sv
	module worklib.EXP_adjust:sv
		errors: 0, warnings: 0
file: ./../../02_rtl/PA_Cal_MeanValue/PA_Cal_Sum/BFP16_ADD/LOPD_8bit.sv
	module worklib.LOPD_8bit:sv
		errors: 0, warnings: 0
file: ./../../02_rtl/PA_Cal_MeanValue/PA_Cal_Sum/BFP16_ADD/MAN_ALU.sv
	module worklib.MAN_ALU:sv
		errors: 0, warnings: 0
file: ./../../02_rtl/PA_Cal_MeanValue/PA_Cal_Sum/BFP16_ADD/NOR_unit.sv
	module worklib.NOR_unit:sv
		errors: 0, warnings: 0
file: ./../../02_rtl/PA_Cal_MeanValue/PA_Cal_Sum/BFP16_ADD/PSC_unit.sv
	module worklib.PSC_unit:sv
		errors: 0, warnings: 0
file: ./../../02_rtl/PA_Cal_MeanValue/PA_Cal_Sum/BFP16_ADD/SHF_left.sv
	module worklib.SHF_left:sv
		errors: 0, warnings: 0
file: ./../../02_rtl/PA_Cal_MeanValue/PA_Cal_Sum/BFP16_ADD/SHF_right.sv
	module worklib.SHF_right:sv
		errors: 0, warnings: 0
file: ./../../02_rtl/PA_Cal_MeanValue/PA_Cal_Sum/BFP16_ADD/SIGN_unit.sv
	module worklib.SIGN_unit:sv
		errors: 0, warnings: 0
file: ./../../02_rtl/PA_Cal_MeanValue/PA_Cal_Sum/BFP16_ADD/SWAP_unit.sv
	module worklib.SWAP_unit:sv
		errors: 0, warnings: 0
file: ./../../02_rtl/COMMON_MODULE/SS_detect_edge.sv
	module worklib.SS_detect_edge:sv
		errors: 0, warnings: 0
file: ./../../02_rtl/COMMON_MODULE/SS_detect_start.sv
	module worklib.SS_detect_start:sv
		errors: 0, warnings: 0
file: ./../../02_rtl/COMMON_MODULE/TFFE.sv
	module worklib.TFFE:sv
		errors: 0, warnings: 0
	Elaborating the design hierarchy:
		Caching library 'worklib' ....... Done
	Top level design units:
		tb_PA_Cal_Sum
xmelab: *W,DSEMEL: This SystemVerilog design will be simulated as per IEEE 1800-2009 SystemVerilog simulation semantics. Use -disable_sem2009 option for turning off SV 2009 simulation semantics.
	Building instance overlay tables: .................... Done
	Generating native compiled code:
		worklib.PACS_detect_done:sv <0x0777897d>
			streams:  10, words:  2698
		worklib.TFFE:sv <0x632f2639>
			streams:   3, words:   730
		worklib.SS_detect_edge:sv <0x41f05505>
			streams:   4, words:   955
		worklib.SS_detect_start:sv <0x33abc6a6>
			streams:   4, words:  1265
		worklib.PSC_unit:sv <0x38ff978b>
			streams:   7, words:  2343
		worklib.SIGN_unit:sv <0x0c6fd871>
			streams:   1, words:   258
		worklib.EXP_adjust:sv <0x4d1d8fcc>
			streams:   6, words:  1863
		worklib.NOR_unit:sv <0x2215cd11>
			streams:   2, words:   921
		worklib.LOPD_8bit:sv <0x3cc2c16d>
			streams:   5, words:  2493
		worklib.CLA_8bit:sv <0x1f3c2d5e>
			streams:  13, words:  4500
		worklib.MAN_ALU:sv <0x0dadb33f>
			streams:   9, words:  2737
		worklib.CLA_4bit:sv <0x761706df>
			streams:   9, words:  3384
		worklib.CLA_8bit:sv <0x4fae5ed9>
			streams:  13, words:  4418
		worklib.SWAP_unit:sv <0x34623c89>
			streams:   1, words:   508
		worklib.COMP_4bit:sv <0x102cffaa>
			streams:   2, words:  1737
		worklib.COMP_8bit:sv <0x63a30232>
			streams:   5, words:  1802
		worklib.BFP16_add:sv <0x0c093304>
			streams:  65, words: 18679
		worklib.PACS_detect_intit_data:sv <0x0262f454>
			streams:   4, words:  1044
		worklib.SS_detect_edge:sv <0x54fc1f5a>
			streams:   4, words:   955
		worklib.PA_Cal_Sum:sv <0x4feba296>
			streams:  16, words:  4862
		worklib.tb_simple_dual_port_ram_single_clock:sv <0x23b25775>
			streams:   8, words:  4062
		worklib.tb_PA_Cal_Sum:sv <0x37c73621>
			streams:  20, words: 12079
		worklib.SHF_right:sv <0x6eba9165>
			streams:   6, words:  3493
		worklib.SHF_left:sv <0x02a5d52d>
			streams:   5, words:  2711
		worklib.PACS_control_address:sv <0x0b3ef074>
			streams:  25, words:  8964
	Building instance specific data structures.
	Loading native compiled code:     .................... Done
	Design hierarchy summary:
		                 Instances  Unique
		Modules:                46      23
		Registers:             238     146
		Scalar wires:          249       -
		Expanded wires:         32       4
		Vectored wires:        139       -
		Always blocks:          37      20
		Initial blocks:          5       5
		Final blocks:            1       1
		Cont. assignments:     136      64
		Pseudo assignments:    159     124
		Simulation timescale:  1ps
	Writing initial simulation snapshot: worklib.tb_PA_Cal_Sum:sv
Loading snapshot worklib.tb_PA_Cal_Sum:sv .................... Done
xmsim: *W,DSEM2009: This SystemVerilog design is simulated as per IEEE 1800-2009 SystemVerilog simulation semantics. Use -disable_sem2009 option for turning off SV 2009 simulation semantics.
xcelium> source /opt/cadence/XCELIUM2009/tools/xcelium/files/xmsimrc
xcelium> run
Initial load memory contents from ./../../03_verif/lib/mem_init.hex
o_sum = 4cd40000 (float = 111149056.000000000000000000000000)
o_sum = 4f09292e (float = 2301177344.000000000000000000000000)
error = 0.95170
Dumping memory contents to ./../../03_verif/SUBMODULE/PACM_PACS_UNIT/
SYSTEM ERROR:   SYSTF       NOWFILE
         Could not open file name ./../../03_verif/SUBMODULE/PACM_PACS_UNIT/ specified in $writememh call.
        ../lib/tb_simple_dual_port_ram_single_clock.sv, 54: $writememh(MEM_DUMP_FILE,ram)
Simulation complete via $finish(1) at time 2870 NS + 0
../SUBMODULE/PACM_PACS_UNIT/tb_PA_Cal_Sum.sv:113     $finish;
xcelium> exit
TOOL:	xrun(64)	20.09-s001: Exiting on Jan 06, 2026 at 10:15:16 EST  (total: 00:00:01)
