xrun(64): 20.09-s001: (c) Copyright 1995-2020 Cadence Design Systems, Inc.
TOOL:	xrun(64)	20.09-s001: Started on Dec 26, 2025 at 08:59:21 EST
xrun
	+xm64bit
	-sv
	-f ./../PAMEM_WRITE/flist.f
		./../../03_verif/PAMEM_WRITE/tb_PAMEM_writedata.sv
		./../../03_verif/lib/tb_simple_dual_port_ram_single_clock.sv
		./../../02_rtl/PA_mem/PAMEM_writedata.sv
		./../../02_rtl/SS_MODULE/SS_detect_edge.sv
	-top tb_PAMEM_writedata
	-access +rwc
	-clean
	-log ./../PAMEM_WRITE/Xcelium/compile.log
	+nctimescale+1ns/1ps
	+ntb_random_seed=automatic
	-allowredefinition
	-v93

   User defined plus("+") options:
	+ntb_random_seed=automatic

xrun: *W,OPDEPRREN: Command Line Option (+nctimescale+1ns/1ps) is deprecated. Use (+xmtimescale+1ns/1ps) instead.
xrun: *N,CLEAN: Removing existing directory ./xcelium.d.
file: ./../../03_verif/PAMEM_WRITE/tb_PAMEM_writedata.sv
	module worklib.tb_PAMEM_writedata:sv
		errors: 0, warnings: 0
file: ./../../03_verif/lib/tb_simple_dual_port_ram_single_clock.sv
	module worklib.tb_simple_dual_port_ram_single_clock:sv
		errors: 0, warnings: 0
file: ./../../02_rtl/PA_mem/PAMEM_writedata.sv
	module worklib.PAMEM_writedata:sv
		errors: 0, warnings: 0
file: ./../../02_rtl/SS_MODULE/SS_detect_edge.sv
	module worklib.SS_detect_edge:sv
		errors: 0, warnings: 0
	Elaborating the design hierarchy:
		Caching library 'worklib' ....... Done
	Top level design units:
		tb_PAMEM_writedata
xmelab: *W,DSEMEL: This SystemVerilog design will be simulated as per IEEE 1800-2009 SystemVerilog simulation semantics. Use -disable_sem2009 option for turning off SV 2009 simulation semantics.
	Building instance overlay tables: .................... Done
	Generating native compiled code:
		worklib.SS_detect_edge:sv <0x6d022561>
			streams:   4, words:   955
		worklib.PAMEM_writedata:sv <0x7a4ad8c1>
			streams:  16, words:  5014
		worklib.tb_simple_dual_port_ram_single_clock:sv <0x23de4d2b>
			streams:   8, words:  3941
		worklib.tb_PAMEM_writedata:sv <0x1361b97e>
			streams:  17, words: 13700
	Building instance specific data structures.
	Loading native compiled code:     .................... Done
	Design hierarchy summary:
		                 Instances  Unique
		Modules:                 4       4
		Registers:              29      29
		Scalar wires:           15       -
		Vectored wires:         11       -
		Always blocks:          10      10
		Initial blocks:          4       4
		Final blocks:            1       1
		Cont. assignments:       2       3
		Pseudo assignments:     15      15
		Simulation timescale:  1ps
	Writing initial simulation snapshot: worklib.tb_PAMEM_writedata:sv
Loading snapshot worklib.tb_PAMEM_writedata:sv .................... Done
xmsim: *W,DSEM2009: This SystemVerilog design is simulated as per IEEE 1800-2009 SystemVerilog simulation semantics. Use -disable_sem2009 option for turning off SV 2009 simulation semantics.
xcelium> source /opt/cadence/XCELIUM2009/tools/xcelium/files/xmsimrc
xcelium> run
Initial load memory contents from ./../../03_verif/lib/mem_init.hex
Dumping memory contents to ./../../03_verif/PAMEM_WRITE/mem_dump.hex
Simulation complete via $finish(1) at time 550 NS + 0
../PAMEM_WRITE/tb_PAMEM_writedata.sv:107     $finish;
xcelium> exit
TOOL:	xrun(64)	20.09-s001: Exiting on Dec 26, 2025 at 08:59:22 EST  (total: 00:00:01)
