--------------------------------------------------------------------------------
Command:            ./main 5 2
Massif arguments:   --stacks=yes --massif-out-file=Reports/ANALYSIS_DIR/checkmemory/QuickSort_Convenlution_Result.out
ms_print arguments: Reports/ANALYSIS_DIR/checkmemory/QuickSort_Convenlution_Result.out
--------------------------------------------------------------------------------


    MB
1.071^                                                                     :  
     |                                                                    #:::
     |                                                                    #:::
     |                                                                    #:::
     |                                                                    #:::
     |             @                                                      #:::
     |             @                                                      #:::
     |             @                                                      #:::
     |             @                                                      #:::
     |             @                                                      #:::
     |             @:::::::::::::::@:@@:@:::::@:::::::::::::::::::@::::@::#:::
     |             @::: :::: ::::::@:@ :@:::: @: ::: :: :::: :::::@::::@::#:::
     |             @::: :::: ::::::@:@ :@:::: @: ::: :: :::: :::::@::::@::#:::
     |             @::: :::: ::::::@:@ :@:::: @: ::: :: :::: :::::@::::@::#:::
     |       ::::@:@::: :::: ::::::@:@ :@:::: @: ::: :: :::: :::::@::::@::#:::
     |       ::: @ @::: :::: ::::::@:@ :@:::: @: ::: :: :::: :::::@::::@::#:::
     |       ::: @ @::: :::: ::::::@:@ :@:::: @: ::: :: :::: :::::@::::@::#:::
     |   :@::::: @ @::: :::: ::::::@:@ :@:::: @: ::: :: :::: :::::@::::@::#:::
     | :::@::::: @ @::: :::: ::::::@:@ :@:::: @: ::: :: :::: :::::@::::@::#:::
     | :::@::::: @ @::: :::: ::::::@:@ :@:::: @: ::: :: :::: :::::@::::@::#:::
   0 +----------------------------------------------------------------------->Mi
     0                                                                   796.8

Number of snapshots: 81
 Detailed snapshots: [5, 11, 13, 27, 30, 32, 38, 58, 68, 73 (peak)]

--------------------------------------------------------------------------------
  n        time(i)         total(B)   useful-heap(B) extra-heap(B)    stacks(B)
--------------------------------------------------------------------------------
  0              0                0                0             0            0
  1     14,286,634          115,776          114,214            74        1,488
  2     22,795,972          148,600          146,982            74        1,544
  3     34,542,509          148,968          146,982            74        1,912
  4     41,947,920          214,112          212,461            59        1,592
  5     53,810,061          214,072          212,518            74        1,480
99.27% (212,518B) (heap allocation functions) malloc/new/new[], --alloc-fns, etc.
->61.23% (131,072B) 0x10B2C2: void std::vector<float, std::allocator<float> >::_M_realloc_insert<float const&>(__gnu_cxx::__normal_iterator<float*, std::vector<float, std::allocator<float> > >, float const&) (in /home/noname/Documents/project_tiny/Sort_on_FPGA/Version1/01_slt/main)
| ->61.23% (131,072B) 0x10DA0A: void ReadDataToFile_DEC<float>(std::__cxx11::basic_string<char, std::char_traits<char>, std::allocator<char> > const&, std::vector<float, std::allocator<float> >&) (in /home/noname/Documents/project_tiny/Sort_on_FPGA/Version1/01_slt/main)
|   ->61.23% (131,072B) 0x10A809: main (in /home/noname/Documents/project_tiny/Sort_on_FPGA/Version1/01_slt/main)
|     
->33.96% (72,704B) 0x4914939: ??? (in /usr/lib/x86_64-linux-gnu/libstdc++.so.6.0.30)
| ->33.96% (72,704B) 0x400647D: call_init.part.0 (dl-init.c:70)
|   ->33.96% (72,704B) 0x4006567: call_init (dl-init.c:33)
|     ->33.96% (72,704B) 0x4006567: _dl_init (dl-init.c:117)
|       ->33.96% (72,704B) 0x40202C9: ??? (in /usr/lib/x86_64-linux-gnu/ld-linux-x86-64.so.2)
|         ->33.96% (72,704B) 0x2: ???
|           ->33.96% (72,704B) 0x1FFF0001C2: ???
|             ->33.96% (72,704B) 0x1FFF0001C9: ???
|               ->33.96% (72,704B) 0x1FFF0001CB: ???
|                 
->03.83% (8,192B) 0x497F023: std::basic_filebuf<char, std::char_traits<char> >::_M_allocate_internal_buffer() (in /usr/lib/x86_64-linux-gnu/libstdc++.so.6.0.30)
| ->03.83% (8,192B) 0x4983015: std::basic_filebuf<char, std::char_traits<char> >::open(char const*, std::_Ios_Openmode) (in /usr/lib/x86_64-linux-gnu/libstdc++.so.6.0.30)
|   ->03.83% (8,192B) 0x10D892: void ReadDataToFile_DEC<float>(std::__cxx11::basic_string<char, std::char_traits<char>, std::allocator<char> > const&, std::vector<float, std::allocator<float> >&) (in /home/noname/Documents/project_tiny/Sort_on_FPGA/Version1/01_slt/main)
|     ->03.83% (8,192B) 0x10A809: main (in /home/noname/Documents/project_tiny/Sort_on_FPGA/Version1/01_slt/main)
|       
->00.26% (550B) in 1+ places, all below ms_print's threshold (01.00%)

--------------------------------------------------------------------------------
  n        time(i)         total(B)   useful-heap(B) extra-heap(B)    stacks(B)
--------------------------------------------------------------------------------
  6     64,103,456          214,280          212,518            74        1,688
  7     73,254,579          214,280          212,518            74        1,688
  8     86,519,119          345,568          343,590            74        1,904
  9    100,747,980          345,576          343,590            74        1,912
 10    113,960,813          345,352          343,590            74        1,688
 11    130,976,718          345,144          343,590            74        1,480
99.55% (343,590B) (heap allocation functions) malloc/new/new[], --alloc-fns, etc.
->75.95% (262,144B) 0x10B2C2: void std::vector<float, std::allocator<float> >::_M_realloc_insert<float const&>(__gnu_cxx::__normal_iterator<float*, std::vector<float, std::allocator<float> > >, float const&) (in /home/noname/Documents/project_tiny/Sort_on_FPGA/Version1/01_slt/main)
| ->75.95% (262,144B) 0x10DA0A: void ReadDataToFile_DEC<float>(std::__cxx11::basic_string<char, std::char_traits<char>, std::allocator<char> > const&, std::vector<float, std::allocator<float> >&) (in /home/noname/Documents/project_tiny/Sort_on_FPGA/Version1/01_slt/main)
|   ->75.95% (262,144B) 0x10A809: main (in /home/noname/Documents/project_tiny/Sort_on_FPGA/Version1/01_slt/main)
|     
->21.06% (72,704B) 0x4914939: ??? (in /usr/lib/x86_64-linux-gnu/libstdc++.so.6.0.30)
| ->21.06% (72,704B) 0x400647D: call_init.part.0 (dl-init.c:70)
|   ->21.06% (72,704B) 0x4006567: call_init (dl-init.c:33)
|     ->21.06% (72,704B) 0x4006567: _dl_init (dl-init.c:117)
|       ->21.06% (72,704B) 0x40202C9: ??? (in /usr/lib/x86_64-linux-gnu/ld-linux-x86-64.so.2)
|         ->21.06% (72,704B) 0x2: ???
|           ->21.06% (72,704B) 0x1FFF0001C2: ???
|             ->21.06% (72,704B) 0x1FFF0001C9: ???
|               ->21.06% (72,704B) 0x1FFF0001CB: ???
|                 
->02.37% (8,192B) 0x497F023: std::basic_filebuf<char, std::char_traits<char> >::_M_allocate_internal_buffer() (in /usr/lib/x86_64-linux-gnu/libstdc++.so.6.0.30)
| ->02.37% (8,192B) 0x4983015: std::basic_filebuf<char, std::char_traits<char> >::open(char const*, std::_Ios_Openmode) (in /usr/lib/x86_64-linux-gnu/libstdc++.so.6.0.30)
|   ->02.37% (8,192B) 0x10D892: void ReadDataToFile_DEC<float>(std::__cxx11::basic_string<char, std::char_traits<char>, std::allocator<char> > const&, std::vector<float, std::allocator<float> >&) (in /home/noname/Documents/project_tiny/Sort_on_FPGA/Version1/01_slt/main)
|     ->02.37% (8,192B) 0x10A809: main (in /home/noname/Documents/project_tiny/Sort_on_FPGA/Version1/01_slt/main)
|       
->00.16% (550B) in 1+ places, all below ms_print's threshold (01.00%)

--------------------------------------------------------------------------------
  n        time(i)         total(B)   useful-heap(B) extra-heap(B)    stacks(B)
--------------------------------------------------------------------------------
 12    138,843,528          345,576          343,590            74        1,912
 13    152,269,785          869,296          867,821            67        1,408
99.83% (867,821B) (heap allocation functions) malloc/new/new[], --alloc-fns, etc.
->90.47% (786,432B) 0x10B2C2: void std::vector<float, std::allocator<float> >::_M_realloc_insert<float const&>(__gnu_cxx::__normal_iterator<float*, std::vector<float, std::allocator<float> > >, float const&) (in /home/noname/Documents/project_tiny/Sort_on_FPGA/Version1/01_slt/main)
| ->90.47% (786,432B) 0x10DA0A: void ReadDataToFile_DEC<float>(std::__cxx11::basic_string<char, std::char_traits<char>, std::allocator<char> > const&, std::vector<float, std::allocator<float> >&) (in /home/noname/Documents/project_tiny/Sort_on_FPGA/Version1/01_slt/main)
|   ->90.47% (786,432B) 0x10A809: main (in /home/noname/Documents/project_tiny/Sort_on_FPGA/Version1/01_slt/main)
|     
->08.36% (72,704B) 0x4914939: ??? (in /usr/lib/x86_64-linux-gnu/libstdc++.so.6.0.30)
| ->08.36% (72,704B) 0x400647D: call_init.part.0 (dl-init.c:70)
|   ->08.36% (72,704B) 0x4006567: call_init (dl-init.c:33)
|     ->08.36% (72,704B) 0x4006567: _dl_init (dl-init.c:117)
|       ->08.36% (72,704B) 0x40202C9: ??? (in /usr/lib/x86_64-linux-gnu/ld-linux-x86-64.so.2)
|         ->08.36% (72,704B) 0x2: ???
|           ->08.36% (72,704B) 0x1FFF0001C2: ???
|             ->08.36% (72,704B) 0x1FFF0001C9: ???
|               ->08.36% (72,704B) 0x1FFF0001CB: ???
|                 
->01.00% (8,685B) in 1+ places, all below ms_print's threshold (01.00%)

--------------------------------------------------------------------------------
  n        time(i)         total(B)   useful-heap(B) extra-heap(B)    stacks(B)
--------------------------------------------------------------------------------
 14    164,857,747          607,496          605,734            74        1,688
 15    177,445,174          607,720          605,734            74        1,912
 16    191,607,318          607,720          605,734            74        1,912
 17    208,916,686          607,352          605,734            74        1,544
 18    221,506,566          606,992          605,677            59        1,256
 19    237,243,760          607,496          605,734            74        1,688
 20    254,556,250          607,352          605,734            74        1,544
 21    268,719,800          607,304          605,734            74        1,496
 22    282,883,646          607,496          605,734            74        1,688
 23    295,473,218          607,352          605,734            74        1,544
 24    301,768,396          607,496          605,734            74        1,688
 25    314,357,687          611,032          606,718            66        4,248
 26    326,947,013          608,128          606,718            66        1,344
 27    339,536,301          610,416          606,718            66        3,632
99.39% (606,718B) (heap allocation functions) malloc/new/new[], --alloc-fns, etc.
->85.89% (524,288B) 0x10B2C2: void std::vector<float, std::allocator<float> >::_M_realloc_insert<float const&>(__gnu_cxx::__normal_iterator<float*, std::vector<float, std::allocator<float> > >, float const&) (in /home/noname/Documents/project_tiny/Sort_on_FPGA/Version1/01_slt/main)
| ->85.89% (524,288B) 0x10DA0A: void ReadDataToFile_DEC<float>(std::__cxx11::basic_string<char, std::char_traits<char>, std::allocator<char> > const&, std::vector<float, std::allocator<float> >&) (in /home/noname/Documents/project_tiny/Sort_on_FPGA/Version1/01_slt/main)
|   ->85.89% (524,288B) 0x10A809: main (in /home/noname/Documents/project_tiny/Sort_on_FPGA/Version1/01_slt/main)
|     
->11.91% (72,704B) 0x4914939: ??? (in /usr/lib/x86_64-linux-gnu/libstdc++.so.6.0.30)
| ->11.91% (72,704B) 0x400647D: call_init.part.0 (dl-init.c:70)
|   ->11.91% (72,704B) 0x4006567: call_init (dl-init.c:33)
|     ->11.91% (72,704B) 0x4006567: _dl_init (dl-init.c:117)
|       ->11.91% (72,704B) 0x40202C9: ??? (in /usr/lib/x86_64-linux-gnu/ld-linux-x86-64.so.2)
|         ->11.91% (72,704B) 0x2: ???
|           ->11.91% (72,704B) 0x1FFF0001C2: ???
|             ->11.91% (72,704B) 0x1FFF0001C9: ???
|               ->11.91% (72,704B) 0x1FFF0001CB: ???
|                 
->01.34% (8,192B) 0x497F023: std::basic_filebuf<char, std::char_traits<char> >::_M_allocate_internal_buffer() (in /usr/lib/x86_64-linux-gnu/libstdc++.so.6.0.30)
| ->01.34% (8,192B) 0x4983015: std::basic_filebuf<char, std::char_traits<char> >::open(char const*, std::_Ios_Openmode) (in /usr/lib/x86_64-linux-gnu/libstdc++.so.6.0.30)
|   ->01.34% (8,192B) 0x10D450: void WriteDataToFile_Dec<float>(std::vector<float, std::allocator<float> > const&, std::__cxx11::basic_string<char, std::char_traits<char>, std::allocator<char> > const&) (in /home/noname/Documents/project_tiny/Sort_on_FPGA/Version1/01_slt/main)
|   | ->01.34% (8,192B) 0x10A82E: main (in /home/noname/Documents/project_tiny/Sort_on_FPGA/Version1/01_slt/main)
|   |   
|   ->00.00% (0B) in 1+ places, all below ms_print's threshold (01.00%)
|   
->00.25% (1,534B) in 1+ places, all below ms_print's threshold (01.00%)

--------------------------------------------------------------------------------
  n        time(i)         total(B)   useful-heap(B) extra-heap(B)    stacks(B)
--------------------------------------------------------------------------------
 28    352,125,686          611,064          606,718            66        4,280
 29    364,715,171          608,400          606,718            66        1,616
 30    371,010,094          610,424          606,718            66        3,640
99.39% (606,718B) (heap allocation functions) malloc/new/new[], --alloc-fns, etc.
->85.89% (524,288B) 0x10B2C2: void std::vector<float, std::allocator<float> >::_M_realloc_insert<float const&>(__gnu_cxx::__normal_iterator<float*, std::vector<float, std::allocator<float> > >, float const&) (in /home/noname/Documents/project_tiny/Sort_on_FPGA/Version1/01_slt/main)
| ->85.89% (524,288B) 0x10DA0A: void ReadDataToFile_DEC<float>(std::__cxx11::basic_string<char, std::char_traits<char>, std::allocator<char> > const&, std::vector<float, std::allocator<float> >&) (in /home/noname/Documents/project_tiny/Sort_on_FPGA/Version1/01_slt/main)
|   ->85.89% (524,288B) 0x10A809: main (in /home/noname/Documents/project_tiny/Sort_on_FPGA/Version1/01_slt/main)
|     
->11.91% (72,704B) 0x4914939: ??? (in /usr/lib/x86_64-linux-gnu/libstdc++.so.6.0.30)
| ->11.91% (72,704B) 0x400647D: call_init.part.0 (dl-init.c:70)
|   ->11.91% (72,704B) 0x4006567: call_init (dl-init.c:33)
|     ->11.91% (72,704B) 0x4006567: _dl_init (dl-init.c:117)
|       ->11.91% (72,704B) 0x40202C9: ??? (in /usr/lib/x86_64-linux-gnu/ld-linux-x86-64.so.2)
|         ->11.91% (72,704B) 0x2: ???
|           ->11.91% (72,704B) 0x1FFF0001C2: ???
|             ->11.91% (72,704B) 0x1FFF0001C9: ???
|               ->11.91% (72,704B) 0x1FFF0001CB: ???
|                 
->01.34% (8,192B) 0x497F023: std::basic_filebuf<char, std::char_traits<char> >::_M_allocate_internal_buffer() (in /usr/lib/x86_64-linux-gnu/libstdc++.so.6.0.30)
| ->01.34% (8,192B) 0x4983015: std::basic_filebuf<char, std::char_traits<char> >::open(char const*, std::_Ios_Openmode) (in /usr/lib/x86_64-linux-gnu/libstdc++.so.6.0.30)
|   ->01.34% (8,192B) 0x10D450: void WriteDataToFile_Dec<float>(std::vector<float, std::allocator<float> > const&, std::__cxx11::basic_string<char, std::char_traits<char>, std::allocator<char> > const&) (in /home/noname/Documents/project_tiny/Sort_on_FPGA/Version1/01_slt/main)
|   | ->01.34% (8,192B) 0x10A82E: main (in /home/noname/Documents/project_tiny/Sort_on_FPGA/Version1/01_slt/main)
|   |   
|   ->00.00% (0B) in 1+ places, all below ms_print's threshold (01.00%)
|   
->00.25% (1,534B) in 1+ places, all below ms_print's threshold (01.00%)

--------------------------------------------------------------------------------
  n        time(i)         total(B)   useful-heap(B) extra-heap(B)    stacks(B)
--------------------------------------------------------------------------------
 31    389,894,083          610,920          606,718            66        4,136
 32    402,483,399          610,920          606,718            66        4,136
99.31% (606,718B) (heap allocation functions) malloc/new/new[], --alloc-fns, etc.
->85.82% (524,288B) 0x10B2C2: void std::vector<float, std::allocator<float> >::_M_realloc_insert<float const&>(__gnu_cxx::__normal_iterator<float*, std::vector<float, std::allocator<float> > >, float const&) (in /home/noname/Documents/project_tiny/Sort_on_FPGA/Version1/01_slt/main)
| ->85.82% (524,288B) 0x10DA0A: void ReadDataToFile_DEC<float>(std::__cxx11::basic_string<char, std::char_traits<char>, std::allocator<char> > const&, std::vector<float, std::allocator<float> >&) (in /home/noname/Documents/project_tiny/Sort_on_FPGA/Version1/01_slt/main)
|   ->85.82% (524,288B) 0x10A809: main (in /home/noname/Documents/project_tiny/Sort_on_FPGA/Version1/01_slt/main)
|     
->11.90% (72,704B) 0x4914939: ??? (in /usr/lib/x86_64-linux-gnu/libstdc++.so.6.0.30)
| ->11.90% (72,704B) 0x400647D: call_init.part.0 (dl-init.c:70)
|   ->11.90% (72,704B) 0x4006567: call_init (dl-init.c:33)
|     ->11.90% (72,704B) 0x4006567: _dl_init (dl-init.c:117)
|       ->11.90% (72,704B) 0x40202C9: ??? (in /usr/lib/x86_64-linux-gnu/ld-linux-x86-64.so.2)
|         ->11.90% (72,704B) 0x2: ???
|           ->11.90% (72,704B) 0x1FFF0001C2: ???
|             ->11.90% (72,704B) 0x1FFF0001C9: ???
|               ->11.90% (72,704B) 0x1FFF0001CB: ???
|                 
->01.34% (8,192B) 0x497F023: std::basic_filebuf<char, std::char_traits<char> >::_M_allocate_internal_buffer() (in /usr/lib/x86_64-linux-gnu/libstdc++.so.6.0.30)
| ->01.34% (8,192B) 0x4983015: std::basic_filebuf<char, std::char_traits<char> >::open(char const*, std::_Ios_Openmode) (in /usr/lib/x86_64-linux-gnu/libstdc++.so.6.0.30)
|   ->01.34% (8,192B) 0x10D450: void WriteDataToFile_Dec<float>(std::vector<float, std::allocator<float> > const&, std::__cxx11::basic_string<char, std::char_traits<char>, std::allocator<char> > const&) (in /home/noname/Documents/project_tiny/Sort_on_FPGA/Version1/01_slt/main)
|   | ->01.34% (8,192B) 0x10A82E: main (in /home/noname/Documents/project_tiny/Sort_on_FPGA/Version1/01_slt/main)
|   |   
|   ->00.00% (0B) in 1+ places, all below ms_print's threshold (01.00%)
|   
->00.25% (1,534B) in 1+ places, all below ms_print's threshold (01.00%)

--------------------------------------------------------------------------------
  n        time(i)         total(B)   useful-heap(B) extra-heap(B)    stacks(B)
--------------------------------------------------------------------------------
 33    411,925,436          610,424          606,718            66        3,640
 34    421,367,470          610,920          606,718            66        4,136
 35    430,809,425          610,816          606,718            66        4,032
 36    449,456,441          611,032          606,718            66        4,248
 37    465,926,097          611,000          606,718            66        4,216
 38    474,160,948          610,776          606,718            66        3,992
99.34% (606,718B) (heap allocation functions) malloc/new/new[], --alloc-fns, etc.
->85.84% (524,288B) 0x10B2C2: void std::vector<float, std::allocator<float> >::_M_realloc_insert<float const&>(__gnu_cxx::__normal_iterator<float*, std::vector<float, std::allocator<float> > >, float const&) (in /home/noname/Documents/project_tiny/Sort_on_FPGA/Version1/01_slt/main)
| ->85.84% (524,288B) 0x10DA0A: void ReadDataToFile_DEC<float>(std::__cxx11::basic_string<char, std::char_traits<char>, std::allocator<char> > const&, std::vector<float, std::allocator<float> >&) (in /home/noname/Documents/project_tiny/Sort_on_FPGA/Version1/01_slt/main)
|   ->85.84% (524,288B) 0x10A809: main (in /home/noname/Documents/project_tiny/Sort_on_FPGA/Version1/01_slt/main)
|     
->11.90% (72,704B) 0x4914939: ??? (in /usr/lib/x86_64-linux-gnu/libstdc++.so.6.0.30)
| ->11.90% (72,704B) 0x400647D: call_init.part.0 (dl-init.c:70)
|   ->11.90% (72,704B) 0x4006567: call_init (dl-init.c:33)
|     ->11.90% (72,704B) 0x4006567: _dl_init (dl-init.c:117)
|       ->11.90% (72,704B) 0x40202C9: ??? (in /usr/lib/x86_64-linux-gnu/ld-linux-x86-64.so.2)
|         ->11.90% (72,704B) 0x2: ???
|           ->11.90% (72,704B) 0x1FFF0001C2: ???
|             ->11.90% (72,704B) 0x1FFF0001C9: ???
|               ->11.90% (72,704B) 0x1FFF0001CB: ???
|                 
->01.34% (8,192B) 0x497F023: std::basic_filebuf<char, std::char_traits<char> >::_M_allocate_internal_buffer() (in /usr/lib/x86_64-linux-gnu/libstdc++.so.6.0.30)
| ->01.34% (8,192B) 0x4983015: std::basic_filebuf<char, std::char_traits<char> >::open(char const*, std::_Ios_Openmode) (in /usr/lib/x86_64-linux-gnu/libstdc++.so.6.0.30)
|   ->01.34% (8,192B) 0x10D450: void WriteDataToFile_Dec<float>(std::vector<float, std::allocator<float> > const&, std::__cxx11::basic_string<char, std::char_traits<char>, std::allocator<char> > const&) (in /home/noname/Documents/project_tiny/Sort_on_FPGA/Version1/01_slt/main)
|   | ->01.34% (8,192B) 0x10A82E: main (in /home/noname/Documents/project_tiny/Sort_on_FPGA/Version1/01_slt/main)
|   |   
|   ->00.00% (0B) in 1+ places, all below ms_print's threshold (01.00%)
|   
->00.25% (1,534B) in 1+ places, all below ms_print's threshold (01.00%)

--------------------------------------------------------------------------------
  n        time(i)         total(B)   useful-heap(B) extra-heap(B)    stacks(B)
--------------------------------------------------------------------------------
 39    486,513,252          610,424          606,718            66        3,640
 40    502,982,915          608,216          606,718            66        1,432
 41    519,452,601          610,776          606,718            66        3,992
 42    531,804,839          611,040          606,718            66        4,256
 43    548,274,519          610,416          606,718            66        3,632
 44    564,744,148          608,400          606,718            66        1,616
 45    581,213,909          608,072          606,718            66        1,288
 46    593,566,156          611,000          606,718            66        4,216
 47    610,035,915          608,400          606,718            66        1,616
 48    626,505,756          610,472          606,718            66        3,688
 49    642,975,585          611,032          606,718            66        4,248
 50    649,270,521          611,032          606,718            66        4,248
 51    655,565,637          610,472          606,718            66        3,688
 52    661,860,563          611,032          606,718            66        4,248
 53    668,155,497          611,032          606,718            66        4,248
 54    674,450,497          610,472          606,718            66        3,688
 55    680,745,440          611,000          606,718            66        4,216
 56    687,040,531          610,424          606,718            66        3,640
 57    693,335,466          610,912          606,718            66        4,128
 58    699,630,397          608,408          606,718            66        1,624
99.72% (606,718B) (heap allocation functions) malloc/new/new[], --alloc-fns, etc.
->86.17% (524,288B) 0x10B2C2: void std::vector<float, std::allocator<float> >::_M_realloc_insert<float const&>(__gnu_cxx::__normal_iterator<float*, std::vector<float, std::allocator<float> > >, float const&) (in /home/noname/Documents/project_tiny/Sort_on_FPGA/Version1/01_slt/main)
| ->86.17% (524,288B) 0x10DA0A: void ReadDataToFile_DEC<float>(std::__cxx11::basic_string<char, std::char_traits<char>, std::allocator<char> > const&, std::vector<float, std::allocator<float> >&) (in /home/noname/Documents/project_tiny/Sort_on_FPGA/Version1/01_slt/main)
|   ->86.17% (524,288B) 0x10A809: main (in /home/noname/Documents/project_tiny/Sort_on_FPGA/Version1/01_slt/main)
|     
->11.95% (72,704B) 0x4914939: ??? (in /usr/lib/x86_64-linux-gnu/libstdc++.so.6.0.30)
| ->11.95% (72,704B) 0x400647D: call_init.part.0 (dl-init.c:70)
|   ->11.95% (72,704B) 0x4006567: call_init (dl-init.c:33)
|     ->11.95% (72,704B) 0x4006567: _dl_init (dl-init.c:117)
|       ->11.95% (72,704B) 0x40202C9: ??? (in /usr/lib/x86_64-linux-gnu/ld-linux-x86-64.so.2)
|         ->11.95% (72,704B) 0x2: ???
|           ->11.95% (72,704B) 0x1FFF0001C2: ???
|             ->11.95% (72,704B) 0x1FFF0001C9: ???
|               ->11.95% (72,704B) 0x1FFF0001CB: ???
|                 
->01.35% (8,192B) 0x497F023: std::basic_filebuf<char, std::char_traits<char> >::_M_allocate_internal_buffer() (in /usr/lib/x86_64-linux-gnu/libstdc++.so.6.0.30)
| ->01.35% (8,192B) 0x4983015: std::basic_filebuf<char, std::char_traits<char> >::open(char const*, std::_Ios_Openmode) (in /usr/lib/x86_64-linux-gnu/libstdc++.so.6.0.30)
|   ->01.35% (8,192B) 0x10D450: void WriteDataToFile_Dec<float>(std::vector<float, std::allocator<float> > const&, std::__cxx11::basic_string<char, std::char_traits<char>, std::allocator<char> > const&) (in /home/noname/Documents/project_tiny/Sort_on_FPGA/Version1/01_slt/main)
|   | ->01.35% (8,192B) 0x10A82E: main (in /home/noname/Documents/project_tiny/Sort_on_FPGA/Version1/01_slt/main)
|   |   
|   ->00.00% (0B) in 1+ places, all below ms_print's threshold (01.00%)
|   
->00.25% (1,534B) in 1+ places, all below ms_print's threshold (01.00%)

--------------------------------------------------------------------------------
  n        time(i)         total(B)   useful-heap(B) extra-heap(B)    stacks(B)
--------------------------------------------------------------------------------
 59    705,925,337          611,032          606,718            66        4,248
 60    712,220,261          610,912          606,718            66        4,128
 61    718,515,193          610,920          606,718            66        4,136
 62    724,810,135          611,032          606,718            66        4,248
 63    731,105,280          610,472          606,718            66        3,688
 64    737,400,230          611,000          606,718            66        4,216
 65    743,695,157          611,040          606,718            66        4,256
 66    749,990,081          611,024          606,718            66        4,240
 67    756,285,007          608,624          606,718            66        1,840
 68    762,579,993          610,472          606,718            66        3,688
99.39% (606,718B) (heap allocation functions) malloc/new/new[], --alloc-fns, etc.
->85.88% (524,288B) 0x10B2C2: void std::vector<float, std::allocator<float> >::_M_realloc_insert<float const&>(__gnu_cxx::__normal_iterator<float*, std::vector<float, std::allocator<float> > >, float const&) (in /home/noname/Documents/project_tiny/Sort_on_FPGA/Version1/01_slt/main)
| ->85.88% (524,288B) 0x10DA0A: void ReadDataToFile_DEC<float>(std::__cxx11::basic_string<char, std::char_traits<char>, std::allocator<char> > const&, std::vector<float, std::allocator<float> >&) (in /home/noname/Documents/project_tiny/Sort_on_FPGA/Version1/01_slt/main)
|   ->85.88% (524,288B) 0x10A809: main (in /home/noname/Documents/project_tiny/Sort_on_FPGA/Version1/01_slt/main)
|     
->11.91% (72,704B) 0x4914939: ??? (in /usr/lib/x86_64-linux-gnu/libstdc++.so.6.0.30)
| ->11.91% (72,704B) 0x400647D: call_init.part.0 (dl-init.c:70)
|   ->11.91% (72,704B) 0x4006567: call_init (dl-init.c:33)
|     ->11.91% (72,704B) 0x4006567: _dl_init (dl-init.c:117)
|       ->11.91% (72,704B) 0x40202C9: ??? (in /usr/lib/x86_64-linux-gnu/ld-linux-x86-64.so.2)
|         ->11.91% (72,704B) 0x2: ???
|           ->11.91% (72,704B) 0x1FFF0001C2: ???
|             ->11.91% (72,704B) 0x1FFF0001C9: ???
|               ->11.91% (72,704B) 0x1FFF0001CB: ???
|                 
->01.34% (8,192B) 0x497F023: std::basic_filebuf<char, std::char_traits<char> >::_M_allocate_internal_buffer() (in /usr/lib/x86_64-linux-gnu/libstdc++.so.6.0.30)
| ->01.34% (8,192B) 0x4983015: std::basic_filebuf<char, std::char_traits<char> >::open(char const*, std::_Ios_Openmode) (in /usr/lib/x86_64-linux-gnu/libstdc++.so.6.0.30)
|   ->01.34% (8,192B) 0x10D450: void WriteDataToFile_Dec<float>(std::vector<float, std::allocator<float> > const&, std::__cxx11::basic_string<char, std::char_traits<char>, std::allocator<char> > const&) (in /home/noname/Documents/project_tiny/Sort_on_FPGA/Version1/01_slt/main)
|   | ->01.34% (8,192B) 0x10A82E: main (in /home/noname/Documents/project_tiny/Sort_on_FPGA/Version1/01_slt/main)
|   |   
|   ->00.00% (0B) in 1+ places, all below ms_print's threshold (01.00%)
|   
->00.25% (1,534B) in 1+ places, all below ms_print's threshold (01.00%)

--------------------------------------------------------------------------------
  n        time(i)         total(B)   useful-heap(B) extra-heap(B)    stacks(B)
--------------------------------------------------------------------------------
 69    768,874,916          608,408          606,718            66        1,624
 70    775,169,843          609,032          606,718            66        2,248
 71    781,464,774          609,032          606,718            66        2,248
 72    787,759,712          611,000          606,718            66        4,216
 73    790,871,107        1,123,144        1,122,392            48          704
99.93% (1,122,392B) (heap allocation functions) malloc/new/new[], --alloc-fns, etc.
->46.68% (524,288B) 0x10A995: main (in /home/noname/Documents/project_tiny/Sort_on_FPGA/Version1/01_slt/main)
| 
->46.68% (524,288B) 0x10B2C2: void std::vector<float, std::allocator<float> >::_M_realloc_insert<float const&>(__gnu_cxx::__normal_iterator<float*, std::vector<float, std::allocator<float> > >, float const&) (in /home/noname/Documents/project_tiny/Sort_on_FPGA/Version1/01_slt/main)
| ->46.68% (524,288B) 0x10DA0A: void ReadDataToFile_DEC<float>(std::__cxx11::basic_string<char, std::char_traits<char>, std::allocator<char> > const&, std::vector<float, std::allocator<float> >&) (in /home/noname/Documents/project_tiny/Sort_on_FPGA/Version1/01_slt/main)
|   ->46.68% (524,288B) 0x10A809: main (in /home/noname/Documents/project_tiny/Sort_on_FPGA/Version1/01_slt/main)
|     
->06.47% (72,704B) 0x4914939: ??? (in /usr/lib/x86_64-linux-gnu/libstdc++.so.6.0.30)
| ->06.47% (72,704B) 0x400647D: call_init.part.0 (dl-init.c:70)
|   ->06.47% (72,704B) 0x4006567: call_init (dl-init.c:33)
|     ->06.47% (72,704B) 0x4006567: _dl_init (dl-init.c:117)
|       ->06.47% (72,704B) 0x40202C9: ??? (in /usr/lib/x86_64-linux-gnu/ld-linux-x86-64.so.2)
|         ->06.47% (72,704B) 0x2: ???
|           ->06.47% (72,704B) 0x1FFF0001C2: ???
|             ->06.47% (72,704B) 0x1FFF0001C9: ???
|               ->06.47% (72,704B) 0x1FFF0001CB: ???
|                 
->00.10% (1,112B) in 1+ places, all below ms_print's threshold (01.00%)

--------------------------------------------------------------------------------
  n        time(i)         total(B)   useful-heap(B) extra-heap(B)    stacks(B)
--------------------------------------------------------------------------------
 74    797,369,725        1,123,336        1,122,392            48          896
 75    803,675,015        1,123,544        1,122,392            48        1,104
 76    809,973,376        1,123,464        1,122,392            48        1,024
 77    816,361,941        1,123,176        1,122,392            48          736
 78    822,656,870        1,123,512        1,122,392            48        1,072
 79    828,951,888        1,123,384        1,122,392            48          944
 80    835,495,295        1,123,104        1,122,412            68          624
