# vsim -lib ./../SSDS_UNIT/QuestaSim/work -debugDB -l ./../SSDS_UNIT/QuestaSim/tb_SS_detect_start.log -voptargs="+acc" -assertdebug -c tb_SS_detect_start -wlf ./../SSDS_UNIT/QuestaSim/tb_SS_detect_start.wlf -do "cd ./../SSDS_UNIT/QuestaSim; log -r /*; run -all;" 
# Start time: 16:46:31 on Dec 26,2025
# ** Note: (vsim-3813) Design is being optimized due to module recompilation...
# ** Note: (vsim-8611) Generating debug db.
# ** Warning: (vopt-10908) Some optimizations are turned off because the +acc switch is in effect.
# ** Note: (vsim-12126) Error and warning message counts have been restored: Errors=0, Warnings=1.
# //  Questa Intel Starter FPGA Edition-64
# //  Version 2024.3 linux_x86_64 Sep 10 2024
# //
# // Unpublished work. Copyright 2024 Siemens
# //
# // This material contains trade secrets or otherwise confidential information
# // owned by Siemens Industry Software Inc. or its affiliates (collectively,
# // "SISW"), or its licensors. Access to and use of this information is strictly
# // limited as set forth in the Customer's applicable agreements with SISW.
# //
# // This material may not be copied, distributed, or otherwise disclosed outside
# // of the Customer's facilities without the express written permission of SISW,
# // and may not be used in any way not expressly authorized by SISW.
# //
# Loading sv_std.std
# Loading work.tb_SS_detect_start(fast)
# Loading work.SS_detect_start(fast)
# Loading work.SS_detect_edge(fast)
# ** Note: (vsim-8900) Creating design debug database ./../SSDS_UNIT/QuestaSim/tb_SS_detect_start.dbg.
# cd ./../SSDS_UNIT/QuestaSim
# Cannot change directory while a simulation is in progress.
# Use the "quit -sim" command to unload the design first.
#  log -r /*
#  run -all
# ** Note: $finish    : /home/noname/Documents/project_tiny/Sort_on_FPGA/Version1/03_verif/SSDS_UNIT/tb_SS_detect_start.sv(44)
#    Time: 350 ns  Iteration: 0  Instance: /tb_SS_detect_start
# End time: 16:46:32 on Dec 26,2025, Elapsed time: 0:00:01
# Errors: 0, Warnings: 1
