xrun(64): 20.09-s001: (c) Copyright 1995-2020 Cadence Design Systems, Inc.
TOOL:	xrun(64)	20.09-s001: Started on Jan 01, 2026 at 02:44:02 EST
xrun
	+xm64bit
	-sv
	-f ./../PAMEM_UNIT/flist.f
		./../../03_verif/PAMEM_UNIT/tb_PA_mem.sv
		./../../03_verif/lib/tb_simple_dual_port_ram_single_clock.sv
		./../../02_rtl/PA_mem/PA_mem.sv
		./../../02_rtl/PA_mem/PAMEM_swap.sv
		./../../02_rtl/PA_mem/PAMEM_writedata.sv
		./../../02_rtl/PA_mem/PASW_unit.sv
		./../../02_rtl/SS_MODULE/SS_detect_edge.sv
		./../../02_rtl/SS_MODULE/SS_detect_start.sv
		./../../02_rtl/PA_mem/COMP_FPU/COMP_Exponent.sv
		./../../02_rtl/PA_mem/COMP_FPU/COMP_FPU.sv
		./../../02_rtl/PA_mem/COMP_FPU/COMP_Mantissa.sv
		./../../02_rtl/PA_mem/COMP_FPU/COMP_Sign.sv
		./../../02_rtl/PA_CAL_MEAN/BFP16_ADD/COMP_4bit.sv
		./../../02_rtl/PA_mem/PAMEM_readdata.sv
		./../../02_rtl/PA_CAL_MEAN/PACS_ADDRESS/CNT_T_FF.sv
		./../../02_rtl/PA_mem/PAMEM_address.sv
	-top tb_PA_mem
	-access +rwc
	-clean
	-log ./../PAMEM_UNIT/Xcelium/compile.log
	+nctimescale+1ns/1ps
	+ntb_random_seed=automatic
	-allowredefinition
	-v93

   User defined plus("+") options:
	+ntb_random_seed=automatic

xrun: *W,OPDEPRREN: Command Line Option (+nctimescale+1ns/1ps) is deprecated. Use (+xmtimescale+1ns/1ps) instead.
xrun: *N,CLEAN: Removing existing directory ./xcelium.d.
file: ./../../03_verif/PAMEM_UNIT/tb_PA_mem.sv
	module worklib.tb_PA_mem:sv
		errors: 0, warnings: 0
file: ./../../03_verif/lib/tb_simple_dual_port_ram_single_clock.sv
	module worklib.tb_simple_dual_port_ram_single_clock:sv
		errors: 0, warnings: 0
file: ./../../02_rtl/PA_mem/PA_mem.sv
	module worklib.PA_mem:sv
		errors: 0, warnings: 0
file: ./../../02_rtl/PA_mem/PAMEM_swap.sv
	module worklib.PAMEM_swap:sv
		errors: 0, warnings: 0
file: ./../../02_rtl/PA_mem/PAMEM_writedata.sv
	module worklib.PAMEM_writedata:sv
		errors: 0, warnings: 0
file: ./../../02_rtl/PA_mem/PASW_unit.sv
	module worklib.PASW_unit:sv
		errors: 0, warnings: 0
file: ./../../02_rtl/SS_MODULE/SS_detect_edge.sv
	module worklib.SS_detect_edge:sv
		errors: 0, warnings: 0
file: ./../../02_rtl/SS_MODULE/SS_detect_start.sv
	module worklib.SS_detect_start:sv
		errors: 0, warnings: 0
file: ./../../02_rtl/PA_mem/COMP_FPU/COMP_Exponent.sv
	module worklib.COMP_Exponent:sv
		errors: 0, warnings: 0
file: ./../../02_rtl/PA_mem/COMP_FPU/COMP_FPU.sv
	module worklib.COMP_FPU:sv
		errors: 0, warnings: 0
file: ./../../02_rtl/PA_mem/COMP_FPU/COMP_Mantissa.sv
	module worklib.COMP_Mantissa:sv
		errors: 0, warnings: 0
file: ./../../02_rtl/PA_mem/COMP_FPU/COMP_Sign.sv
	module worklib.COMP_Sign:sv
		errors: 0, warnings: 0
file: ./../../02_rtl/PA_CAL_MEAN/BFP16_ADD/COMP_4bit.sv
	module worklib.COMP_4bit:sv
		errors: 0, warnings: 0
file: ./../../02_rtl/PA_mem/PAMEM_readdata.sv
	module worklib.PAMEM_readdata:sv
		errors: 0, warnings: 0
file: ./../../02_rtl/PA_CAL_MEAN/PACS_ADDRESS/CNT_T_FF.sv
	module worklib.CNT_T_FF:sv
		errors: 0, warnings: 0
file: ./../../02_rtl/PA_mem/PAMEM_address.sv
	module worklib.PAMEM_address:sv
		errors: 0, warnings: 0
	Elaborating the design hierarchy:
		Caching library 'worklib' ....... Done
	Top level design units:
		tb_PA_mem
xmelab: *W,DSEMEL: This SystemVerilog design will be simulated as per IEEE 1800-2009 SystemVerilog simulation semantics. Use -disable_sem2009 option for turning off SV 2009 simulation semantics.
	Building instance overlay tables: .................... Done
	Generating native compiled code:
		worklib.PAMEM_writedata:sv <0x05f86e4a>
			streams:  16, words:  4964
		worklib.COMP_Mantissa:sv <0x6f2a0e2b>
			streams:  13, words:  5452
		worklib.COMP_4bit:sv <0x7b7d3efa>
			streams:   2, words:  1737
		worklib.COMP_Exponent:sv <0x7b212436>
			streams:   6, words:  2198
		worklib.COMP_Sign:sv <0x225e3c63>
			streams:   2, words:   421
		worklib.COMP_FPU:sv <0x0a81736f>
			streams:  18, words:  5568
		worklib.PASW_unit:sv <0x13ba827c>
			streams:  15, words:  5436
		worklib.PAMEM_swap:sv <0x47f51924>
			streams:  18, words:  4907
		worklib.SS_detect_edge:sv <0x02d248f6>
			streams:   4, words:   955
		worklib.PAMEM_readdata:sv <0x164cc75d>
			streams:  20, words:  6049
		worklib.CNT_T_FF:sv <0x72f5ca14>
			streams:   3, words:   921
		worklib.SS_detect_edge:sv <0x21c25ec6>
			streams:   4, words:   955
		worklib.SS_detect_start:sv <0x5eb942d8>
			streams:   4, words:  1265
		worklib.PA_mem:sv <0x174f9923>
			streams:  31, words:  8464
		worklib.tb_PA_mem:sv <0x3d1875b3>
			streams:  25, words: 11584
		worklib.PAMEM_address:sv <0x757847d4>
			streams:  48, words: 21637
		worklib.PAMEM_address:sv <0x2bd45be4>
			streams:  48, words: 21555
		worklib.tb_simple_dual_port_ram_single_clock:sv <0x09cdd645>
			streams:   8, words:  4054
	Building instance specific data structures.
	Loading native compiled code:     .................... Done
	Design hierarchy summary:
		                 Instances  Unique
		Modules:               103      16
		Registers:             367     144
		Scalar wires:          626       -
		Expanded wires:         64       4
		Vectored wires:         54       -
		Always blocks:         193      35
		Initial blocks:          4       4
		Final blocks:            1       1
		Cont. assignments:     110      23
		Pseudo assignments:    431     115
		Simulation timescale:  1ps
	Writing initial simulation snapshot: worklib.tb_PA_mem:sv
Loading snapshot worklib.tb_PA_mem:sv .................... Done
xmsim: *W,DSEM2009: This SystemVerilog design is simulated as per IEEE 1800-2009 SystemVerilog simulation semantics. Use -disable_sem2009 option for turning off SV 2009 simulation semantics.
xcelium> source /opt/cadence/XCELIUM2009/tools/xcelium/files/xmsimrc
xcelium> run
Initial load memory contents from ./../../03_verif/lib/mem_init.hex
o_pi_value =         18
Dumping memory contents to ./../../03_verif/PAMEM_UNIT/mem_dump.hex
Dumping memory contents to ./../../03_verif/PAMEM_UNIT/mem_dump.hex
Simulation complete via $finish(1) at time 11230 NS + 0
../PAMEM_UNIT/tb_PA_mem.sv:98     $finish;
xcelium> exit
TOOL:	xrun(64)	20.09-s001: Exiting on Jan 01, 2026 at 02:44:02 EST  (total: 00:00:00)
